******************************************************************************
            TI ARM Clang Linker Unix v3.2.1                    
******************************************************************************
>> Linked Sat Aug  2 15:22:38 2025

OUTPUT FILE NAME:   <fish-tank.out>
ENTRY POINT SYMBOL: "_c_int00_noargs"  address: 00004f0d


MEMORY CONFIGURATION

         name            origin    length      used     unused   attr    fill
----------------------  --------  ---------  --------  --------  ----  --------
  FLASH                 00000000   00020000  00005050  0001afb0  R  X
  SRAM                  20200000   00008000  000011fd  00006e03  RW X
  BCR_CONFIG            41c00000   00000080  00000000  00000080  R   
  BSL_CONFIG            41c00100   00000080  00000000  00000080  R   


SEGMENT ALLOCATION MAP

run origin  load origin   length   init length attrs members
----------  ----------- ---------- ----------- ----- -------
00000000    00000000    00005050   00005050    r-x
  00000000    00000000    000000c0   000000c0    r-- .intvecs
  000000c0    000000c0    00004578   00004578    r-- .rodata
  00004638    00004638    000009e0   000009e0    r-x .text
  00005018    00005018    00000038   00000038    r-- .cinit
20200000    20200000    00000ffd   00000000    rw-
  20200000    20200000    00000fe8   00000000    rw- .bss
  20200fe8    20200fe8    00000015   00000000    rw- .data
20207e00    20207e00    00000200   00000000    rw-
  20207e00    20207e00    00000200   00000000    rw- .stack


SECTION ALLOCATION MAP

 output                                  attributes/
section   page    origin      length       input sections
--------  ----  ----------  ----------   ----------------
.intvecs   0    00000000    000000c0     
                  00000000    000000c0     startup_mspm0g350x_ticlang.o (.intvecs)

.text      0    00004638    000009e0     
                  00004638    000003bc     main.o (.text.main)
                  000049f4    00000104     driverlib.a : dl_timer.o (.text.DL_Timer_initFourCCPWMMode)
                  00004af8    0000009a     libc.a : memcpy16.S.obj (.text:memcpy)
                  00004b92    00000002     startup_mspm0g350x_ticlang.o (.text.Default_Handler)
                  00004b94    00000078     main.o (.text.SPI0_IRQHandler)
                  00004c0c    00000078     libc.a : copy_decompress_lzss.c.obj (.text:decompress:lzss)
                  00004c84    0000006c     ti_msp_dl_config.o (.text.SYSCFG_DL_PWM_0_init)
                  00004cf0    00000062     libc.a : memset16.S.obj (.text:memset)
                  00004d52    00000002     libclang_rt.builtins.a : aeabi_div0.c.obj (.text.__aeabi_idiv0)
                  00004d54    00000058     ti_msp_dl_config.o (.text.SYSCFG_DL_SPI_0_init)
                  00004dac    00000044     driverlib.a : dl_spi.o (.text.DL_SPI_init)
                  00004df0    00000040     ti_msp_dl_config.o (.text.SYSCFG_DL_initPower)
                  00004e30    00000040     libclang_rt.builtins.a : aeabi_uidivmod.S.obj (.text.__aeabi_uidivmod)
                  00004e70    0000003c     libc.a : autoinit.c.obj (.text:__TI_auto_init_nobinit_nopinit)
                  00004eac    00000030     ti_msp_dl_config.o (.text.SYSCFG_DL_SYSCTL_init)
                  00004edc    00000030     ti_msp_dl_config.o (.text.SYSCFG_DL_init)
                  00004f0c    00000028     libc.a : boot_cortex_m.c.obj (.text:_c_int00_noargs)
                  00004f34    00000020     ti_msp_dl_config.o (.text.SYSCFG_DL_GPIO_init)
                  00004f54    0000001c     driverlib.a : dl_timer.o (.text.DL_Timer_setCaptCompUpdateMethod)
                  00004f70    0000001c                 : dl_timer.o (.text.DL_Timer_setClockConfig)
                  00004f8c    00000018                 : dl_timer.o (.text.DL_Timer_setCaptureCompareOutCtl)
                  00004fa4    00000012                 : dl_spi.o (.text.DL_SPI_setClockConfig)
                  00004fb6    00000012     libc.a : copy_decompress_none.c.obj (.text:decompress:none)
                  00004fc8    00000010     driverlib.a : dl_timer.o (.text.DL_Timer_setCaptureCompareValue)
                  00004fd8    00000010     libc.a : copy_zero_init.c.obj (.text:decompress:ZI)
                  00004fe8    0000000c     libclang_rt.builtins.a : aeabi_memset.S.obj (.text.__aeabi_memclr)
                  00004ff4    0000000a     driverlib.a : dl_common.o (.text.DL_Common_delayCycles)
                  00004ffe    00000002     --HOLE-- [fill = 0]
                  00005000    00000008     libclang_rt.builtins.a : aeabi_memcpy.S.obj (.text.__aeabi_memcpy)
                  00005008    00000004     startup_mspm0g350x_ticlang.o (.text.Reset_Handler)
                  0000500c    00000004     libc.a : pre_init.c.obj (.text._system_pre_init)
                  00005010    00000004            : exit.c.obj (.text:abort)
                  00005014    00000004     --HOLE-- [fill = 0]

.cinit     0    00005018    00000038     
                  00005018    0000000d     (.cinit..data.load) [load image, compression = lzss]
                  00005025    00000003     --HOLE-- [fill = 0]
                  00005028    0000000c     (__TI_handler_table)
                  00005034    00000008     (.cinit..bss.load) [load image, compression = zero_init]
                  0000503c    00000010     (__TI_cinit_table)
                  0000504c    00000004     --HOLE-- [fill = 0]

.rodata    0    000000c0    00004578     
                  000000c0    00000300     main.o (.rodata.FISH_SLEEP_0)
                  000003c0    00000300     main.o (.rodata.FISH_SLEEP_10)
                  000006c0    00000300     main.o (.rodata.FISH_SLEEP_11)
                  000009c0    00000300     main.o (.rodata.FISH_SLEEP_12)
                  00000cc0    00000300     main.o (.rodata.FISH_SLEEP_13)
                  00000fc0    00000300     main.o (.rodata.FISH_SLEEP_14)
                  000012c0    00000300     main.o (.rodata.FISH_SLEEP_15)
                  000015c0    00000300     main.o (.rodata.FISH_SLEEP_16)
                  000018c0    00000300     main.o (.rodata.FISH_SLEEP_17)
                  00001bc0    00000300     main.o (.rodata.FISH_SLEEP_18)
                  00001ec0    00000300     main.o (.rodata.FISH_SLEEP_19)
                  000021c0    00000300     main.o (.rodata.FISH_SLEEP_1)
                  000024c0    00000300     main.o (.rodata.FISH_SLEEP_20)
                  000027c0    00000300     main.o (.rodata.FISH_SLEEP_21)
                  00002ac0    00000300     main.o (.rodata.FISH_SLEEP_22)
                  00002dc0    00000300     main.o (.rodata.FISH_SLEEP_2)
                  000030c0    00000300     main.o (.rodata.FISH_SLEEP_3)
                  000033c0    00000300     main.o (.rodata.FISH_SLEEP_4)
                  000036c0    00000300     main.o (.rodata.FISH_SLEEP_5)
                  000039c0    00000300     main.o (.rodata.FISH_SLEEP_6)
                  00003cc0    00000300     main.o (.rodata.FISH_SLEEP_7)
                  00003fc0    00000300     main.o (.rodata.FISH_SLEEP_8)
                  000042c0    00000300     main.o (.rodata.FISH_SLEEP_9)
                  000045c0    0000005c     main.o (.rodata.FISH_SLEEP_FRAMES)
                  0000461c    0000000a     ti_msp_dl_config.o (.rodata.gSPI_0_config)
                  00004626    00000002     ti_msp_dl_config.o (.rodata.gSPI_0_clockConfig)
                  00004628    00000008     ti_msp_dl_config.o (.rodata.gPWM_0Config)
                  00004630    00000003     ti_msp_dl_config.o (.rodata.gPWM_0ClockConfig)
                  00004633    00000005     --HOLE-- [fill = 0]

.init_array 
*          0    00000000    00000000     UNINITIALIZED

.binit     0    00000000    00000000     

.bss       0    20200000    00000fe8     UNINITIALIZED
                  20200000    00000900     main.o (.bss.frame_encoded)
                  20200900    00000300     main.o (.bss.ENC)
                  20200c00    00000300     main.o (.bss.image_grb)
                  20200f00    000000bc     (.common:gPWM_0Backup)
                  20200fbc    00000028     (.common:gSPI_0Backup)
                  20200fe4    00000004     (.common:txPacket)

.data      0    20200fe8    00000015     UNINITIALIZED
                  20200fe8    00000004     main.o (.data.idx)
                  20200fec    00000004     main.o (.data.message_len)
                  20200ff0    00000004     main.o (.data.n_repeats)
                  20200ff4    00000004     main.o (.data.repeat)
                  20200ff8    00000004     main.o (.data.transmissionComplete)
                  20200ffc    00000001     main.o (.data.g_brightness)

.stack     0    20207e00    00000200     UNINITIALIZED
                  20207e00    00000004     libc.a : boot_cortex_m.c.obj (.stack)
                  20207e04    000001fc     --HOLE--

__llvm_prf_cnts 
*          0    20200000    00000000     UNINITIALIZED

__llvm_prf_bits 
*          0    20200000    00000000     UNINITIALIZED

MODULE SUMMARY

       Module                         code   ro data   rw data
       ------                         ----   -------   -------
    ./
       main.o                         1076   17756     3865   
       ti_msp_dl_config.o             388    23        228    
       startup_mspm0g350x_ticlang.o   6      192       0      
    +--+------------------------------+------+---------+---------+
       Total:                         1470   17971     4093   
                                                              
    /Applications/ti/ccs1281/ccs/tools/compiler/ti-cgt-armllvm_3.2.1.LTS/lib/armv6m-ti-none-eabi/c/libc.a
       memcpy16.S.obj                 154    0         0      
       copy_decompress_lzss.c.obj     120    0         0      
       memset16.S.obj                 98     0         0      
       autoinit.c.obj                 60     0         0      
       boot_cortex_m.c.obj            40     0         0      
       copy_decompress_none.c.obj     18     0         0      
       copy_zero_init.c.obj           16     0         0      
       exit.c.obj                     4      0         0      
       pre_init.c.obj                 4      0         0      
    +--+------------------------------+------+---------+---------+
       Total:                         514    0         0      
                                                              
    /Applications/ti/ccs1281/ccs/tools/compiler/ti-cgt-armllvm_3.2.1.LTS/lib/clang/15.0.7/lib/armv6m-ti-none-eabi/libclang_rt.builtins.a
       aeabi_uidivmod.S.obj           64     0         0      
       aeabi_memset.S.obj             12     0         0      
       aeabi_memcpy.S.obj             8      0         0      
       aeabi_div0.c.obj               2      0         0      
    +--+------------------------------+------+---------+---------+
       Total:                         86     0         0      
                                                              
    /Users/reneewrysinski/ti/mspm0_sdk_2_03_00_07/source/ti/driverlib/lib/ticlang/m0p/mspm0g1x0x_g3x0x/driverlib.a
       dl_timer.o                     356    0         0      
       dl_spi.o                       86     0         0      
       dl_common.o                    10     0         0      
    +--+------------------------------+------+---------+---------+
       Total:                         452    0         0      
                                                              
       Stack:                         0      0         512    
       Linker Generated:              0      49        0      
    +--+------------------------------+------+---------+---------+
       Grand Total:                   2522   18020     4605   


LINKER GENERATED COPY TABLES

__TI_cinit_table @ 0000503c records: 2, size/record: 8, table size: 16
	.data: load addr=00005018, load size=0000000d bytes, run addr=20200fe8, run size=00000015 bytes, compression=lzss
	.bss: load addr=00005034, load size=00000008 bytes, run addr=20200000, run size=00000fe8 bytes, compression=zero_init


LINKER GENERATED HANDLER TABLE

__TI_handler_table @ 00005028 records: 3, size/record: 4, table size: 12
	index: 0, handler: __TI_decompress_lzss
	index: 1, handler: __TI_decompress_none
	index: 2, handler: __TI_zero_init


GLOBAL SYMBOLS: SORTED ALPHABETICALLY BY Name 

address   name                            
-------   ----                            
00004b93  ADC0_IRQHandler                 
00004b93  ADC1_IRQHandler                 
00004b93  AES_IRQHandler                  
00005010  C$$EXIT                         
00004b93  CANFD0_IRQHandler               
00004b93  DAC0_IRQHandler                 
00004ff5  DL_Common_delayCycles           
00004dad  DL_SPI_init                     
00004fa5  DL_SPI_setClockConfig           
000049f5  DL_Timer_initFourCCPWMMode      
00004f55  DL_Timer_setCaptCompUpdateMethod
00004f8d  DL_Timer_setCaptureCompareOutCtl
00004fc9  DL_Timer_setCaptureCompareValue 
00004f71  DL_Timer_setClockConfig         
00004b93  DMA_IRQHandler                  
00004b93  Default_Handler                 
00004b93  GROUP0_IRQHandler               
00004b93  GROUP1_IRQHandler               
00004b93  HardFault_Handler               
00004b93  I2C0_IRQHandler                 
00004b93  I2C1_IRQHandler                 
00004b93  NMI_Handler                     
00004b93  PendSV_Handler                  
00004b93  RTC_IRQHandler                  
00005009  Reset_Handler                   
00004b95  SPI0_IRQHandler                 
00004b93  SPI1_IRQHandler                 
00004b93  SVC_Handler                     
00004f35  SYSCFG_DL_GPIO_init             
00004c85  SYSCFG_DL_PWM_0_init            
00004d55  SYSCFG_DL_SPI_0_init            
00004ead  SYSCFG_DL_SYSCTL_init           
00004edd  SYSCFG_DL_init                  
00004df1  SYSCFG_DL_initPower             
00004b93  SysTick_Handler                 
00004b93  TIMA0_IRQHandler                
00004b93  TIMA1_IRQHandler                
00004b93  TIMG0_IRQHandler                
00004b93  TIMG12_IRQHandler               
00004b93  TIMG6_IRQHandler                
00004b93  TIMG7_IRQHandler                
00004b93  TIMG8_IRQHandler                
00004b93  UART0_IRQHandler                
00004b93  UART1_IRQHandler                
00004b93  UART2_IRQHandler                
00004b93  UART3_IRQHandler                
20208000  __STACK_END                     
00000200  __STACK_SIZE                    
00000000  __TI_ATRegion0_region_sz        
00000000  __TI_ATRegion0_src_addr         
00000000  __TI_ATRegion0_trg_addr         
00000000  __TI_ATRegion1_region_sz        
00000000  __TI_ATRegion1_src_addr         
00000000  __TI_ATRegion1_trg_addr         
00000000  __TI_ATRegion2_region_sz        
00000000  __TI_ATRegion2_src_addr         
00000000  __TI_ATRegion2_trg_addr         
0000503c  __TI_CINIT_Base                 
0000504c  __TI_CINIT_Limit                
0000504c  __TI_CINIT_Warm                 
00005028  __TI_Handler_Table_Base         
00005034  __TI_Handler_Table_Limit        
00004e71  __TI_auto_init_nobinit_nopinit  
00004c0d  __TI_decompress_lzss            
00004fb7  __TI_decompress_none            
ffffffff  __TI_pprof_out_hndl             
ffffffff  __TI_prof_data_size             
ffffffff  __TI_prof_data_start            
00000000  __TI_static_base__              
00004fd9  __TI_zero_init                  
00004d53  __aeabi_idiv0                   
00004fe9  __aeabi_memclr                  
00004fe9  __aeabi_memclr4                 
00004fe9  __aeabi_memclr8                 
00005001  __aeabi_memcpy                  
00005001  __aeabi_memcpy4                 
00005001  __aeabi_memcpy8                 
00004e31  __aeabi_uidiv                   
00004e31  __aeabi_uidivmod                
ffffffff  __binit__                       
UNDEFED   __mpu_init                      
20207e00  __stack                         
20200000  __start___llvm_prf_bits         
20200000  __start___llvm_prf_cnts         
20200000  __stop___llvm_prf_bits          
20200000  __stop___llvm_prf_cnts          
00004f0d  _c_int00_noargs                 
UNDEFED   _system_post_cinit              
0000500d  _system_pre_init                
00005011  abort                           
ffffffff  binit                           
20200f00  gPWM_0Backup                    
20200fbc  gSPI_0Backup                    
20200fe8  idx                             
00000000  interruptVectors                
00004639  main                            
00004af9  memcpy                          
00004cf1  memset                          
20200fec  message_len                     
20200ff0  n_repeats                       
20200ff4  repeat                          
20200ff8  transmissionComplete            
20200fe4  txPacket                        


GLOBAL SYMBOLS: SORTED BY Symbol Address 

address   name                            
-------   ----                            
00000000  __TI_ATRegion0_region_sz        
00000000  __TI_ATRegion0_src_addr         
00000000  __TI_ATRegion0_trg_addr         
00000000  __TI_ATRegion1_region_sz        
00000000  __TI_ATRegion1_src_addr         
00000000  __TI_ATRegion1_trg_addr         
00000000  __TI_ATRegion2_region_sz        
00000000  __TI_ATRegion2_src_addr         
00000000  __TI_ATRegion2_trg_addr         
00000000  __TI_static_base__              
00000000  interruptVectors                
00000200  __STACK_SIZE                    
00004639  main                            
000049f5  DL_Timer_initFourCCPWMMode      
00004af9  memcpy                          
00004b93  ADC0_IRQHandler                 
00004b93  ADC1_IRQHandler                 
00004b93  AES_IRQHandler                  
00004b93  CANFD0_IRQHandler               
00004b93  DAC0_IRQHandler                 
00004b93  DMA_IRQHandler                  
00004b93  Default_Handler                 
00004b93  GROUP0_IRQHandler               
00004b93  GROUP1_IRQHandler               
00004b93  HardFault_Handler               
00004b93  I2C0_IRQHandler                 
00004b93  I2C1_IRQHandler                 
00004b93  NMI_Handler                     
00004b93  PendSV_Handler                  
00004b93  RTC_IRQHandler                  
00004b93  SPI1_IRQHandler                 
00004b93  SVC_Handler                     
00004b93  SysTick_Handler                 
00004b93  TIMA0_IRQHandler                
00004b93  TIMA1_IRQHandler                
00004b93  TIMG0_IRQHandler                
00004b93  TIMG12_IRQHandler               
00004b93  TIMG6_IRQHandler                
00004b93  TIMG7_IRQHandler                
00004b93  TIMG8_IRQHandler                
00004b93  UART0_IRQHandler                
00004b93  UART1_IRQHandler                
00004b93  UART2_IRQHandler                
00004b93  UART3_IRQHandler                
00004b95  SPI0_IRQHandler                 
00004c0d  __TI_decompress_lzss            
00004c85  SYSCFG_DL_PWM_0_init            
00004cf1  memset                          
00004d53  __aeabi_idiv0                   
00004d55  SYSCFG_DL_SPI_0_init            
00004dad  DL_SPI_init                     
00004df1  SYSCFG_DL_initPower             
00004e31  __aeabi_uidiv                   
00004e31  __aeabi_uidivmod                
00004e71  __TI_auto_init_nobinit_nopinit  
00004ead  SYSCFG_DL_SYSCTL_init           
00004edd  SYSCFG_DL_init                  
00004f0d  _c_int00_noargs                 
00004f35  SYSCFG_DL_GPIO_init             
00004f55  DL_Timer_setCaptCompUpdateMethod
00004f71  DL_Timer_setClockConfig         
00004f8d  DL_Timer_setCaptureCompareOutCtl
00004fa5  DL_SPI_setClockConfig           
00004fb7  __TI_decompress_none            
00004fc9  DL_Timer_setCaptureCompareValue 
00004fd9  __TI_zero_init                  
00004fe9  __aeabi_memclr                  
00004fe9  __aeabi_memclr4                 
00004fe9  __aeabi_memclr8                 
00004ff5  DL_Common_delayCycles           
00005001  __aeabi_memcpy                  
00005001  __aeabi_memcpy4                 
00005001  __aeabi_memcpy8                 
00005009  Reset_Handler                   
0000500d  _system_pre_init                
00005010  C$$EXIT                         
00005011  abort                           
00005028  __TI_Handler_Table_Base         
00005034  __TI_Handler_Table_Limit        
0000503c  __TI_CINIT_Base                 
0000504c  __TI_CINIT_Limit                
0000504c  __TI_CINIT_Warm                 
20200000  __start___llvm_prf_bits         
20200000  __start___llvm_prf_cnts         
20200000  __stop___llvm_prf_bits          
20200000  __stop___llvm_prf_cnts          
20200f00  gPWM_0Backup                    
20200fbc  gSPI_0Backup                    
20200fe4  txPacket                        
20200fe8  idx                             
20200fec  message_len                     
20200ff0  n_repeats                       
20200ff4  repeat                          
20200ff8  transmissionComplete            
20207e00  __stack                         
20208000  __STACK_END                     
ffffffff  __TI_pprof_out_hndl             
ffffffff  __TI_prof_data_size             
ffffffff  __TI_prof_data_start            
ffffffff  __binit__                       
ffffffff  binit                           
UNDEFED   __mpu_init                      
UNDEFED   _system_post_cinit              

[103 symbols]
