<?xml version="1.0" encoding="ISO-8859-1" ?>
<link_info>
   <banner>TI ARM Clang Linker Unix v3.2.1.LTS</banner>
   <copyright>Copyright (c) 1996-2018 Texas Instruments Incorporated</copyright>
   <link_time>0x688e8fae</link_time>
   <link_errors>0x0</link_errors>
   <output_file>/Users/reneewrysinski/Documents/GitHub/fish-tank/Debug/fish-tank.out</output_file>
   <entry_point>
      <name>_c_int00_noargs</name>
      <address>0x4f0d</address>
   </entry_point>
   <input_file_list>
      <input_file id="fl-1">
         <path>/Users/reneewrysinski/Documents/GitHub/fish-tank/Debug/./</path>
         <kind>object</kind>
         <file>main.o</file>
         <name>main.o</name>
      </input_file>
      <input_file id="fl-2">
         <path>/Users/reneewrysinski/Documents/GitHub/fish-tank/Debug/./</path>
         <kind>object</kind>
         <file>ti_msp_dl_config.o</file>
         <name>ti_msp_dl_config.o</name>
      </input_file>
      <input_file id="fl-3">
         <path>/Users/reneewrysinski/Documents/GitHub/fish-tank/Debug/./</path>
         <kind>object</kind>
         <file>startup_mspm0g350x_ticlang.o</file>
         <name>startup_mspm0g350x_ticlang.o</name>
      </input_file>
      <input_file id="fl-10">
         <path>/Users/reneewrysinski/Documents/GitHub/fish-tank/Debug/</path>
         <kind>object</kind>
         <file>&lt;internal&gt;</file>
         <name>&lt;internal&gt;</name>
      </input_file>
      <input_file id="fl-11">
         <path>/Users/reneewrysinski/ti/mspm0_sdk_2_03_00_07/source/ti/driverlib/lib/ticlang/m0p/mspm0g1x0x_g3x0x/</path>
         <kind>archive</kind>
         <file>driverlib.a</file>
         <name>dl_common.o</name>
      </input_file>
      <input_file id="fl-12">
         <path>/Users/reneewrysinski/ti/mspm0_sdk_2_03_00_07/source/ti/driverlib/lib/ticlang/m0p/mspm0g1x0x_g3x0x/</path>
         <kind>archive</kind>
         <file>driverlib.a</file>
         <name>dl_spi.o</name>
      </input_file>
      <input_file id="fl-13">
         <path>/Users/reneewrysinski/ti/mspm0_sdk_2_03_00_07/source/ti/driverlib/lib/ticlang/m0p/mspm0g1x0x_g3x0x/</path>
         <kind>archive</kind>
         <file>driverlib.a</file>
         <name>dl_timer.o</name>
      </input_file>
      <input_file id="fl-22">
         <path>/Applications/ti/ccs1281/ccs/tools/compiler/ti-cgt-armllvm_3.2.1.LTS/lib/armv6m-ti-none-eabi/c/</path>
         <kind>archive</kind>
         <file>libc.a</file>
         <name>boot_cortex_m.c.obj</name>
      </input_file>
      <input_file id="fl-23">
         <path>/Applications/ti/ccs1281/ccs/tools/compiler/ti-cgt-armllvm_3.2.1.LTS/lib/armv6m-ti-none-eabi/c/</path>
         <kind>archive</kind>
         <file>libc.a</file>
         <name>mathacl_init.c.obj</name>
      </input_file>
      <input_file id="fl-24">
         <path>/Applications/ti/ccs1281/ccs/tools/compiler/ti-cgt-armllvm_3.2.1.LTS/lib/armv6m-ti-none-eabi/c/</path>
         <kind>archive</kind>
         <file>libc.a</file>
         <name>autoinit.c.obj</name>
      </input_file>
      <input_file id="fl-25">
         <path>/Applications/ti/ccs1281/ccs/tools/compiler/ti-cgt-armllvm_3.2.1.LTS/lib/armv6m-ti-none-eabi/c/</path>
         <kind>archive</kind>
         <file>libc.a</file>
         <name>pre_init.c.obj</name>
      </input_file>
      <input_file id="fl-26">
         <path>/Applications/ti/ccs1281/ccs/tools/compiler/ti-cgt-armllvm_3.2.1.LTS/lib/armv6m-ti-none-eabi/c/</path>
         <kind>archive</kind>
         <file>libc.a</file>
         <name>cpy_tbl.c.obj</name>
      </input_file>
      <input_file id="fl-27">
         <path>/Applications/ti/ccs1281/ccs/tools/compiler/ti-cgt-armllvm_3.2.1.LTS/lib/armv6m-ti-none-eabi/c/</path>
         <kind>archive</kind>
         <file>libc.a</file>
         <name>copy_zero_init.c.obj</name>
      </input_file>
      <input_file id="fl-28">
         <path>/Applications/ti/ccs1281/ccs/tools/compiler/ti-cgt-armllvm_3.2.1.LTS/lib/armv6m-ti-none-eabi/c/</path>
         <kind>archive</kind>
         <file>libc.a</file>
         <name>copy_decompress_none.c.obj</name>
      </input_file>
      <input_file id="fl-29">
         <path>/Applications/ti/ccs1281/ccs/tools/compiler/ti-cgt-armllvm_3.2.1.LTS/lib/armv6m-ti-none-eabi/c/</path>
         <kind>archive</kind>
         <file>libc.a</file>
         <name>copy_decompress_lzss.c.obj</name>
      </input_file>
      <input_file id="fl-2a">
         <path>/Applications/ti/ccs1281/ccs/tools/compiler/ti-cgt-armllvm_3.2.1.LTS/lib/armv6m-ti-none-eabi/c/</path>
         <kind>archive</kind>
         <file>libc.a</file>
         <name>exit.c.obj</name>
      </input_file>
      <input_file id="fl-2b">
         <path>/Applications/ti/ccs1281/ccs/tools/compiler/ti-cgt-armllvm_3.2.1.LTS/lib/armv6m-ti-none-eabi/c/</path>
         <kind>archive</kind>
         <file>libc.a</file>
         <name>_lock.c.obj</name>
      </input_file>
      <input_file id="fl-2c">
         <path>/Applications/ti/ccs1281/ccs/tools/compiler/ti-cgt-armllvm_3.2.1.LTS/lib/armv6m-ti-none-eabi/c/</path>
         <kind>archive</kind>
         <file>libc.a</file>
         <name>args_main.c.obj</name>
      </input_file>
      <input_file id="fl-92">
         <path>/Applications/ti/ccs1281/ccs/tools/compiler/ti-cgt-armllvm_3.2.1.LTS/lib/clang/15.0.7/lib/armv6m-ti-none-eabi/</path>
         <kind>archive</kind>
         <file>libclang_rt.builtins.a</file>
         <name>aeabi_memcpy.S.obj</name>
      </input_file>
      <input_file id="fl-93">
         <path>/Applications/ti/ccs1281/ccs/tools/compiler/ti-cgt-armllvm_3.2.1.LTS/lib/clang/15.0.7/lib/armv6m-ti-none-eabi/</path>
         <kind>archive</kind>
         <file>libclang_rt.builtins.a</file>
         <name>aeabi_memset.S.obj</name>
      </input_file>
      <input_file id="fl-94">
         <path>/Applications/ti/ccs1281/ccs/tools/compiler/ti-cgt-armllvm_3.2.1.LTS/lib/clang/15.0.7/lib/armv6m-ti-none-eabi/</path>
         <kind>archive</kind>
         <file>libclang_rt.builtins.a</file>
         <name>aeabi_uidivmod.S.obj</name>
      </input_file>
      <input_file id="fl-95">
         <path>/Applications/ti/ccs1281/ccs/tools/compiler/ti-cgt-armllvm_3.2.1.LTS/lib/clang/15.0.7/lib/armv6m-ti-none-eabi/</path>
         <kind>archive</kind>
         <file>libclang_rt.builtins.a</file>
         <name>aeabi_div0.c.obj</name>
      </input_file>
      <input_file id="fl-96">
         <path>/Applications/ti/ccs1281/ccs/tools/compiler/ti-cgt-armllvm_3.2.1.LTS/lib/armv6m-ti-none-eabi/c/</path>
         <kind>archive</kind>
         <file>libc.a</file>
         <name>memcpy16.S.obj</name>
      </input_file>
      <input_file id="fl-97">
         <path>/Applications/ti/ccs1281/ccs/tools/compiler/ti-cgt-armllvm_3.2.1.LTS/lib/armv6m-ti-none-eabi/c/</path>
         <kind>archive</kind>
         <file>libc.a</file>
         <name>memset16.S.obj</name>
      </input_file>
   </input_file_list>
   <object_component_list>
      <object_component id="oc-18">
         <name>.intvecs</name>
         <load_address>0x0</load_address>
         <readonly>true</readonly>
         <run_address>0x0</run_address>
         <size>0xc0</size>
         <alignment>0x4</alignment>
         <input_file_ref idref="fl-3"/>
      </object_component>
      <object_component id="oc-71">
         <name>.text.main</name>
         <load_address>0x4638</load_address>
         <readonly>true</readonly>
         <executable>true</executable>
         <run_address>0x4638</run_address>
         <size>0x3bc</size>
         <alignment>0x4</alignment>
         <input_file_ref idref="fl-1"/>
      </object_component>
      <object_component id="oc-f5">
         <name>.text.DL_Timer_initFourCCPWMMode</name>
         <load_address>0x49f4</load_address>
         <readonly>true</readonly>
         <executable>true</executable>
         <run_address>0x49f4</run_address>
         <size>0x104</size>
         <alignment>0x4</alignment>
         <input_file_ref idref="fl-13"/>
      </object_component>
      <object_component id="oc-81">
         <name>.text:memcpy</name>
         <load_address>0x4af8</load_address>
         <readonly>true</readonly>
         <executable>true</executable>
         <run_address>0x4af8</run_address>
         <size>0x9a</size>
         <alignment>0x1</alignment>
         <input_file_ref idref="fl-96"/>
      </object_component>
      <object_component id="oc-33">
         <name>.text.Default_Handler</name>
         <load_address>0x4b92</load_address>
         <readonly>true</readonly>
         <executable>true</executable>
         <run_address>0x4b92</run_address>
         <size>0x2</size>
         <alignment>0x2</alignment>
         <input_file_ref idref="fl-3"/>
      </object_component>
      <object_component id="oc-34">
         <name>.text.SPI0_IRQHandler</name>
         <load_address>0x4b94</load_address>
         <readonly>true</readonly>
         <executable>true</executable>
         <run_address>0x4b94</run_address>
         <size>0x78</size>
         <alignment>0x4</alignment>
         <input_file_ref idref="fl-1"/>
      </object_component>
      <object_component id="oc-1c">
         <name>.text:decompress:lzss</name>
         <load_address>0x4c0c</load_address>
         <readonly>true</readonly>
         <executable>true</executable>
         <run_address>0x4c0c</run_address>
         <size>0x78</size>
         <alignment>0x4</alignment>
         <input_file_ref idref="fl-29"/>
      </object_component>
      <object_component id="oc-bc">
         <name>.text.SYSCFG_DL_PWM_0_init</name>
         <load_address>0x4c84</load_address>
         <readonly>true</readonly>
         <executable>true</executable>
         <run_address>0x4c84</run_address>
         <size>0x6c</size>
         <alignment>0x4</alignment>
         <input_file_ref idref="fl-2"/>
      </object_component>
      <object_component id="oc-b7">
         <name>.text:memset</name>
         <load_address>0x4cf0</load_address>
         <readonly>true</readonly>
         <executable>true</executable>
         <run_address>0x4cf0</run_address>
         <size>0x62</size>
         <alignment>0x1</alignment>
         <input_file_ref idref="fl-97"/>
      </object_component>
      <object_component id="oc-c5">
         <name>.text.__aeabi_idiv0</name>
         <load_address>0x4d52</load_address>
         <readonly>true</readonly>
         <executable>true</executable>
         <run_address>0x4d52</run_address>
         <size>0x2</size>
         <alignment>0x2</alignment>
         <input_file_ref idref="fl-95"/>
      </object_component>
      <object_component id="oc-bd">
         <name>.text.SYSCFG_DL_SPI_0_init</name>
         <load_address>0x4d54</load_address>
         <readonly>true</readonly>
         <executable>true</executable>
         <run_address>0x4d54</run_address>
         <size>0x58</size>
         <alignment>0x4</alignment>
         <input_file_ref idref="fl-2"/>
      </object_component>
      <object_component id="oc-101">
         <name>.text.DL_SPI_init</name>
         <load_address>0x4dac</load_address>
         <readonly>true</readonly>
         <executable>true</executable>
         <run_address>0x4dac</run_address>
         <size>0x44</size>
         <alignment>0x4</alignment>
         <input_file_ref idref="fl-12"/>
      </object_component>
      <object_component id="oc-b8">
         <name>.text.SYSCFG_DL_initPower</name>
         <load_address>0x4df0</load_address>
         <readonly>true</readonly>
         <executable>true</executable>
         <run_address>0x4df0</run_address>
         <size>0x40</size>
         <alignment>0x4</alignment>
         <input_file_ref idref="fl-2"/>
      </object_component>
      <object_component id="oc-8f">
         <name>.text.__aeabi_uidivmod</name>
         <load_address>0x4e30</load_address>
         <readonly>true</readonly>
         <executable>true</executable>
         <run_address>0x4e30</run_address>
         <size>0x40</size>
         <alignment>0x4</alignment>
         <input_file_ref idref="fl-94"/>
      </object_component>
      <object_component id="oc-9f">
         <name>.text:__TI_auto_init_nobinit_nopinit</name>
         <load_address>0x4e70</load_address>
         <readonly>true</readonly>
         <executable>true</executable>
         <run_address>0x4e70</run_address>
         <size>0x3c</size>
         <alignment>0x4</alignment>
         <input_file_ref idref="fl-24"/>
      </object_component>
      <object_component id="oc-ba">
         <name>.text.SYSCFG_DL_SYSCTL_init</name>
         <load_address>0x4eac</load_address>
         <readonly>true</readonly>
         <executable>true</executable>
         <run_address>0x4eac</run_address>
         <size>0x30</size>
         <alignment>0x4</alignment>
         <input_file_ref idref="fl-2"/>
      </object_component>
      <object_component id="oc-86">
         <name>.text.SYSCFG_DL_init</name>
         <load_address>0x4edc</load_address>
         <readonly>true</readonly>
         <executable>true</executable>
         <run_address>0x4edc</run_address>
         <size>0x30</size>
         <alignment>0x4</alignment>
         <input_file_ref idref="fl-2"/>
      </object_component>
      <object_component id="oc-54">
         <name>.text:_c_int00_noargs</name>
         <load_address>0x4f0c</load_address>
         <readonly>true</readonly>
         <executable>true</executable>
         <run_address>0x4f0c</run_address>
         <size>0x28</size>
         <alignment>0x4</alignment>
         <input_file_ref idref="fl-22"/>
      </object_component>
      <object_component id="oc-b9">
         <name>.text.SYSCFG_DL_GPIO_init</name>
         <load_address>0x4f34</load_address>
         <readonly>true</readonly>
         <executable>true</executable>
         <run_address>0x4f34</run_address>
         <size>0x20</size>
         <alignment>0x4</alignment>
         <input_file_ref idref="fl-2"/>
      </object_component>
      <object_component id="oc-f7">
         <name>.text.DL_Timer_setCaptCompUpdateMethod</name>
         <load_address>0x4f54</load_address>
         <readonly>true</readonly>
         <executable>true</executable>
         <run_address>0x4f54</run_address>
         <size>0x1c</size>
         <alignment>0x4</alignment>
         <input_file_ref idref="fl-13"/>
      </object_component>
      <object_component id="oc-ef">
         <name>.text.DL_Timer_setClockConfig</name>
         <load_address>0x4f70</load_address>
         <readonly>true</readonly>
         <executable>true</executable>
         <run_address>0x4f70</run_address>
         <size>0x1c</size>
         <alignment>0x4</alignment>
         <input_file_ref idref="fl-13"/>
      </object_component>
      <object_component id="oc-f6">
         <name>.text.DL_Timer_setCaptureCompareOutCtl</name>
         <load_address>0x4f8c</load_address>
         <readonly>true</readonly>
         <executable>true</executable>
         <run_address>0x4f8c</run_address>
         <size>0x18</size>
         <alignment>0x4</alignment>
         <input_file_ref idref="fl-13"/>
      </object_component>
      <object_component id="oc-fb">
         <name>.text.DL_SPI_setClockConfig</name>
         <load_address>0x4fa4</load_address>
         <readonly>true</readonly>
         <executable>true</executable>
         <run_address>0x4fa4</run_address>
         <size>0x12</size>
         <alignment>0x2</alignment>
         <input_file_ref idref="fl-12"/>
      </object_component>
      <object_component id="oc-20">
         <name>.text:decompress:none</name>
         <load_address>0x4fb6</load_address>
         <readonly>true</readonly>
         <executable>true</executable>
         <run_address>0x4fb6</run_address>
         <size>0x12</size>
         <alignment>0x2</alignment>
         <input_file_ref idref="fl-28"/>
      </object_component>
      <object_component id="oc-f8">
         <name>.text.DL_Timer_setCaptureCompareValue</name>
         <load_address>0x4fc8</load_address>
         <readonly>true</readonly>
         <executable>true</executable>
         <run_address>0x4fc8</run_address>
         <size>0x10</size>
         <alignment>0x4</alignment>
         <input_file_ref idref="fl-13"/>
      </object_component>
      <object_component id="oc-51">
         <name>.text:decompress:ZI</name>
         <load_address>0x4fd8</load_address>
         <readonly>true</readonly>
         <executable>true</executable>
         <run_address>0x4fd8</run_address>
         <size>0x10</size>
         <alignment>0x2</alignment>
         <input_file_ref idref="fl-27"/>
      </object_component>
      <object_component id="oc-68">
         <name>.text.__aeabi_memclr</name>
         <load_address>0x4fe8</load_address>
         <readonly>true</readonly>
         <executable>true</executable>
         <run_address>0x4fe8</run_address>
         <size>0xc</size>
         <alignment>0x4</alignment>
         <input_file_ref idref="fl-93"/>
      </object_component>
      <object_component id="oc-8b">
         <name>.text.DL_Common_delayCycles</name>
         <load_address>0x4ff4</load_address>
         <readonly>true</readonly>
         <executable>true</executable>
         <run_address>0x4ff4</run_address>
         <size>0xa</size>
         <alignment>0x2</alignment>
         <input_file_ref idref="fl-11"/>
      </object_component>
      <object_component id="oc-44">
         <name>.text.__aeabi_memcpy</name>
         <load_address>0x5000</load_address>
         <readonly>true</readonly>
         <executable>true</executable>
         <run_address>0x5000</run_address>
         <size>0x8</size>
         <alignment>0x4</alignment>
         <input_file_ref idref="fl-92"/>
      </object_component>
      <object_component id="oc-2f">
         <name>.text.Reset_Handler</name>
         <load_address>0x5008</load_address>
         <readonly>true</readonly>
         <executable>true</executable>
         <run_address>0x5008</run_address>
         <size>0x4</size>
         <alignment>0x2</alignment>
         <input_file_ref idref="fl-3"/>
      </object_component>
      <object_component id="oc-6d">
         <name>.text._system_pre_init</name>
         <load_address>0x500c</load_address>
         <readonly>true</readonly>
         <executable>true</executable>
         <run_address>0x500c</run_address>
         <size>0x4</size>
         <alignment>0x2</alignment>
         <input_file_ref idref="fl-25"/>
      </object_component>
      <object_component id="oc-98">
         <name>.text:abort</name>
         <load_address>0x5010</load_address>
         <readonly>true</readonly>
         <executable>true</executable>
         <run_address>0x5010</run_address>
         <size>0x4</size>
         <alignment>0x2</alignment>
         <input_file_ref idref="fl-2a"/>
      </object_component>
      <object_component id="oc-155">
         <name>.cinit..data.load</name>
         <load_address>0x5018</load_address>
         <readonly>true</readonly>
         <run_address>0x5018</run_address>
         <size>0xd</size>
         <alignment>0x1</alignment>
      </object_component>
      <object_component id="oc-153">
         <name>__TI_handler_table</name>
         <load_address>0x5028</load_address>
         <readonly>true</readonly>
         <run_address>0x5028</run_address>
         <size>0xc</size>
         <alignment>0x4</alignment>
      </object_component>
      <object_component id="oc-156">
         <name>.cinit..bss.load</name>
         <load_address>0x5034</load_address>
         <readonly>true</readonly>
         <run_address>0x5034</run_address>
         <size>0x8</size>
         <alignment>0x4</alignment>
      </object_component>
      <object_component id="oc-154">
         <name>__TI_cinit_table</name>
         <load_address>0x503c</load_address>
         <readonly>true</readonly>
         <run_address>0x503c</run_address>
         <size>0x10</size>
         <alignment>0x4</alignment>
      </object_component>
      <object_component id="oc-cb">
         <name>.rodata.FISH_SLEEP_0</name>
         <load_address>0xc0</load_address>
         <readonly>true</readonly>
         <run_address>0xc0</run_address>
         <size>0x300</size>
         <alignment>0x1</alignment>
         <input_file_ref idref="fl-1"/>
      </object_component>
      <object_component id="oc-d5">
         <name>.rodata.FISH_SLEEP_10</name>
         <load_address>0x3c0</load_address>
         <readonly>true</readonly>
         <run_address>0x3c0</run_address>
         <size>0x300</size>
         <alignment>0x1</alignment>
         <input_file_ref idref="fl-1"/>
      </object_component>
      <object_component id="oc-d6">
         <name>.rodata.FISH_SLEEP_11</name>
         <load_address>0x6c0</load_address>
         <readonly>true</readonly>
         <run_address>0x6c0</run_address>
         <size>0x300</size>
         <alignment>0x1</alignment>
         <input_file_ref idref="fl-1"/>
      </object_component>
      <object_component id="oc-d7">
         <name>.rodata.FISH_SLEEP_12</name>
         <load_address>0x9c0</load_address>
         <readonly>true</readonly>
         <run_address>0x9c0</run_address>
         <size>0x300</size>
         <alignment>0x1</alignment>
         <input_file_ref idref="fl-1"/>
      </object_component>
      <object_component id="oc-d8">
         <name>.rodata.FISH_SLEEP_13</name>
         <load_address>0xcc0</load_address>
         <readonly>true</readonly>
         <run_address>0xcc0</run_address>
         <size>0x300</size>
         <alignment>0x1</alignment>
         <input_file_ref idref="fl-1"/>
      </object_component>
      <object_component id="oc-d9">
         <name>.rodata.FISH_SLEEP_14</name>
         <load_address>0xfc0</load_address>
         <readonly>true</readonly>
         <run_address>0xfc0</run_address>
         <size>0x300</size>
         <alignment>0x1</alignment>
         <input_file_ref idref="fl-1"/>
      </object_component>
      <object_component id="oc-da">
         <name>.rodata.FISH_SLEEP_15</name>
         <load_address>0x12c0</load_address>
         <readonly>true</readonly>
         <run_address>0x12c0</run_address>
         <size>0x300</size>
         <alignment>0x1</alignment>
         <input_file_ref idref="fl-1"/>
      </object_component>
      <object_component id="oc-db">
         <name>.rodata.FISH_SLEEP_16</name>
         <load_address>0x15c0</load_address>
         <readonly>true</readonly>
         <run_address>0x15c0</run_address>
         <size>0x300</size>
         <alignment>0x1</alignment>
         <input_file_ref idref="fl-1"/>
      </object_component>
      <object_component id="oc-dc">
         <name>.rodata.FISH_SLEEP_17</name>
         <load_address>0x18c0</load_address>
         <readonly>true</readonly>
         <run_address>0x18c0</run_address>
         <size>0x300</size>
         <alignment>0x1</alignment>
         <input_file_ref idref="fl-1"/>
      </object_component>
      <object_component id="oc-dd">
         <name>.rodata.FISH_SLEEP_18</name>
         <load_address>0x1bc0</load_address>
         <readonly>true</readonly>
         <run_address>0x1bc0</run_address>
         <size>0x300</size>
         <alignment>0x1</alignment>
         <input_file_ref idref="fl-1"/>
      </object_component>
      <object_component id="oc-de">
         <name>.rodata.FISH_SLEEP_19</name>
         <load_address>0x1ec0</load_address>
         <readonly>true</readonly>
         <run_address>0x1ec0</run_address>
         <size>0x300</size>
         <alignment>0x1</alignment>
         <input_file_ref idref="fl-1"/>
      </object_component>
      <object_component id="oc-cc">
         <name>.rodata.FISH_SLEEP_1</name>
         <load_address>0x21c0</load_address>
         <readonly>true</readonly>
         <run_address>0x21c0</run_address>
         <size>0x300</size>
         <alignment>0x1</alignment>
         <input_file_ref idref="fl-1"/>
      </object_component>
      <object_component id="oc-df">
         <name>.rodata.FISH_SLEEP_20</name>
         <load_address>0x24c0</load_address>
         <readonly>true</readonly>
         <run_address>0x24c0</run_address>
         <size>0x300</size>
         <alignment>0x1</alignment>
         <input_file_ref idref="fl-1"/>
      </object_component>
      <object_component id="oc-e0">
         <name>.rodata.FISH_SLEEP_21</name>
         <load_address>0x27c0</load_address>
         <readonly>true</readonly>
         <run_address>0x27c0</run_address>
         <size>0x300</size>
         <alignment>0x1</alignment>
         <input_file_ref idref="fl-1"/>
      </object_component>
      <object_component id="oc-e1">
         <name>.rodata.FISH_SLEEP_22</name>
         <load_address>0x2ac0</load_address>
         <readonly>true</readonly>
         <run_address>0x2ac0</run_address>
         <size>0x300</size>
         <alignment>0x1</alignment>
         <input_file_ref idref="fl-1"/>
      </object_component>
      <object_component id="oc-cd">
         <name>.rodata.FISH_SLEEP_2</name>
         <load_address>0x2dc0</load_address>
         <readonly>true</readonly>
         <run_address>0x2dc0</run_address>
         <size>0x300</size>
         <alignment>0x1</alignment>
         <input_file_ref idref="fl-1"/>
      </object_component>
      <object_component id="oc-ce">
         <name>.rodata.FISH_SLEEP_3</name>
         <load_address>0x30c0</load_address>
         <readonly>true</readonly>
         <run_address>0x30c0</run_address>
         <size>0x300</size>
         <alignment>0x1</alignment>
         <input_file_ref idref="fl-1"/>
      </object_component>
      <object_component id="oc-cf">
         <name>.rodata.FISH_SLEEP_4</name>
         <load_address>0x33c0</load_address>
         <readonly>true</readonly>
         <run_address>0x33c0</run_address>
         <size>0x300</size>
         <alignment>0x1</alignment>
         <input_file_ref idref="fl-1"/>
      </object_component>
      <object_component id="oc-d0">
         <name>.rodata.FISH_SLEEP_5</name>
         <load_address>0x36c0</load_address>
         <readonly>true</readonly>
         <run_address>0x36c0</run_address>
         <size>0x300</size>
         <alignment>0x1</alignment>
         <input_file_ref idref="fl-1"/>
      </object_component>
      <object_component id="oc-d1">
         <name>.rodata.FISH_SLEEP_6</name>
         <load_address>0x39c0</load_address>
         <readonly>true</readonly>
         <run_address>0x39c0</run_address>
         <size>0x300</size>
         <alignment>0x1</alignment>
         <input_file_ref idref="fl-1"/>
      </object_component>
      <object_component id="oc-d2">
         <name>.rodata.FISH_SLEEP_7</name>
         <load_address>0x3cc0</load_address>
         <readonly>true</readonly>
         <run_address>0x3cc0</run_address>
         <size>0x300</size>
         <alignment>0x1</alignment>
         <input_file_ref idref="fl-1"/>
      </object_component>
      <object_component id="oc-d3">
         <name>.rodata.FISH_SLEEP_8</name>
         <load_address>0x3fc0</load_address>
         <readonly>true</readonly>
         <run_address>0x3fc0</run_address>
         <size>0x300</size>
         <alignment>0x1</alignment>
         <input_file_ref idref="fl-1"/>
      </object_component>
      <object_component id="oc-d4">
         <name>.rodata.FISH_SLEEP_9</name>
         <load_address>0x42c0</load_address>
         <readonly>true</readonly>
         <run_address>0x42c0</run_address>
         <size>0x300</size>
         <alignment>0x1</alignment>
         <input_file_ref idref="fl-1"/>
      </object_component>
      <object_component id="oc-94">
         <name>.rodata.FISH_SLEEP_FRAMES</name>
         <load_address>0x45c0</load_address>
         <readonly>true</readonly>
         <run_address>0x45c0</run_address>
         <size>0x5c</size>
         <alignment>0x4</alignment>
         <input_file_ref idref="fl-1"/>
      </object_component>
      <object_component id="oc-103">
         <name>.rodata.gSPI_0_config</name>
         <load_address>0x461c</load_address>
         <readonly>true</readonly>
         <run_address>0x461c</run_address>
         <size>0xa</size>
         <alignment>0x2</alignment>
         <input_file_ref idref="fl-2"/>
      </object_component>
      <object_component id="oc-102">
         <name>.rodata.gSPI_0_clockConfig</name>
         <load_address>0x4626</load_address>
         <readonly>true</readonly>
         <run_address>0x4626</run_address>
         <size>0x2</size>
         <alignment>0x1</alignment>
         <input_file_ref idref="fl-2"/>
      </object_component>
      <object_component id="oc-fa">
         <name>.rodata.gPWM_0Config</name>
         <load_address>0x4628</load_address>
         <readonly>true</readonly>
         <run_address>0x4628</run_address>
         <size>0x8</size>
         <alignment>0x4</alignment>
         <input_file_ref idref="fl-2"/>
      </object_component>
      <object_component id="oc-f9">
         <name>.rodata.gPWM_0ClockConfig</name>
         <load_address>0x4630</load_address>
         <readonly>true</readonly>
         <run_address>0x4630</run_address>
         <size>0x3</size>
         <alignment>0x1</alignment>
         <input_file_ref idref="fl-2"/>
      </object_component>
      <object_component id="oc-11d">
         <name>.binit</name>
         <load_address>0x0</load_address>
         <readonly>true</readonly>
         <run_address>0x0</run_address>
         <size>0x0</size>
         <alignment>0x4</alignment>
      </object_component>
      <object_component id="oc-60">
         <name>.data.transmissionComplete</name>
         <load_address>0x20200ff8</load_address>
         <readwrite>true</readwrite>
         <run_address>0x20200ff8</run_address>
         <size>0x4</size>
         <alignment>0x4</alignment>
         <input_file_ref idref="fl-1"/>
      </object_component>
      <object_component id="oc-5c">
         <name>.data.idx</name>
         <load_address>0x20200fe8</load_address>
         <readwrite>true</readwrite>
         <run_address>0x20200fe8</run_address>
         <size>0x4</size>
         <alignment>0x4</alignment>
         <input_file_ref idref="fl-1"/>
      </object_component>
      <object_component id="oc-5e">
         <name>.data.repeat</name>
         <load_address>0x20200ff4</load_address>
         <readwrite>true</readwrite>
         <run_address>0x20200ff4</run_address>
         <size>0x4</size>
         <alignment>0x4</alignment>
         <input_file_ref idref="fl-1"/>
      </object_component>
      <object_component id="oc-5f">
         <name>.data.n_repeats</name>
         <load_address>0x20200ff0</load_address>
         <readwrite>true</readwrite>
         <run_address>0x20200ff0</run_address>
         <size>0x4</size>
         <alignment>0x4</alignment>
         <input_file_ref idref="fl-1"/>
      </object_component>
      <object_component id="oc-5d">
         <name>.data.message_len</name>
         <load_address>0x20200fec</load_address>
         <readwrite>true</readwrite>
         <run_address>0x20200fec</run_address>
         <size>0x4</size>
         <alignment>0x4</alignment>
         <input_file_ref idref="fl-1"/>
      </object_component>
      <object_component id="oc-97">
         <name>.data.g_brightness</name>
         <load_address>0x20200ffc</load_address>
         <readwrite>true</readwrite>
         <run_address>0x20200ffc</run_address>
         <size>0x1</size>
         <alignment>0x1</alignment>
         <input_file_ref idref="fl-1"/>
      </object_component>
      <object_component id="oc-96">
         <name>.bss.frame_encoded</name>
         <uninitialized>true</uninitialized>
         <readwrite>true</readwrite>
         <run_address>0x20200000</run_address>
         <size>0x900</size>
         <alignment>0x1</alignment>
         <input_file_ref idref="fl-1"/>
      </object_component>
      <object_component id="oc-93">
         <name>.bss.ENC</name>
         <uninitialized>true</uninitialized>
         <readwrite>true</readwrite>
         <run_address>0x20200900</run_address>
         <size>0x300</size>
         <alignment>0x1</alignment>
         <input_file_ref idref="fl-1"/>
      </object_component>
      <object_component id="oc-95">
         <name>.bss.image_grb</name>
         <uninitialized>true</uninitialized>
         <readwrite>true</readwrite>
         <run_address>0x20200c00</run_address>
         <size>0x300</size>
         <alignment>0x1</alignment>
         <input_file_ref idref="fl-1"/>
      </object_component>
      <object_component id="oc-5b">
         <name>.common:txPacket</name>
         <uninitialized>true</uninitialized>
         <readwrite>true</readwrite>
         <run_address>0x20200fe4</run_address>
         <size>0x4</size>
         <alignment>0x4</alignment>
      </object_component>
      <object_component id="oc-be">
         <name>.common:gPWM_0Backup</name>
         <uninitialized>true</uninitialized>
         <readwrite>true</readwrite>
         <run_address>0x20200f00</run_address>
         <size>0xbc</size>
         <alignment>0x4</alignment>
      </object_component>
      <object_component id="oc-bf">
         <name>.common:gSPI_0Backup</name>
         <uninitialized>true</uninitialized>
         <readwrite>true</readwrite>
         <run_address>0x20200fbc</run_address>
         <size>0x28</size>
         <alignment>0x4</alignment>
      </object_component>
      <object_component id="oc-1a">
         <name>.stack</name>
         <uninitialized>true</uninitialized>
         <readwrite>true</readwrite>
         <run_address>0x20207e00</run_address>
         <size>0x4</size>
         <alignment>0x4</alignment>
         <input_file_ref idref="fl-22"/>
      </object_component>
      <object_component id="oc-158">
         <name>.stack</name>
         <uninitialized>true</uninitialized>
         <readwrite>true</readwrite>
         <run_address>0x20207e00</run_address>
         <size>0x0</size>
         <alignment>0x8</alignment>
      </object_component>
      <object_component id="oc-63">
         <name>.debug_loc</name>
         <load_address>0x0</load_address>
         <run_address>0x0</run_address>
         <size>0x4e2</size>
         <alignment>0x1</alignment>
         <input_file_ref idref="fl-1"/>
      </object_component>
      <object_component id="oc-bb">
         <name>.debug_loc</name>
         <load_address>0x4e2</load_address>
         <run_address>0x4e2</run_address>
         <size>0xb8</size>
         <alignment>0x1</alignment>
         <input_file_ref idref="fl-2"/>
      </object_component>
      <object_component id="oc-c4">
         <name>.debug_loc</name>
         <load_address>0x59a</load_address>
         <run_address>0x59a</run_address>
         <size>0x13</size>
         <alignment>0x1</alignment>
         <input_file_ref idref="fl-11"/>
      </object_component>
      <object_component id="oc-fc">
         <name>.debug_loc</name>
         <load_address>0x5ad</load_address>
         <run_address>0x5ad</run_address>
         <size>0x816</size>
         <alignment>0x1</alignment>
         <input_file_ref idref="fl-12"/>
      </object_component>
      <object_component id="oc-f0">
         <name>.debug_loc</name>
         <load_address>0xdc3</load_address>
         <run_address>0xdc3</run_address>
         <size>0x1944</size>
         <alignment>0x1</alignment>
         <input_file_ref idref="fl-13"/>
      </object_component>
      <object_component id="oc-3f">
         <name>.debug_loc</name>
         <load_address>0x2707</load_address>
         <run_address>0x2707</run_address>
         <size>0xd8</size>
         <alignment>0x1</alignment>
         <input_file_ref idref="fl-22"/>
      </object_component>
      <object_component id="oc-a0">
         <name>.debug_loc</name>
         <load_address>0x27df</load_address>
         <run_address>0x27df</run_address>
         <size>0x480</size>
         <alignment>0x1</alignment>
         <input_file_ref idref="fl-24"/>
      </object_component>
      <object_component id="oc-4c">
         <name>.debug_loc</name>
         <load_address>0x2c5f</load_address>
         <run_address>0x2c5f</run_address>
         <size>0x16c</size>
         <alignment>0x1</alignment>
         <input_file_ref idref="fl-27"/>
      </object_component>
      <object_component id="oc-4a">
         <name>.debug_loc</name>
         <load_address>0x2dcb</load_address>
         <run_address>0x2dcb</run_address>
         <size>0x6f</size>
         <alignment>0x1</alignment>
         <input_file_ref idref="fl-28"/>
      </object_component>
      <object_component id="oc-42">
         <name>.debug_loc</name>
         <load_address>0x2e3a</load_address>
         <run_address>0x2e3a</run_address>
         <size>0x166</size>
         <alignment>0x1</alignment>
         <input_file_ref idref="fl-29"/>
      </object_component>
      <object_component id="oc-9e">
         <name>.debug_loc</name>
         <load_address>0x2fa0</load_address>
         <run_address>0x2fa0</run_address>
         <size>0x26</size>
         <alignment>0x1</alignment>
         <input_file_ref idref="fl-2a"/>
      </object_component>
      <object_component id="oc-106">
         <name>.debug_loc</name>
         <load_address>0x2fc6</load_address>
         <run_address>0x2fc6</run_address>
         <size>0x20</size>
         <alignment>0x1</alignment>
         <input_file_ref idref="fl-95"/>
      </object_component>
      <object_component id="oc-61">
         <name>.debug_abbrev</name>
         <load_address>0x0</load_address>
         <run_address>0x0</run_address>
         <size>0x29f</size>
         <alignment>0x1</alignment>
         <input_file_ref idref="fl-1"/>
      </object_component>
      <object_component id="oc-c0">
         <name>.debug_abbrev</name>
         <load_address>0x29f</load_address>
         <run_address>0x29f</run_address>
         <size>0x209</size>
         <alignment>0x1</alignment>
         <input_file_ref idref="fl-2"/>
      </object_component>
      <object_component id="oc-39">
         <name>.debug_abbrev</name>
         <load_address>0x4a8</load_address>
         <run_address>0x4a8</run_address>
         <size>0x6d</size>
         <alignment>0x1</alignment>
         <input_file_ref idref="fl-3"/>
      </object_component>
      <object_component id="oc-c2">
         <name>.debug_abbrev</name>
         <load_address>0x515</load_address>
         <run_address>0x515</run_address>
         <size>0x62</size>
         <alignment>0x1</alignment>
         <input_file_ref idref="fl-11"/>
      </object_component>
      <object_component id="oc-112">
         <name>.debug_abbrev</name>
         <load_address>0x577</load_address>
         <run_address>0x577</run_address>
         <size>0x277</size>
         <alignment>0x1</alignment>
         <input_file_ref idref="fl-12"/>
      </object_component>
      <object_component id="oc-110">
         <name>.debug_abbrev</name>
         <load_address>0x7ee</load_address>
         <run_address>0x7ee</run_address>
         <size>0x286</size>
         <alignment>0x1</alignment>
         <input_file_ref idref="fl-13"/>
      </object_component>
      <object_component id="oc-3b">
         <name>.debug_abbrev</name>
         <load_address>0xa74</load_address>
         <run_address>0xa74</run_address>
         <size>0xaf</size>
         <alignment>0x1</alignment>
         <input_file_ref idref="fl-22"/>
      </object_component>
      <object_component id="oc-e8">
         <name>.debug_abbrev</name>
         <load_address>0xb23</load_address>
         <run_address>0xb23</run_address>
         <size>0x186</size>
         <alignment>0x1</alignment>
         <input_file_ref idref="fl-24"/>
      </object_component>
      <object_component id="oc-84">
         <name>.debug_abbrev</name>
         <load_address>0xca9</load_address>
         <run_address>0xca9</run_address>
         <size>0x39</size>
         <alignment>0x1</alignment>
         <input_file_ref idref="fl-25"/>
      </object_component>
      <object_component id="oc-66">
         <name>.debug_abbrev</name>
         <load_address>0xce2</load_address>
         <run_address>0xce2</run_address>
         <size>0xc2</size>
         <alignment>0x1</alignment>
         <input_file_ref idref="fl-27"/>
      </object_component>
      <object_component id="oc-48">
         <name>.debug_abbrev</name>
         <load_address>0xda4</load_address>
         <run_address>0xda4</run_address>
         <size>0x70</size>
         <alignment>0x1</alignment>
         <input_file_ref idref="fl-28"/>
      </object_component>
      <object_component id="oc-40">
         <name>.debug_abbrev</name>
         <load_address>0xe14</load_address>
         <run_address>0xe14</run_address>
         <size>0x8d</size>
         <alignment>0x1</alignment>
         <input_file_ref idref="fl-29"/>
      </object_component>
      <object_component id="oc-e2">
         <name>.debug_abbrev</name>
         <load_address>0xea1</load_address>
         <run_address>0xea1</run_address>
         <size>0xb3</size>
         <alignment>0x1</alignment>
         <input_file_ref idref="fl-2a"/>
      </object_component>
      <object_component id="oc-65">
         <name>.debug_abbrev</name>
         <load_address>0xf54</load_address>
         <run_address>0xf54</run_address>
         <size>0x27</size>
         <alignment>0x1</alignment>
         <input_file_ref idref="fl-92"/>
      </object_component>
      <object_component id="oc-83">
         <name>.debug_abbrev</name>
         <load_address>0xf7b</load_address>
         <run_address>0xf7b</run_address>
         <size>0x25</size>
         <alignment>0x1</alignment>
         <input_file_ref idref="fl-93"/>
      </object_component>
      <object_component id="oc-ca">
         <name>.debug_abbrev</name>
         <load_address>0xfa0</load_address>
         <run_address>0xfa0</run_address>
         <size>0x27</size>
         <alignment>0x1</alignment>
         <input_file_ref idref="fl-94"/>
      </object_component>
      <object_component id="oc-104">
         <name>.debug_abbrev</name>
         <load_address>0xfc7</load_address>
         <run_address>0xfc7</run_address>
         <size>0x59</size>
         <alignment>0x1</alignment>
         <input_file_ref idref="fl-95"/>
      </object_component>
      <object_component id="oc-b1">
         <name>.debug_abbrev</name>
         <load_address>0x1020</load_address>
         <run_address>0x1020</run_address>
         <size>0x25</size>
         <alignment>0x1</alignment>
         <input_file_ref idref="fl-96"/>
      </object_component>
      <object_component id="oc-ee">
         <name>.debug_abbrev</name>
         <load_address>0x1045</load_address>
         <run_address>0x1045</run_address>
         <size>0x25</size>
         <alignment>0x1</alignment>
         <input_file_ref idref="fl-97"/>
      </object_component>
      <object_component id="oc-15a">
         <name>.debug_abbrev</name>
         <load_address>0x106a</load_address>
         <run_address>0x106a</run_address>
         <size>0xf</size>
         <alignment>0x0</alignment>
      </object_component>
      <object_component id="oc-35">
         <name>.debug_info</name>
         <load_address>0x0</load_address>
         <run_address>0x0</run_address>
         <size>0xe9a</size>
         <alignment>0x1</alignment>
         <input_file_ref idref="fl-1"/>
      </object_component>
      <object_component id="oc-87">
         <name>.debug_info</name>
         <load_address>0xe9a</load_address>
         <run_address>0xe9a</run_address>
         <size>0x2593</size>
         <alignment>0x1</alignment>
         <input_file_ref idref="fl-2"/>
      </object_component>
      <object_component id="oc-19">
         <name>.debug_info</name>
         <load_address>0x342d</load_address>
         <run_address>0x342d</run_address>
         <size>0x80</size>
         <alignment>0x1</alignment>
         <input_file_ref idref="fl-3"/>
      </object_component>
      <object_component id="oc-8c">
         <name>.debug_info</name>
         <load_address>0x34ad</load_address>
         <run_address>0x34ad</run_address>
         <size>0x75</size>
         <alignment>0x1</alignment>
         <input_file_ref idref="fl-11"/>
      </object_component>
      <object_component id="oc-fd">
         <name>.debug_info</name>
         <load_address>0x3522</load_address>
         <run_address>0x3522</run_address>
         <size>0x110b</size>
         <alignment>0x1</alignment>
         <input_file_ref idref="fl-12"/>
      </object_component>
      <object_component id="oc-f1">
         <name>.debug_info</name>
         <load_address>0x462d</load_address>
         <run_address>0x462d</run_address>
         <size>0x30d2</size>
         <alignment>0x1</alignment>
         <input_file_ref idref="fl-13"/>
      </object_component>
      <object_component id="oc-1b">
         <name>.debug_info</name>
         <load_address>0x76ff</load_address>
         <run_address>0x76ff</run_address>
         <size>0x423</size>
         <alignment>0x1</alignment>
         <input_file_ref idref="fl-22"/>
      </object_component>
      <object_component id="oc-a1">
         <name>.debug_info</name>
         <load_address>0x7b22</load_address>
         <run_address>0x7b22</run_address>
         <size>0x74a</size>
         <alignment>0x1</alignment>
         <input_file_ref idref="fl-24"/>
      </object_component>
      <object_component id="oc-6e">
         <name>.debug_info</name>
         <load_address>0x826c</load_address>
         <run_address>0x826c</run_address>
         <size>0x46</size>
         <alignment>0x1</alignment>
         <input_file_ref idref="fl-25"/>
      </object_component>
      <object_component id="oc-4d">
         <name>.debug_info</name>
         <load_address>0x82b2</load_address>
         <run_address>0x82b2</run_address>
         <size>0x192</size>
         <alignment>0x1</alignment>
         <input_file_ref idref="fl-27"/>
      </object_component>
      <object_component id="oc-21">
         <name>.debug_info</name>
         <load_address>0x8444</load_address>
         <run_address>0x8444</run_address>
         <size>0xc6</size>
         <alignment>0x1</alignment>
         <input_file_ref idref="fl-28"/>
      </object_component>
      <object_component id="oc-1d">
         <name>.debug_info</name>
         <load_address>0x850a</load_address>
         <run_address>0x850a</run_address>
         <size>0x180</size>
         <alignment>0x1</alignment>
         <input_file_ref idref="fl-29"/>
      </object_component>
      <object_component id="oc-99">
         <name>.debug_info</name>
         <load_address>0x868a</load_address>
         <run_address>0x868a</run_address>
         <size>0xed</size>
         <alignment>0x1</alignment>
         <input_file_ref idref="fl-2a"/>
      </object_component>
      <object_component id="oc-45">
         <name>.debug_info</name>
         <load_address>0x8777</load_address>
         <run_address>0x8777</run_address>
         <size>0x1a6</size>
         <alignment>0x1</alignment>
         <input_file_ref idref="fl-92"/>
      </object_component>
      <object_component id="oc-6c">
         <name>.debug_info</name>
         <load_address>0x891d</load_address>
         <run_address>0x891d</run_address>
         <size>0x1c2</size>
         <alignment>0x1</alignment>
         <input_file_ref idref="fl-93"/>
      </object_component>
      <object_component id="oc-92">
         <name>.debug_info</name>
         <load_address>0x8adf</load_address>
         <run_address>0x8adf</run_address>
         <size>0x1c9</size>
         <alignment>0x1</alignment>
         <input_file_ref idref="fl-94"/>
      </object_component>
      <object_component id="oc-c9">
         <name>.debug_info</name>
         <load_address>0x8ca8</load_address>
         <run_address>0x8ca8</run_address>
         <size>0x85</size>
         <alignment>0x1</alignment>
         <input_file_ref idref="fl-95"/>
      </object_component>
      <object_component id="oc-7d">
         <name>.debug_info</name>
         <load_address>0x8d2d</load_address>
         <run_address>0x8d2d</run_address>
         <size>0x2fe</size>
         <alignment>0x1</alignment>
         <input_file_ref idref="fl-96"/>
      </object_component>
      <object_component id="oc-b3">
         <name>.debug_info</name>
         <load_address>0x902b</load_address>
         <run_address>0x902b</run_address>
         <size>0x248</size>
         <alignment>0x1</alignment>
         <input_file_ref idref="fl-97"/>
      </object_component>
      <object_component id="oc-159">
         <name>.debug_info</name>
         <load_address>0x9273</load_address>
         <run_address>0x9273</run_address>
         <size>0xac</size>
         <alignment>0x0</alignment>
      </object_component>
      <object_component id="oc-36">
         <name>.debug_ranges</name>
         <load_address>0x0</load_address>
         <run_address>0x0</run_address>
         <size>0x128</size>
         <alignment>0x1</alignment>
         <input_file_ref idref="fl-1"/>
      </object_component>
      <object_component id="oc-88">
         <name>.debug_ranges</name>
         <load_address>0x128</load_address>
         <run_address>0x128</run_address>
         <size>0x48</size>
         <alignment>0x1</alignment>
         <input_file_ref idref="fl-2"/>
      </object_component>
      <object_component id="oc-30">
         <name>.debug_ranges</name>
         <load_address>0x170</load_address>
         <run_address>0x170</run_address>
         <size>0x18</size>
         <alignment>0x1</alignment>
         <input_file_ref idref="fl-3"/>
      </object_component>
      <object_component id="oc-fe">
         <name>.debug_ranges</name>
         <load_address>0x188</load_address>
         <run_address>0x188</run_address>
         <size>0x390</size>
         <alignment>0x1</alignment>
         <input_file_ref idref="fl-12"/>
      </object_component>
      <object_component id="oc-f2">
         <name>.debug_ranges</name>
         <load_address>0x518</load_address>
         <run_address>0x518</run_address>
         <size>0x198</size>
         <alignment>0x1</alignment>
         <input_file_ref idref="fl-13"/>
      </object_component>
      <object_component id="oc-3e">
         <name>.debug_ranges</name>
         <load_address>0x6b0</load_address>
         <run_address>0x6b0</run_address>
         <size>0x48</size>
         <alignment>0x1</alignment>
         <input_file_ref idref="fl-22"/>
      </object_component>
      <object_component id="oc-a2">
         <name>.debug_ranges</name>
         <load_address>0x6f8</load_address>
         <run_address>0x6f8</run_address>
         <size>0xa8</size>
         <alignment>0x1</alignment>
         <input_file_ref idref="fl-24"/>
      </object_component>
      <object_component id="oc-4e">
         <name>.debug_ranges</name>
         <load_address>0x7a0</load_address>
         <run_address>0x7a0</run_address>
         <size>0x18</size>
         <alignment>0x1</alignment>
         <input_file_ref idref="fl-27"/>
      </object_component>
      <object_component id="oc-43">
         <name>.debug_ranges</name>
         <load_address>0x7b8</load_address>
         <run_address>0x7b8</run_address>
         <size>0x30</size>
         <alignment>0x1</alignment>
         <input_file_ref idref="fl-29"/>
      </object_component>
      <object_component id="oc-9a">
         <name>.debug_ranges</name>
         <load_address>0x7e8</load_address>
         <run_address>0x7e8</run_address>
         <size>0x18</size>
         <alignment>0x1</alignment>
         <input_file_ref idref="fl-2a"/>
      </object_component>
      <object_component id="oc-6a">
         <name>.debug_ranges</name>
         <load_address>0x800</load_address>
         <run_address>0x800</run_address>
         <size>0x28</size>
         <alignment>0x1</alignment>
         <input_file_ref idref="fl-93"/>
      </object_component>
      <object_component id="oc-c7">
         <name>.debug_ranges</name>
         <load_address>0x828</load_address>
         <run_address>0x828</run_address>
         <size>0x18</size>
         <alignment>0x1</alignment>
         <input_file_ref idref="fl-95"/>
      </object_component>
      <object_component id="oc-7f">
         <name>.debug_ranges</name>
         <load_address>0x840</load_address>
         <run_address>0x840</run_address>
         <size>0x28</size>
         <alignment>0x1</alignment>
         <input_file_ref idref="fl-96"/>
      </object_component>
      <object_component id="oc-b5">
         <name>.debug_ranges</name>
         <load_address>0x868</load_address>
         <run_address>0x868</run_address>
         <size>0x28</size>
         <alignment>0x1</alignment>
         <input_file_ref idref="fl-97"/>
      </object_component>
      <object_component id="oc-62">
         <name>.debug_str</name>
         <load_address>0x0</load_address>
         <run_address>0x0</run_address>
         <size>0x956</size>
         <alignment>0x1</alignment>
         <input_file_ref idref="fl-1"/>
      </object_component>
      <object_component id="oc-c1">
         <name>.debug_str</name>
         <load_address>0x956</load_address>
         <run_address>0x956</run_address>
         <size>0x20b2</size>
         <alignment>0x1</alignment>
         <input_file_ref idref="fl-2"/>
      </object_component>
      <object_component id="oc-3a">
         <name>.debug_str</name>
         <load_address>0x2a08</load_address>
         <run_address>0x2a08</run_address>
         <size>0x174</size>
         <alignment>0x1</alignment>
         <input_file_ref idref="fl-3"/>
      </object_component>
      <object_component id="oc-c3">
         <name>.debug_str</name>
         <load_address>0x2b7c</load_address>
         <run_address>0x2b7c</run_address>
         <size>0x16d</size>
         <alignment>0x1</alignment>
         <input_file_ref idref="fl-11"/>
      </object_component>
      <object_component id="oc-113">
         <name>.debug_str</name>
         <load_address>0x2ce9</load_address>
         <run_address>0x2ce9</run_address>
         <size>0xc3b</size>
         <alignment>0x1</alignment>
         <input_file_ref idref="fl-12"/>
      </object_component>
      <object_component id="oc-111">
         <name>.debug_str</name>
         <load_address>0x3924</load_address>
         <run_address>0x3924</run_address>
         <size>0x1c13</size>
         <alignment>0x1</alignment>
         <input_file_ref idref="fl-13"/>
      </object_component>
      <object_component id="oc-3c">
         <name>.debug_str</name>
         <load_address>0x5537</load_address>
         <run_address>0x5537</run_address>
         <size>0x229</size>
         <alignment>0x1</alignment>
         <input_file_ref idref="fl-22"/>
      </object_component>
      <object_component id="oc-e9">
         <name>.debug_str</name>
         <load_address>0x5760</load_address>
         <run_address>0x5760</run_address>
         <size>0x333</size>
         <alignment>0x1</alignment>
         <input_file_ref idref="fl-24"/>
      </object_component>
      <object_component id="oc-85">
         <name>.debug_str</name>
         <load_address>0x5a93</load_address>
         <run_address>0x5a93</run_address>
         <size>0xf9</size>
         <alignment>0x1</alignment>
         <input_file_ref idref="fl-25"/>
      </object_component>
      <object_component id="oc-67">
         <name>.debug_str</name>
         <load_address>0x5b8c</load_address>
         <run_address>0x5b8c</run_address>
         <size>0x19f</size>
         <alignment>0x1</alignment>
         <input_file_ref idref="fl-27"/>
      </object_component>
      <object_component id="oc-49">
         <name>.debug_str</name>
         <load_address>0x5d2b</load_address>
         <run_address>0x5d2b</run_address>
         <size>0x16c</size>
         <alignment>0x1</alignment>
         <input_file_ref idref="fl-28"/>
      </object_component>
      <object_component id="oc-41">
         <name>.debug_str</name>
         <load_address>0x5e97</load_address>
         <run_address>0x5e97</run_address>
         <size>0x1d9</size>
         <alignment>0x1</alignment>
         <input_file_ref idref="fl-29"/>
      </object_component>
      <object_component id="oc-e3">
         <name>.debug_str</name>
         <load_address>0x6070</load_address>
         <run_address>0x6070</run_address>
         <size>0x143</size>
         <alignment>0x1</alignment>
         <input_file_ref idref="fl-2a"/>
      </object_component>
      <object_component id="oc-105">
         <name>.debug_str</name>
         <load_address>0x61b3</load_address>
         <run_address>0x61b3</run_address>
         <size>0x1a0</size>
         <alignment>0x1</alignment>
         <input_file_ref idref="fl-95"/>
      </object_component>
      <object_component id="oc-37">
         <name>.debug_frame</name>
         <load_address>0x0</load_address>
         <run_address>0x0</run_address>
         <size>0x34</size>
         <alignment>0x4</alignment>
         <input_file_ref idref="fl-1"/>
      </object_component>
      <object_component id="oc-89">
         <name>.debug_frame</name>
         <load_address>0x34</load_address>
         <run_address>0x34</run_address>
         <size>0xc8</size>
         <alignment>0x4</alignment>
         <input_file_ref idref="fl-2"/>
      </object_component>
      <object_component id="oc-31">
         <name>.debug_frame</name>
         <load_address>0xfc</load_address>
         <run_address>0xfc</run_address>
         <size>0x30</size>
         <alignment>0x4</alignment>
         <input_file_ref idref="fl-3"/>
      </object_component>
      <object_component id="oc-8d">
         <name>.debug_frame</name>
         <load_address>0x12c</load_address>
         <run_address>0x12c</run_address>
         <size>0x20</size>
         <alignment>0x4</alignment>
         <input_file_ref idref="fl-11"/>
      </object_component>
      <object_component id="oc-ff">
         <name>.debug_frame</name>
         <load_address>0x14c</load_address>
         <run_address>0x14c</run_address>
         <size>0x234</size>
         <alignment>0x4</alignment>
         <input_file_ref idref="fl-12"/>
      </object_component>
      <object_component id="oc-f3">
         <name>.debug_frame</name>
         <load_address>0x380</load_address>
         <run_address>0x380</run_address>
         <size>0x3e0</size>
         <alignment>0x4</alignment>
         <input_file_ref idref="fl-13"/>
      </object_component>
      <object_component id="oc-53">
         <name>.debug_frame</name>
         <load_address>0x760</load_address>
         <run_address>0x760</run_address>
         <size>0x90</size>
         <alignment>0x4</alignment>
         <input_file_ref idref="fl-22"/>
      </object_component>
      <object_component id="oc-a3">
         <name>.debug_frame</name>
         <load_address>0x7f0</load_address>
         <run_address>0x7f0</run_address>
         <size>0x100</size>
         <alignment>0x4</alignment>
         <input_file_ref idref="fl-24"/>
      </object_component>
      <object_component id="oc-6f">
         <name>.debug_frame</name>
         <load_address>0x8f0</load_address>
         <run_address>0x8f0</run_address>
         <size>0x20</size>
         <alignment>0x4</alignment>
         <input_file_ref idref="fl-25"/>
      </object_component>
      <object_component id="oc-4f">
         <name>.debug_frame</name>
         <load_address>0x910</load_address>
         <run_address>0x910</run_address>
         <size>0x38</size>
         <alignment>0x4</alignment>
         <input_file_ref idref="fl-27"/>
      </object_component>
      <object_component id="oc-22">
         <name>.debug_frame</name>
         <load_address>0x948</load_address>
         <run_address>0x948</run_address>
         <size>0x28</size>
         <alignment>0x4</alignment>
         <input_file_ref idref="fl-28"/>
      </object_component>
      <object_component id="oc-1e">
         <name>.debug_frame</name>
         <load_address>0x970</load_address>
         <run_address>0x970</run_address>
         <size>0x30</size>
         <alignment>0x4</alignment>
         <input_file_ref idref="fl-29"/>
      </object_component>
      <object_component id="oc-9b">
         <name>.debug_frame</name>
         <load_address>0x9a0</load_address>
         <run_address>0x9a0</run_address>
         <size>0x30</size>
         <alignment>0x4</alignment>
         <input_file_ref idref="fl-2a"/>
      </object_component>
      <object_component id="oc-c8">
         <name>.debug_frame</name>
         <load_address>0x9d0</load_address>
         <run_address>0x9d0</run_address>
         <size>0x30</size>
         <alignment>0x4</alignment>
         <input_file_ref idref="fl-95"/>
      </object_component>
      <object_component id="oc-38">
         <name>.debug_line</name>
         <load_address>0x0</load_address>
         <run_address>0x0</run_address>
         <size>0x6ae</size>
         <alignment>0x1</alignment>
         <input_file_ref idref="fl-1"/>
      </object_component>
      <object_component id="oc-8a">
         <name>.debug_line</name>
         <load_address>0x6ae</load_address>
         <run_address>0x6ae</run_address>
         <size>0x65d</size>
         <alignment>0x1</alignment>
         <input_file_ref idref="fl-2"/>
      </object_component>
      <object_component id="oc-32">
         <name>.debug_line</name>
         <load_address>0xd0b</load_address>
         <run_address>0xd0b</run_address>
         <size>0xcd</size>
         <alignment>0x1</alignment>
         <input_file_ref idref="fl-3"/>
      </object_component>
      <object_component id="oc-8e">
         <name>.debug_line</name>
         <load_address>0xdd8</load_address>
         <run_address>0xdd8</run_address>
         <size>0x178</size>
         <alignment>0x1</alignment>
         <input_file_ref idref="fl-11"/>
      </object_component>
      <object_component id="oc-100">
         <name>.debug_line</name>
         <load_address>0xf50</load_address>
         <run_address>0xf50</run_address>
         <size>0xc1a</size>
         <alignment>0x1</alignment>
         <input_file_ref idref="fl-12"/>
      </object_component>
      <object_component id="oc-f4">
         <name>.debug_line</name>
         <load_address>0x1b6a</load_address>
         <run_address>0x1b6a</run_address>
         <size>0x16da</size>
         <alignment>0x1</alignment>
         <input_file_ref idref="fl-13"/>
      </object_component>
      <object_component id="oc-3d">
         <name>.debug_line</name>
         <load_address>0x3244</load_address>
         <run_address>0x3244</run_address>
         <size>0x1fe</size>
         <alignment>0x1</alignment>
         <input_file_ref idref="fl-22"/>
      </object_component>
      <object_component id="oc-a4">
         <name>.debug_line</name>
         <load_address>0x3442</load_address>
         <run_address>0x3442</run_address>
         <size>0x3e4</size>
         <alignment>0x1</alignment>
         <input_file_ref idref="fl-24"/>
      </object_component>
      <object_component id="oc-70">
         <name>.debug_line</name>
         <load_address>0x3826</load_address>
         <run_address>0x3826</run_address>
         <size>0x3e</size>
         <alignment>0x1</alignment>
         <input_file_ref idref="fl-25"/>
      </object_component>
      <object_component id="oc-50">
         <name>.debug_line</name>
         <load_address>0x3864</load_address>
         <run_address>0x3864</run_address>
         <size>0xfc</size>
         <alignment>0x1</alignment>
         <input_file_ref idref="fl-27"/>
      </object_component>
      <object_component id="oc-23">
         <name>.debug_line</name>
         <load_address>0x3960</load_address>
         <run_address>0x3960</run_address>
         <size>0x62</size>
         <alignment>0x1</alignment>
         <input_file_ref idref="fl-28"/>
      </object_component>
      <object_component id="oc-1f">
         <name>.debug_line</name>
         <load_address>0x39c2</load_address>
         <run_address>0x39c2</run_address>
         <size>0x10d</size>
         <alignment>0x1</alignment>
         <input_file_ref idref="fl-29"/>
      </object_component>
      <object_component id="oc-9c">
         <name>.debug_line</name>
         <load_address>0x3acf</load_address>
         <run_address>0x3acf</run_address>
         <size>0x6b</size>
         <alignment>0x1</alignment>
         <input_file_ref idref="fl-2a"/>
      </object_component>
      <object_component id="oc-47">
         <name>.debug_line</name>
         <load_address>0x3b3a</load_address>
         <run_address>0x3b3a</run_address>
         <size>0xa8</size>
         <alignment>0x1</alignment>
         <input_file_ref idref="fl-92"/>
      </object_component>
      <object_component id="oc-69">
         <name>.debug_line</name>
         <load_address>0x3be2</load_address>
         <run_address>0x3be2</run_address>
         <size>0xbe</size>
         <alignment>0x1</alignment>
         <input_file_ref idref="fl-93"/>
      </object_component>
      <object_component id="oc-90">
         <name>.debug_line</name>
         <load_address>0x3ca0</load_address>
         <run_address>0x3ca0</run_address>
         <size>0xc6</size>
         <alignment>0x1</alignment>
         <input_file_ref idref="fl-94"/>
      </object_component>
      <object_component id="oc-c6">
         <name>.debug_line</name>
         <load_address>0x3d66</load_address>
         <run_address>0x3d66</run_address>
         <size>0xbb</size>
         <alignment>0x1</alignment>
         <input_file_ref idref="fl-95"/>
      </object_component>
      <object_component id="oc-80">
         <name>.debug_line</name>
         <load_address>0x3e21</load_address>
         <run_address>0x3e21</run_address>
         <size>0xa0</size>
         <alignment>0x1</alignment>
         <input_file_ref idref="fl-96"/>
      </object_component>
      <object_component id="oc-b6">
         <name>.debug_line</name>
         <load_address>0x3ec1</load_address>
         <run_address>0x3ec1</run_address>
         <size>0x80</size>
         <alignment>0x1</alignment>
         <input_file_ref idref="fl-97"/>
      </object_component>
      <object_component id="oc-46">
         <name>.debug_aranges</name>
         <load_address>0x0</load_address>
         <run_address>0x0</run_address>
         <size>0x20</size>
         <alignment>0x1</alignment>
         <input_file_ref idref="fl-92"/>
      </object_component>
      <object_component id="oc-6b">
         <name>.debug_aranges</name>
         <load_address>0x20</load_address>
         <run_address>0x20</run_address>
         <size>0x28</size>
         <alignment>0x1</alignment>
         <input_file_ref idref="fl-93"/>
      </object_component>
      <object_component id="oc-91">
         <name>.debug_aranges</name>
         <load_address>0x48</load_address>
         <run_address>0x48</run_address>
         <size>0x20</size>
         <alignment>0x1</alignment>
         <input_file_ref idref="fl-94"/>
      </object_component>
      <object_component id="oc-7e">
         <name>.debug_aranges</name>
         <load_address>0x68</load_address>
         <run_address>0x68</run_address>
         <size>0x28</size>
         <alignment>0x1</alignment>
         <input_file_ref idref="fl-96"/>
      </object_component>
      <object_component id="oc-b4">
         <name>.debug_aranges</name>
         <load_address>0x90</load_address>
         <run_address>0x90</run_address>
         <size>0x28</size>
         <alignment>0x1</alignment>
         <input_file_ref idref="fl-97"/>
      </object_component>
   </object_component_list>
   <logical_group_list>
      <logical_group id="lg-2" display="no" color="cyan">
         <name>.intvecs</name>
         <load_address>0x0</load_address>
         <run_address>0x0</run_address>
         <size>0xc0</size>
         <contents>
            <object_component_ref idref="oc-18"/>
         </contents>
      </logical_group>
      <logical_group id="lg-3" display="no" color="cyan">
         <name>.text</name>
         <load_address>0x4638</load_address>
         <run_address>0x4638</run_address>
         <size>0x9e0</size>
         <contents>
            <object_component_ref idref="oc-71"/>
            <object_component_ref idref="oc-f5"/>
            <object_component_ref idref="oc-81"/>
            <object_component_ref idref="oc-33"/>
            <object_component_ref idref="oc-34"/>
            <object_component_ref idref="oc-1c"/>
            <object_component_ref idref="oc-bc"/>
            <object_component_ref idref="oc-b7"/>
            <object_component_ref idref="oc-c5"/>
            <object_component_ref idref="oc-bd"/>
            <object_component_ref idref="oc-101"/>
            <object_component_ref idref="oc-b8"/>
            <object_component_ref idref="oc-8f"/>
            <object_component_ref idref="oc-9f"/>
            <object_component_ref idref="oc-ba"/>
            <object_component_ref idref="oc-86"/>
            <object_component_ref idref="oc-54"/>
            <object_component_ref idref="oc-b9"/>
            <object_component_ref idref="oc-f7"/>
            <object_component_ref idref="oc-ef"/>
            <object_component_ref idref="oc-f6"/>
            <object_component_ref idref="oc-fb"/>
            <object_component_ref idref="oc-20"/>
            <object_component_ref idref="oc-f8"/>
            <object_component_ref idref="oc-51"/>
            <object_component_ref idref="oc-68"/>
            <object_component_ref idref="oc-8b"/>
            <object_component_ref idref="oc-44"/>
            <object_component_ref idref="oc-2f"/>
            <object_component_ref idref="oc-6d"/>
            <object_component_ref idref="oc-98"/>
         </contents>
      </logical_group>
      <logical_group id="lg-4" display="no" color="cyan">
         <name>.const</name>
         <run_address>0x0</run_address>
         <size>0x0</size>
         <contents>
         </contents>
      </logical_group>
      <logical_group id="lg-5" display="no" color="cyan">
         <name>.cinit</name>
         <load_address>0x5018</load_address>
         <run_address>0x5018</run_address>
         <size>0x38</size>
         <contents>
            <object_component_ref idref="oc-155"/>
            <object_component_ref idref="oc-153"/>
            <object_component_ref idref="oc-156"/>
            <object_component_ref idref="oc-154"/>
         </contents>
      </logical_group>
      <logical_group id="lg-6" display="no" color="cyan">
         <name>.pinit</name>
         <run_address>0x0</run_address>
         <size>0x0</size>
         <contents>
         </contents>
      </logical_group>
      <logical_group id="lg-7" display="no" color="cyan">
         <name>.rodata</name>
         <load_address>0xc0</load_address>
         <run_address>0xc0</run_address>
         <size>0x4578</size>
         <contents>
            <object_component_ref idref="oc-cb"/>
            <object_component_ref idref="oc-d5"/>
            <object_component_ref idref="oc-d6"/>
            <object_component_ref idref="oc-d7"/>
            <object_component_ref idref="oc-d8"/>
            <object_component_ref idref="oc-d9"/>
            <object_component_ref idref="oc-da"/>
            <object_component_ref idref="oc-db"/>
            <object_component_ref idref="oc-dc"/>
            <object_component_ref idref="oc-dd"/>
            <object_component_ref idref="oc-de"/>
            <object_component_ref idref="oc-cc"/>
            <object_component_ref idref="oc-df"/>
            <object_component_ref idref="oc-e0"/>
            <object_component_ref idref="oc-e1"/>
            <object_component_ref idref="oc-cd"/>
            <object_component_ref idref="oc-ce"/>
            <object_component_ref idref="oc-cf"/>
            <object_component_ref idref="oc-d0"/>
            <object_component_ref idref="oc-d1"/>
            <object_component_ref idref="oc-d2"/>
            <object_component_ref idref="oc-d3"/>
            <object_component_ref idref="oc-d4"/>
            <object_component_ref idref="oc-94"/>
            <object_component_ref idref="oc-103"/>
            <object_component_ref idref="oc-102"/>
            <object_component_ref idref="oc-fa"/>
            <object_component_ref idref="oc-f9"/>
         </contents>
      </logical_group>
      <logical_group id="lg-8" display="no" color="cyan">
         <name>.ARM.exidx</name>
         <run_address>0x0</run_address>
         <size>0x0</size>
         <contents>
         </contents>
      </logical_group>
      <logical_group id="lg-9" display="no" color="cyan">
         <name>.init_array</name>
         <run_address>0x0</run_address>
         <size>0x0</size>
         <contents>
         </contents>
      </logical_group>
      <logical_group id="lg-a" display="no" color="cyan">
         <name>.binit</name>
         <load_address>0x0</load_address>
         <run_address>0x0</run_address>
         <size>0x0</size>
         <contents>
            <object_component_ref idref="oc-11d"/>
         </contents>
      </logical_group>
      <logical_group id="lg-b" display="no" color="cyan">
         <name>.TI.ramfunc</name>
         <run_address>0x0</run_address>
         <size>0x0</size>
         <contents>
         </contents>
      </logical_group>
      <logical_group id="lg-c" display="no" color="cyan">
         <name>.vtable</name>
         <run_address>0x0</run_address>
         <size>0x0</size>
         <contents>
         </contents>
      </logical_group>
      <logical_group id="lg-d" display="no" color="cyan">
         <name>.args</name>
         <run_address>0x0</run_address>
         <size>0x0</size>
         <contents>
         </contents>
      </logical_group>
      <logical_group id="lg-e" display="no" color="cyan">
         <name>.data</name>
         <run_address>0x20200fe8</run_address>
         <size>0x15</size>
         <contents>
            <object_component_ref idref="oc-60"/>
            <object_component_ref idref="oc-5c"/>
            <object_component_ref idref="oc-5e"/>
            <object_component_ref idref="oc-5f"/>
            <object_component_ref idref="oc-5d"/>
            <object_component_ref idref="oc-97"/>
         </contents>
      </logical_group>
      <logical_group id="lg-f" display="no" color="cyan">
         <name>.bss</name>
         <run_address>0x20200000</run_address>
         <size>0xfe8</size>
         <contents>
            <object_component_ref idref="oc-96"/>
            <object_component_ref idref="oc-93"/>
            <object_component_ref idref="oc-95"/>
            <object_component_ref idref="oc-5b"/>
            <object_component_ref idref="oc-be"/>
            <object_component_ref idref="oc-bf"/>
         </contents>
      </logical_group>
      <logical_group id="lg-10" display="no" color="cyan">
         <name>.sysmem</name>
         <run_address>0x0</run_address>
         <size>0x0</size>
         <contents>
         </contents>
      </logical_group>
      <logical_group id="lg-11" display="no" color="cyan">
         <name>.stack</name>
         <run_address>0x20207e00</run_address>
         <size>0x200</size>
         <contents>
            <object_component_ref idref="oc-1a"/>
            <object_component_ref idref="oc-158"/>
         </contents>
      </logical_group>
      <logical_group id="lg-12" display="no" color="cyan">
         <name>.BCRConfig</name>
         <run_address>0x0</run_address>
         <size>0x0</size>
         <contents>
         </contents>
      </logical_group>
      <logical_group id="lg-13" display="no" color="cyan">
         <name>.BSLConfig</name>
         <run_address>0x0</run_address>
         <size>0x0</size>
         <contents>
         </contents>
      </logical_group>
      <logical_group id="lg-114" display="no" color="cyan">
         <name>.TI.noinit</name>
         <run_address>0x0</run_address>
         <size>0x0</size>
         <contents>
         </contents>
      </logical_group>
      <logical_group id="lg-115" display="no" color="cyan">
         <name>.TI.persistent</name>
         <run_address>0x0</run_address>
         <size>0x0</size>
         <contents>
         </contents>
      </logical_group>
      <logical_group id="lg-116" display="no" color="cyan">
         <name>.TI.local</name>
         <run_address>0x0</run_address>
         <size>0x0</size>
         <contents>
         </contents>
      </logical_group>
      <logical_group id="lg-117" display="no" color="cyan">
         <name>.TI.onchip</name>
         <run_address>0x0</run_address>
         <size>0x0</size>
         <contents>
         </contents>
      </logical_group>
      <logical_group id="lg-118" display="no" color="cyan">
         <name>.TI.offchip</name>
         <run_address>0x0</run_address>
         <size>0x0</size>
         <contents>
         </contents>
      </logical_group>
      <logical_group id="lg-119" display="no" color="cyan">
         <name>__llvm_prf_cnts</name>
         <run_address>0x20200000</run_address>
         <size>0x0</size>
         <contents>
         </contents>
      </logical_group>
      <logical_group id="lg-11b" display="no" color="cyan">
         <name>__llvm_prf_bits</name>
         <run_address>0x20200000</run_address>
         <size>0x0</size>
         <contents>
         </contents>
      </logical_group>
      <logical_group id="lg-137" display="never" color="cyan">
         <name>.debug_loc</name>
         <load_address>0x0</load_address>
         <run_address>0x0</run_address>
         <size>0x2fe6</size>
         <contents>
            <object_component_ref idref="oc-63"/>
            <object_component_ref idref="oc-bb"/>
            <object_component_ref idref="oc-c4"/>
            <object_component_ref idref="oc-fc"/>
            <object_component_ref idref="oc-f0"/>
            <object_component_ref idref="oc-3f"/>
            <object_component_ref idref="oc-a0"/>
            <object_component_ref idref="oc-4c"/>
            <object_component_ref idref="oc-4a"/>
            <object_component_ref idref="oc-42"/>
            <object_component_ref idref="oc-9e"/>
            <object_component_ref idref="oc-106"/>
         </contents>
      </logical_group>
      <logical_group id="lg-139" display="never" color="cyan">
         <name>.debug_abbrev</name>
         <load_address>0x0</load_address>
         <run_address>0x0</run_address>
         <size>0x1079</size>
         <contents>
            <object_component_ref idref="oc-61"/>
            <object_component_ref idref="oc-c0"/>
            <object_component_ref idref="oc-39"/>
            <object_component_ref idref="oc-c2"/>
            <object_component_ref idref="oc-112"/>
            <object_component_ref idref="oc-110"/>
            <object_component_ref idref="oc-3b"/>
            <object_component_ref idref="oc-e8"/>
            <object_component_ref idref="oc-84"/>
            <object_component_ref idref="oc-66"/>
            <object_component_ref idref="oc-48"/>
            <object_component_ref idref="oc-40"/>
            <object_component_ref idref="oc-e2"/>
            <object_component_ref idref="oc-65"/>
            <object_component_ref idref="oc-83"/>
            <object_component_ref idref="oc-ca"/>
            <object_component_ref idref="oc-104"/>
            <object_component_ref idref="oc-b1"/>
            <object_component_ref idref="oc-ee"/>
            <object_component_ref idref="oc-15a"/>
         </contents>
      </logical_group>
      <logical_group id="lg-13b" display="never" color="cyan">
         <name>.debug_info</name>
[...]
   <placement_map>
      <memory_area display="yes" color="green">
         <name>FLASH</name>
         <page_id>0x0</page_id>
         <origin>0x0</origin>
         <length>0x20000</length>
         <used_space>0x5050</used_space>
         <unused_space>0x1afb0</unused_space>
         <attributes>RX</attributes>
         <usage_details>
            <allocated_space>
               <start_address>0x0</start_address>
               <size>0x0</size>
               <logical_group_ref idref="lg-a"/>
            </allocated_space>
            <allocated_space>
               <start_address>0x0</start_address>
               <size>0xc0</size>
               <logical_group_ref idref="lg-2"/>
            </allocated_space>
            <allocated_space>
               <start_address>0xc0</start_address>
               <size>0x4578</size>
               <logical_group_ref idref="lg-7"/>
            </allocated_space>
            <allocated_space>
               <start_address>0x4638</start_address>
               <size>0x9e0</size>
               <logical_group_ref idref="lg-3"/>
            </allocated_space>
            <allocated_space>
               <start_address>0x5018</start_address>
               <size>0x38</size>
               <logical_group_ref idref="lg-5"/>
            </allocated_space>
            <available_space>
               <start_address>0x5050</start_address>
               <size>0x1afb0</size>
            </available_space>
         </usage_details>
      </memory_area>
      <memory_area display="yes" color="green">
         <name>SRAM</name>
         <page_id>0x0</page_id>
         <origin>0x20200000</origin>
         <length>0x8000</length>
         <used_space>0x11fd</used_space>
         <unused_space>0x6e03</unused_space>
         <attributes>RWX</attributes>
         <usage_details>
            <allocated_space>
               <start_address>0x20200000</start_address>
               <size>0x0</size>
               <logical_group_ref idref="lg-119"/>
            </allocated_space>
            <allocated_space>
               <start_address>0x20200000</start_address>
               <size>0x0</size>
               <logical_group_ref idref="lg-11b"/>
            </allocated_space>
            <allocated_space>
               <start_address>0x20200000</start_address>
               <size>0xfe8</size>
               <logical_group_ref idref="lg-f"/>
            </allocated_space>
            <allocated_space>
               <start_address>0x20200fe8</start_address>
               <size>0x15</size>
               <logical_group_ref idref="lg-e"/>
            </allocated_space>
            <available_space>
               <start_address>0x20200ffd</start_address>
               <size>0x6e03</size>
            </available_space>
            <allocated_space>
               <start_address>0x20207e00</start_address>
               <size>0x200</size>
               <logical_group_ref idref="lg-11"/>
            </allocated_space>
         </usage_details>
      </memory_area>
      <memory_area display="yes" color="green">
         <name>BCR_CONFIG</name>
         <page_id>0x0</page_id>
         <origin>0x41c00000</origin>
         <length>0x80</length>
         <used_space>0x0</used_space>
         <unused_space>0x80</unused_space>
         <attributes>R</attributes>
         <usage_details>
         </usage_details>
      </memory_area>
      <memory_area display="yes" color="green">
         <name>BSL_CONFIG</name>
         <page_id>0x0</page_id>
         <origin>0x41c00100</origin>
         <length>0x80</length>
         <used_space>0x0</used_space>
         <unused_space>0x80</unused_space>
         <attributes>R</attributes>
         <usage_details>
         </usage_details>
      </memory_area>
   </placement_map>
   <cptbl_list>
      <cptbl>
         <name>__TI_cinit_table</name>
         <cprec>
            <name>.data</name>
            <load_address>0x5018</load_address>
            <load_size>0xd</load_size>
            <run_address>0x20200fe8</run_address>
            <run_size>0x15</run_size>
            <compression>lzss</compression>
         </cprec>
         <cprec>
            <name>.bss</name>
            <load_address>0x5034</load_address>
            <load_size>0x8</load_size>
            <run_address>0x20200000</run_address>
            <run_size>0xfe8</run_size>
            <compression>zero_init</compression>
         </cprec>
      </cptbl>
   </cptbl_list>
   <handler_table>
      <handler_table_name>__TI_handler_table</handler_table_name>
      <handler>
         <index>0x0</index>
         <name>__TI_decompress_lzss</name>
      </handler>
      <handler>
         <index>0x1</index>
         <name>__TI_decompress_none</name>
      </handler>
      <handler>
         <index>0x2</index>
         <name>__TI_zero_init</name>
      </handler>
   </handler_table>
   <symbol_table>
      <symbol id="sm-1">
         <name>__start___llvm_prf_cnts</name>
         <value>0x20200000</value>
      </symbol>
      <symbol id="sm-2">
         <name>__stop___llvm_prf_cnts</name>
         <value>0x20200000</value>
      </symbol>
      <symbol id="sm-3">
         <name>__start___llvm_prf_bits</name>
         <value>0x20200000</value>
      </symbol>
      <symbol id="sm-4">
         <name>__stop___llvm_prf_bits</name>
         <value>0x20200000</value>
      </symbol>
      <symbol id="sm-5">
         <name>__TI_CINIT_Base</name>
         <value>0x503c</value>
      </symbol>
      <symbol id="sm-6">
         <name>__TI_CINIT_Limit</name>
         <value>0x504c</value>
      </symbol>
      <symbol id="sm-7">
         <name>__TI_CINIT_Warm</name>
         <value>0x504c</value>
      </symbol>
      <symbol id="sm-8">
         <name>__TI_Handler_Table_Base</name>
         <value>0x5028</value>
      </symbol>
      <symbol id="sm-9">
         <name>__TI_Handler_Table_Limit</name>
         <value>0x5034</value>
      </symbol>
      <symbol id="sm-a">
         <name>binit</name>
         <value>0xffffffff</value>
      </symbol>
      <symbol id="sm-b">
         <name>__binit__</name>
         <value>0xffffffff</value>
      </symbol>
      <symbol id="sm-c">
         <name>__STACK_SIZE</name>
         <value>0x200</value>
      </symbol>
      <symbol id="sm-d">
         <name>__STACK_END</name>
         <value>0x20208000</value>
      </symbol>
      <symbol id="sm-e">
         <name>__TI_pprof_out_hndl</name>
         <value>0xffffffff</value>
      </symbol>
      <symbol id="sm-f">
         <name>__TI_prof_data_start</name>
         <value>0xffffffff</value>
      </symbol>
      <symbol id="sm-10">
         <name>__TI_prof_data_size</name>
         <value>0xffffffff</value>
      </symbol>
      <symbol id="sm-78">
         <name>main</name>
         <value>0x4639</value>
         <object_component_ref idref="oc-71"/>
      </symbol>
      <symbol id="sm-79">
         <name>transmissionComplete</name>
         <value>0x20200ff8</value>
         <object_component_ref idref="oc-60"/>
      </symbol>
      <symbol id="sm-7a">
         <name>idx</name>
         <value>0x20200fe8</value>
         <object_component_ref idref="oc-5c"/>
      </symbol>
      <symbol id="sm-7b">
         <name>repeat</name>
         <value>0x20200ff4</value>
         <object_component_ref idref="oc-5e"/>
      </symbol>
      <symbol id="sm-7c">
         <name>txPacket</name>
         <value>0x20200fe4</value>
      </symbol>
      <symbol id="sm-7d">
         <name>message_len</name>
         <value>0x20200fec</value>
         <object_component_ref idref="oc-5d"/>
      </symbol>
      <symbol id="sm-7e">
         <name>SPI0_IRQHandler</name>
         <value>0x4b95</value>
         <object_component_ref idref="oc-34"/>
      </symbol>
      <symbol id="sm-7f">
         <name>n_repeats</name>
         <value>0x20200ff0</value>
         <object_component_ref idref="oc-5f"/>
      </symbol>
      <symbol id="sm-a1">
         <name>SYSCFG_DL_init</name>
         <value>0x4edd</value>
         <object_component_ref idref="oc-86"/>
      </symbol>
      <symbol id="sm-a2">
         <name>SYSCFG_DL_initPower</name>
         <value>0x4df1</value>
         <object_component_ref idref="oc-b8"/>
      </symbol>
      <symbol id="sm-a3">
         <name>SYSCFG_DL_GPIO_init</name>
         <value>0x4f35</value>
         <object_component_ref idref="oc-b9"/>
      </symbol>
      <symbol id="sm-a4">
         <name>SYSCFG_DL_SYSCTL_init</name>
         <value>0x4ead</value>
         <object_component_ref idref="oc-ba"/>
      </symbol>
      <symbol id="sm-a5">
         <name>SYSCFG_DL_PWM_0_init</name>
         <value>0x4c85</value>
         <object_component_ref idref="oc-bc"/>
      </symbol>
      <symbol id="sm-a6">
         <name>SYSCFG_DL_SPI_0_init</name>
         <value>0x4d55</value>
         <object_component_ref idref="oc-bd"/>
      </symbol>
      <symbol id="sm-a7">
         <name>gPWM_0Backup</name>
         <value>0x20200f00</value>
      </symbol>
      <symbol id="sm-a8">
         <name>gSPI_0Backup</name>
         <value>0x20200fbc</value>
      </symbol>
      <symbol id="sm-b3">
         <name>Default_Handler</name>
         <value>0x4b93</value>
         <object_component_ref idref="oc-33"/>
      </symbol>
      <symbol id="sm-b4">
         <name>Reset_Handler</name>
         <value>0x5009</value>
         <object_component_ref idref="oc-2f"/>
      </symbol>
      <symbol id="sm-b5">
         <name>interruptVectors</name>
         <value>0x0</value>
         <object_component_ref idref="oc-18"/>
      </symbol>
      <symbol id="sm-b6">
         <name>NMI_Handler</name>
         <value>0x4b93</value>
         <object_component_ref idref="oc-33"/>
      </symbol>
      <symbol id="sm-b7">
         <name>HardFault_Handler</name>
         <value>0x4b93</value>
         <object_component_ref idref="oc-33"/>
      </symbol>
      <symbol id="sm-b8">
         <name>SVC_Handler</name>
         <value>0x4b93</value>
         <object_component_ref idref="oc-33"/>
      </symbol>
      <symbol id="sm-b9">
         <name>PendSV_Handler</name>
         <value>0x4b93</value>
         <object_component_ref idref="oc-33"/>
      </symbol>
      <symbol id="sm-ba">
         <name>SysTick_Handler</name>
         <value>0x4b93</value>
         <object_component_ref idref="oc-33"/>
      </symbol>
      <symbol id="sm-bb">
         <name>GROUP0_IRQHandler</name>
         <value>0x4b93</value>
         <object_component_ref idref="oc-33"/>
      </symbol>
      <symbol id="sm-bc">
         <name>GROUP1_IRQHandler</name>
         <value>0x4b93</value>
         <object_component_ref idref="oc-33"/>
      </symbol>
      <symbol id="sm-bd">
         <name>TIMG8_IRQHandler</name>
         <value>0x4b93</value>
         <object_component_ref idref="oc-33"/>
      </symbol>
      <symbol id="sm-be">
         <name>UART3_IRQHandler</name>
         <value>0x4b93</value>
         <object_component_ref idref="oc-33"/>
      </symbol>
      <symbol id="sm-bf">
         <name>ADC0_IRQHandler</name>
         <value>0x4b93</value>
         <object_component_ref idref="oc-33"/>
      </symbol>
      <symbol id="sm-c0">
         <name>ADC1_IRQHandler</name>
         <value>0x4b93</value>
         <object_component_ref idref="oc-33"/>
      </symbol>
      <symbol id="sm-c1">
         <name>CANFD0_IRQHandler</name>
         <value>0x4b93</value>
         <object_component_ref idref="oc-33"/>
      </symbol>
      <symbol id="sm-c2">
         <name>DAC0_IRQHandler</name>
         <value>0x4b93</value>
         <object_component_ref idref="oc-33"/>
      </symbol>
      <symbol id="sm-c3">
         <name>SPI1_IRQHandler</name>
         <value>0x4b93</value>
         <object_component_ref idref="oc-33"/>
      </symbol>
      <symbol id="sm-c4">
         <name>UART1_IRQHandler</name>
         <value>0x4b93</value>
         <object_component_ref idref="oc-33"/>
      </symbol>
      <symbol id="sm-c5">
         <name>UART2_IRQHandler</name>
         <value>0x4b93</value>
         <object_component_ref idref="oc-33"/>
      </symbol>
      <symbol id="sm-c6">
         <name>UART0_IRQHandler</name>
         <value>0x4b93</value>
         <object_component_ref idref="oc-33"/>
      </symbol>
      <symbol id="sm-c7">
         <name>TIMG0_IRQHandler</name>
         <value>0x4b93</value>
         <object_component_ref idref="oc-33"/>
      </symbol>
      <symbol id="sm-c8">
         <name>TIMG6_IRQHandler</name>
         <value>0x4b93</value>
         <object_component_ref idref="oc-33"/>
      </symbol>
      <symbol id="sm-c9">
         <name>TIMA0_IRQHandler</name>
         <value>0x4b93</value>
         <object_component_ref idref="oc-33"/>
      </symbol>
      <symbol id="sm-ca">
         <name>TIMA1_IRQHandler</name>
         <value>0x4b93</value>
         <object_component_ref idref="oc-33"/>
      </symbol>
      <symbol id="sm-cb">
         <name>TIMG7_IRQHandler</name>
         <value>0x4b93</value>
         <object_component_ref idref="oc-33"/>
      </symbol>
      <symbol id="sm-cc">
         <name>TIMG12_IRQHandler</name>
         <value>0x4b93</value>
         <object_component_ref idref="oc-33"/>
      </symbol>
      <symbol id="sm-cd">
         <name>I2C0_IRQHandler</name>
         <value>0x4b93</value>
         <object_component_ref idref="oc-33"/>
      </symbol>
      <symbol id="sm-ce">
         <name>I2C1_IRQHandler</name>
         <value>0x4b93</value>
         <object_component_ref idref="oc-33"/>
      </symbol>
      <symbol id="sm-cf">
         <name>AES_IRQHandler</name>
         <value>0x4b93</value>
         <object_component_ref idref="oc-33"/>
      </symbol>
      <symbol id="sm-d0">
         <name>RTC_IRQHandler</name>
         <value>0x4b93</value>
         <object_component_ref idref="oc-33"/>
      </symbol>
      <symbol id="sm-d1">
         <name>DMA_IRQHandler</name>
         <value>0x4b93</value>
         <object_component_ref idref="oc-33"/>
      </symbol>
      <symbol id="sm-d2">
         <name>__TI_ATRegion0_src_addr</name>
         <value>0x0</value>
      </symbol>
      <symbol id="sm-d3">
         <name>__TI_ATRegion0_trg_addr</name>
         <value>0x0</value>
      </symbol>
      <symbol id="sm-d4">
         <name>__TI_ATRegion0_region_sz</name>
         <value>0x0</value>
      </symbol>
      <symbol id="sm-d5">
         <name>__TI_ATRegion1_src_addr</name>
         <value>0x0</value>
      </symbol>
      <symbol id="sm-d6">
         <name>__TI_ATRegion1_trg_addr</name>
         <value>0x0</value>
      </symbol>
      <symbol id="sm-d7">
         <name>__TI_ATRegion1_region_sz</name>
         <value>0x0</value>
      </symbol>
      <symbol id="sm-d8">
         <name>__TI_ATRegion2_src_addr</name>
         <value>0x0</value>
      </symbol>
      <symbol id="sm-d9">
         <name>__TI_ATRegion2_trg_addr</name>
         <value>0x0</value>
      </symbol>
      <symbol id="sm-da">
         <name>__TI_ATRegion2_region_sz</name>
         <value>0x0</value>
      </symbol>
      <symbol id="sm-e3">
         <name>DL_Common_delayCycles</name>
         <value>0x4ff5</value>
         <object_component_ref idref="oc-8b"/>
      </symbol>
      <symbol id="sm-f0">
         <name>DL_SPI_init</name>
         <value>0x4dad</value>
         <object_component_ref idref="oc-101"/>
      </symbol>
      <symbol id="sm-f1">
         <name>DL_SPI_setClockConfig</name>
         <value>0x4fa5</value>
         <object_component_ref idref="oc-fb"/>
      </symbol>
      <symbol id="sm-108">
         <name>DL_Timer_setClockConfig</name>
         <value>0x4f71</value>
         <object_component_ref idref="oc-ef"/>
      </symbol>
      <symbol id="sm-109">
         <name>DL_Timer_setCaptureCompareValue</name>
         <value>0x4fc9</value>
         <object_component_ref idref="oc-f8"/>
      </symbol>
      <symbol id="sm-10a">
         <name>DL_Timer_setCaptCompUpdateMethod</name>
         <value>0x4f55</value>
         <object_component_ref idref="oc-f7"/>
      </symbol>
      <symbol id="sm-10b">
         <name>DL_Timer_setCaptureCompareOutCtl</name>
         <value>0x4f8d</value>
         <object_component_ref idref="oc-f6"/>
      </symbol>
      <symbol id="sm-10c">
         <name>DL_Timer_initFourCCPWMMode</name>
         <value>0x49f5</value>
         <object_component_ref idref="oc-f5"/>
      </symbol>
      <symbol id="sm-117">
         <name>_c_int00_noargs</name>
         <value>0x4f0d</value>
         <object_component_ref idref="oc-54"/>
      </symbol>
      <symbol id="sm-118">
         <name>__stack</name>
         <value>0x20207e00</value>
         <object_component_ref idref="oc-1a"/>
      </symbol>
      <symbol id="sm-124">
         <name>__TI_auto_init_nobinit_nopinit</name>
         <value>0x4e71</value>
         <object_component_ref idref="oc-9f"/>
      </symbol>
      <symbol id="sm-12c">
         <name>_system_pre_init</name>
         <value>0x500d</value>
         <object_component_ref idref="oc-6d"/>
      </symbol>
      <symbol id="sm-137">
         <name>__TI_zero_init</name>
         <value>0x4fd9</value>
         <object_component_ref idref="oc-51"/>
      </symbol>
      <symbol id="sm-140">
         <name>__TI_decompress_none</name>
         <value>0x4fb7</value>
         <object_component_ref idref="oc-20"/>
      </symbol>
      <symbol id="sm-14b">
         <name>__TI_decompress_lzss</name>
         <value>0x4c0d</value>
         <object_component_ref idref="oc-1c"/>
      </symbol>
      <symbol id="sm-155">
         <name>abort</name>
         <value>0x5011</value>
         <object_component_ref idref="oc-98"/>
      </symbol>
      <symbol id="sm-156">
         <name>C$$EXIT</name>
         <value>0x5010</value>
         <object_component_ref idref="oc-98"/>
      </symbol>
      <symbol id="sm-15e">
         <name>__aeabi_memcpy</name>
         <value>0x5001</value>
         <object_component_ref idref="oc-44"/>
      </symbol>
      <symbol id="sm-15f">
         <name>__aeabi_memcpy4</name>
         <value>0x5001</value>
         <object_component_ref idref="oc-44"/>
      </symbol>
      <symbol id="sm-160">
         <name>__aeabi_memcpy8</name>
         <value>0x5001</value>
         <object_component_ref idref="oc-44"/>
      </symbol>
      <symbol id="sm-167">
         <name>__aeabi_memclr</name>
         <value>0x4fe9</value>
         <object_component_ref idref="oc-68"/>
      </symbol>
      <symbol id="sm-168">
         <name>__aeabi_memclr4</name>
         <value>0x4fe9</value>
         <object_component_ref idref="oc-68"/>
      </symbol>
      <symbol id="sm-169">
         <name>__aeabi_memclr8</name>
         <value>0x4fe9</value>
         <object_component_ref idref="oc-68"/>
      </symbol>
      <symbol id="sm-16f">
         <name>__aeabi_uidiv</name>
         <value>0x4e31</value>
         <object_component_ref idref="oc-8f"/>
      </symbol>
      <symbol id="sm-170">
         <name>__aeabi_uidivmod</name>
         <value>0x4e31</value>
         <object_component_ref idref="oc-8f"/>
      </symbol>
      <symbol id="sm-17a">
         <name>__aeabi_idiv0</name>
         <value>0x4d53</value>
         <object_component_ref idref="oc-c5"/>
      </symbol>
      <symbol id="sm-193">
         <name>memcpy</name>
         <value>0x4af9</value>
         <object_component_ref idref="oc-81"/>
      </symbol>
      <symbol id="sm-1a2">
         <name>memset</name>
         <value>0x4cf1</value>
         <object_component_ref idref="oc-b7"/>
      </symbol>
      <symbol id="sm-1a3">
         <name>__TI_static_base__</name>
         <value>0x0</value>
      </symbol>
      <symbol id="sm-1a6">
         <name>__mpu_init</name>
         <value>0x0</value>
      </symbol>
      <symbol id="sm-1a7">
         <name>_system_post_cinit</name>
         <value>0x0</value>
      </symbol>
   </symbol_table>
   <title>Link successful</title>
</link_info>
