******************************************************************************
            TI ARM Clang Linker Unix v3.2.1                    
******************************************************************************
>> Linked Sun Aug  3 11:20:36 2025

OUTPUT FILE NAME:   <fish-tank.out>
ENTRY POINT SYMBOL: "_c_int00_noargs"  address: 000145cd


MEMORY CONFIGURATION

         name            origin    length      used     unused   attr    fill
----------------------  --------  ---------  --------  --------  ----  --------
  FLASH                 00000000   00020000  00014828  0000b7d8  R  X
  SRAM                  20200000   00008000  00001d9f  00006261  RW X
  BCR_CONFIG            41c00000   00000080  00000000  00000080  R   
  BSL_CONFIG            41c00100   00000080  00000000  00000080  R   


SEGMENT ALLOCATION MAP

run origin  load origin   length   init length attrs members
----------  ----------- ---------- ----------- ----- -------
00000000    00000000    00014828   00014828    r-x
  00000000    00000000    000000c0   000000c0    r-- .intvecs
  000000c0    000000c0    00011850   00011850    r-- .rodata
  00011910    00011910    00002e88   00002e88    r-x .text
  00014798    00014798    00000090   00000090    r-- .cinit
20200000    20200000    00001ba1   00000000    rw-
  20200000    20200000    000011b6   00000000    rw- .bss
  202011b8    202011b8    00000800   00000000    rw- .sysmem
  202019b8    202019b8    000001e9   00000000    rw- .data
20207e00    20207e00    00000200   00000000    rw-
  20207e00    20207e00    00000200   00000000    rw- .stack


SECTION ALLOCATION MAP

 output                                  attributes/
section   page    origin      length       input sections
--------  ----  ----------  ----------   ----------------
.intvecs   0    00000000    000000c0     
                  00000000    000000c0     startup_mspm0g350x_ticlang.o (.intvecs)

.text      0    00011910    00002e88     
                  00011910    00000668     animations.o (.text.play_game)
                  00011f78    000002e0     animations.o (.text.show_sleep)
                  00012258    000001ec     animations.o (.text.show_intro)
                  00012444    000001d4     display.o (.text.load_image_rgb)
                  00012618    000001cc     animations.o (.text.show_feed)
                  000127e4    000001a4     effects.o (.text.play_note)
                  00012988    000001a0     main.o (.text.main)
                  00012b28    0000017c     animations.o (.text.show_sleeping)
                  00012ca4    00000168     animations.o (.text.show_swim)
                  00012e0c    00000168     animations.o (.text.show_swim_fast)
                  00012f74    00000154     display.o (.text.build_frame_from_image)
                  000130c8    0000012c     libc.a : memory.c.obj (.text.aligned_alloc)
                  000131f4    00000104     driverlib.a : dl_timer.o (.text.DL_Timer_initFourCCPWMMode)
                  000132f8    00000104     libc.a : fputs.c.obj (.text.fputs)
                  000133fc    000000ec            : memory.c.obj (.text.free)
                  000134e8    000000dc            : setvbuf.c.obj (.text.setvbuf)
                  000135c4    000000c8     simon_random.o (.text.srand)
                  0001368c    0000009a     libc.a : memcpy16.S.obj (.text:memcpy)
                  00013726    00000002     startup_mspm0g350x_ticlang.o (.text.Default_Handler)
                  00013728    00000084     display.o (.text.build_encode_lut)
                  000137ac    00000082     libclang_rt.builtins.a : divsf3.S.obj (.text.__divsf3)
                  0001382e    00000002                            : aeabi_div0.c.obj (.text.__aeabi_idiv0)
                  00013830    0000007c     simon_random.o (.text.GenerateRandomNumber)
                  000138ac    0000007c     libc.a : fclose.c.obj (.text.__TI_closefile)
                  00013928    00000078     main.o (.text.SPI0_IRQHandler)
                  000139a0    00000078     libc.a : copy_decompress_lzss.c.obj (.text:decompress:lzss)
                  00013a18    00000074     display.o (.text.send_frame)
                  00013a8c    00000070     effects.o (.text.wait3)
                  00013afc    0000006c     libsysbm.a : hostlseek.c.obj (.text.HOSTlseek)
                  00013b68    0000006c                : hostrename.c.obj (.text.HOSTrename)
                  00013bd4    0000006c     lab6_helper.o (.text.InitializeTimerA1_PWM)
                  00013c40    0000006c     ti_msp_dl_config.o (.text.SYSCFG_DL_PWM_0_init)
                  00013cac    0000006c     libc.a : fseek.c.obj (.text.fseeko)
                  00013d18    00000068            : getdevice.c.obj (.text.getdevice)
                  00013d80    00000064            : _io_perm.c.obj (.text.__TI_wrt_ok)
                  00013de4    00000064            : memory.c.obj (.text.split)
                  00013e48    00000062            : memset16.S.obj (.text:memset)
                  00013eaa    00000002            : _lock.c.obj (.text._nop)
                  00013eac    00000060     libsysbm.a : hostopen.c.obj (.text.HOSTopen)
                  00013f0c    00000058                : hostread.c.obj (.text.HOSTread)
                  00013f64    00000058                : hostwrite.c.obj (.text.HOSTwrite)
                  00013fbc    00000058     lab6_helper.o (.text.InitializeTimerG0)
                  00014014    00000058     ti_msp_dl_config.o (.text.SYSCFG_DL_SPI_0_init)
                  0001406c    00000052     libc.a : fflush.c.obj (.text.__TI_doflush)
                  000140be    00000002     --HOLE-- [fill = 0]
                  000140c0    00000050     lab6_helper.o (.text.InitializeGPIO)
                  00014110    00000050     libsysbm.a : close.c.obj (.text.close)
                  00014160    00000048                : hostclose.c.obj (.text.HOSTclose)
                  000141a8    00000048                : hostunlink.c.obj (.text.HOSTunlink)
                  000141f0    00000044     driverlib.a : dl_spi.o (.text.DL_SPI_init)
                  00014234    00000040     ti_msp_dl_config.o (.text.SYSCFG_DL_initPower)
                  00014274    00000040     libclang_rt.builtins.a : aeabi_uidivmod.S.obj (.text.__aeabi_uidivmod)
                  000142b4    0000003c     simon_random.o (.text.rand)
                  000142f0    0000003c     libc.a : autoinit.c.obj (.text:__TI_auto_init_nobinit_nopinit)
                  0001432c    00000038     libclang_rt.builtins.a : fixsfsi.S.obj (.text.__fixsfsi)
                  00014364    00000038     libc.a : getdevice.c.obj (.text.finddevice)
                  0001439c    00000034            : fopen.c.obj (.text.__TI_cleanup)
                  000143d0    00000034     libsysbm.a : trgmsg.c.obj (.text.__TI_readmsg)
                  00014404    00000034                : trgmsg.c.obj (.text.__TI_writemsg)
                  00014438    00000034     libc.a : exit.c.obj (.text.exit)
                  0001446c    00000030     lab6_helper.o (.text.InitializeProcessor)
                  0001449c    00000030     ti_msp_dl_config.o (.text.SYSCFG_DL_SYSCTL_init)
                  000144cc    00000030     ti_msp_dl_config.o (.text.SYSCFG_DL_init)
                  000144fc    0000002c     buttons.o (.text.any_button_on)
                  00014528    0000002c     libsysbm.a : unlink.c.obj (.text.unlink)
                  00014554    00000028     libc.a : memory.c.obj (.text.free_list_insert)
                  0001457c    00000028     libsysbm.a : lseek.c.obj (.text.lseek)
                  000145a4    00000028                : write.c.obj (.text.write)
                  000145cc    00000028     libc.a : boot_cortex_m.c.obj (.text:_c_int00_noargs)
                  000145f4    00000024            : fputs.c.obj (.text.puts)
                  00014618    00000020     ti_msp_dl_config.o (.text.SYSCFG_DL_GPIO_init)
                  00014638    0000001c     driverlib.a : dl_timer.o (.text.DL_Timer_setCaptCompUpdateMethod)
                  00014654    0000001c                 : dl_timer.o (.text.DL_Timer_setClockConfig)
                  00014670    0000001c     libc.a : memory.c.obj (.text.free_list_remove)
                  0001468c    00000018     driverlib.a : dl_timer.o (.text.DL_Timer_setCaptureCompareOutCtl)
                  000146a4    00000018     main.o (.text.TIMG0_IRQHandler)
                  000146bc    00000014     buttons.o (.text.button_on)
                  000146d0    00000012     driverlib.a : dl_spi.o (.text.DL_SPI_setClockConfig)
                  000146e2    00000012     libsysbm.a : hostrename.c.obj (.text.strcpy)
                  000146f4    00000012     libc.a : copy_decompress_none.c.obj (.text:decompress:none)
                  00014706    00000002     --HOLE-- [fill = 0]
                  00014708    00000010     driverlib.a : dl_timer.o (.text.DL_Timer_setCaptureCompareValue)
                  00014718    00000010     libc.a : copy_zero_init.c.obj (.text:decompress:ZI)
                  00014728    0000000e            : memory.c.obj (.text.OUTLINED_FUNCTION_0)
                  00014736    0000000e     libsysbm.a : hostrename.c.obj (.text.strlen)
                  00014744    0000000c     libclang_rt.builtins.a : aeabi_memset.S.obj (.text.__aeabi_memclr)
                  00014750    0000000c     libc.a : memory.c.obj (.text.malloc)
                  0001475c    0000000a     driverlib.a : dl_common.o (.text.DL_Common_delayCycles)
                  00014766    0000000a     lab6_helper.o (.text.delay_cycles)
                  00014770    00000008     libclang_rt.builtins.a : aeabi_memcpy.S.obj (.text.__aeabi_memcpy)
                  00014778    00000008     libc.a : fseek.c.obj (.text.fseek)
                  00014780    00000008     libsysbm.a : remove.c.obj (.text.remove)
                  00014788    00000004     startup_mspm0g350x_ticlang.o (.text.Reset_Handler)
                  0001478c    00000004     libc.a : pre_init.c.obj (.text._system_pre_init)
                  00014790    00000004            : exit.c.obj (.text:abort)
                  00014794    00000004     --HOLE-- [fill = 0]

.cinit     0    00014798    00000090     
                  00014798    0000006a     (.cinit..data.load) [load image, compression = lzss]
                  00014802    00000002     --HOLE-- [fill = 0]
                  00014804    0000000c     (__TI_handler_table)
                  00014810    00000008     (.cinit..bss.load) [load image, compression = zero_init]
                  00014818    00000010     (__TI_cinit_table)

.rodata    0    000000c0    00011850     
                  000000c0    00000300     animations.o (.rodata.FISH_FEED_0)
                  000003c0    00000300     animations.o (.rodata.FISH_FEED_10)
                  000006c0    00000300     animations.o (.rodata.FISH_FEED_11)
                  000009c0    00000300     animations.o (.rodata.FISH_FEED_12)
                  00000cc0    00000300     animations.o (.rodata.FISH_FEED_1)
                  00000fc0    00000300     animations.o (.rodata.FISH_FEED_2)
                  000012c0    00000300     animations.o (.rodata.FISH_FEED_3)
                  000015c0    00000300     animations.o (.rodata.FISH_FEED_4)
                  000018c0    00000300     animations.o (.rodata.FISH_FEED_5)
                  00001bc0    00000300     animations.o (.rodata.FISH_FEED_6)
                  00001ec0    00000300     animations.o (.rodata.FISH_FEED_7)
                  000021c0    00000300     animations.o (.rodata.FISH_FEED_8)
                  000024c0    00000300     animations.o (.rodata.FISH_FEED_9)
                  000027c0    00000300     animations.o (.rodata.FISH_GAME_0)
                  00002ac0    00000300     animations.o (.rodata.FISH_GAME_10)
                  00002dc0    00000300     animations.o (.rodata.FISH_GAME_11)
                  000030c0    00000300     animations.o (.rodata.FISH_GAME_12)
                  000033c0    00000300     animations.o (.rodata.FISH_GAME_13)
                  000036c0    00000300     animations.o (.rodata.FISH_GAME_14)
                  000039c0    00000300     animations.o (.rodata.FISH_GAME_15)
                  00003cc0    00000300     animations.o (.rodata.FISH_GAME_16)
                  00003fc0    00000300     animations.o (.rodata.FISH_GAME_17)
                  000042c0    00000300     animations.o (.rodata.FISH_GAME_18)
                  000045c0    00000300     animations.o (.rodata.FISH_GAME_19)
                  000048c0    00000300     animations.o (.rodata.FISH_GAME_1)
                  00004bc0    00000300     animations.o (.rodata.FISH_GAME_20)
                  00004ec0    00000300     animations.o (.rodata.FISH_GAME_21)
                  000051c0    00000300     animations.o (.rodata.FISH_GAME_22)
                  000054c0    00000300     animations.o (.rodata.FISH_GAME_2)
                  000057c0    00000300     animations.o (.rodata.FISH_GAME_3)
                  00005ac0    00000300     animations.o (.rodata.FISH_GAME_4)
                  00005dc0    00000300     animations.o (.rodata.FISH_GAME_5)
                  000060c0    00000300     animations.o (.rodata.FISH_GAME_6)
                  000063c0    00000300     animations.o (.rodata.FISH_GAME_7)
                  000066c0    00000300     animations.o (.rodata.FISH_GAME_8)
                  000069c0    00000300     animations.o (.rodata.FISH_GAME_9)
                  00006cc0    00000300     animations.o (.rodata.FISH_INTRO_0)
                  00006fc0    00000300     animations.o (.rodata.FISH_INTRO_10)
                  000072c0    00000300     animations.o (.rodata.FISH_INTRO_11)
                  000075c0    00000300     animations.o (.rodata.FISH_INTRO_12)
                  000078c0    00000300     animations.o (.rodata.FISH_INTRO_13)
                  00007bc0    00000300     animations.o (.rodata.FISH_INTRO_1)
                  00007ec0    00000300     animations.o (.rodata.FISH_INTRO_2)
                  000081c0    00000300     animations.o (.rodata.FISH_INTRO_3)
                  000084c0    00000300     animations.o (.rodata.FISH_INTRO_4)
                  000087c0    00000300     animations.o (.rodata.FISH_INTRO_5)
                  00008ac0    00000300     animations.o (.rodata.FISH_INTRO_6)
                  00008dc0    00000300     animations.o (.rodata.FISH_INTRO_7)
                  000090c0    00000300     animations.o (.rodata.FISH_INTRO_8)
                  000093c0    00000300     animations.o (.rodata.FISH_INTRO_9)
                  000096c0    00000300     animations.o (.rodata.FISH_SLEEP_0)
                  000099c0    00000300     animations.o (.rodata.FISH_SLEEP_10)
                  00009cc0    00000300     animations.o (.rodata.FISH_SLEEP_11)
                  00009fc0    00000300     animations.o (.rodata.FISH_SLEEP_12)
                  0000a2c0    00000300     animations.o (.rodata.FISH_SLEEP_13)
                  0000a5c0    00000300     animations.o (.rodata.FISH_SLEEP_14)
                  0000a8c0    00000300     animations.o (.rodata.FISH_SLEEP_15)
                  0000abc0    00000300     animations.o (.rodata.FISH_SLEEP_16)
                  0000aec0    00000300     animations.o (.rodata.FISH_SLEEP_17)
                  0000b1c0    00000300     animations.o (.rodata.FISH_SLEEP_18)
                  0000b4c0    00000300     animations.o (.rodata.FISH_SLEEP_19)
                  0000b7c0    00000300     animations.o (.rodata.FISH_SLEEP_1)
                  0000bac0    00000300     animations.o (.rodata.FISH_SLEEP_20)
                  0000bdc0    00000300     animations.o (.rodata.FISH_SLEEP_21)
                  0000c0c0    00000300     animations.o (.rodata.FISH_SLEEP_22)
                  0000c3c0    00000300     animations.o (.rodata.FISH_SLEEP_2)
                  0000c6c0    00000300     animations.o (.rodata.FISH_SLEEP_3)
                  0000c9c0    00000300     animations.o (.rodata.FISH_SLEEP_4)
                  0000ccc0    00000300     animations.o (.rodata.FISH_SLEEP_5)
                  0000cfc0    00000300     animations.o (.rodata.FISH_SLEEP_6)
                  0000d2c0    00000300     animations.o (.rodata.FISH_SLEEP_7)
                  0000d5c0    00000300     animations.o (.rodata.FISH_SLEEP_8)
                  0000d8c0    00000300     animations.o (.rodata.FISH_SLEEP_9)
                  0000dbc0    00000300     animations.o (.rodata.FISH_SWIM_0)
                  0000dec0    00000300     animations.o (.rodata.FISH_SWIM_10)
                  0000e1c0    00000300     animations.o (.rodata.FISH_SWIM_11)
                  0000e4c0    00000300     animations.o (.rodata.FISH_SWIM_12)
                  0000e7c0    00000300     animations.o (.rodata.FISH_SWIM_13)
                  0000eac0    00000300     animations.o (.rodata.FISH_SWIM_14)
                  0000edc0    00000300     animations.o (.rodata.FISH_SWIM_15)
                  0000f0c0    00000300     animations.o (.rodata.FISH_SWIM_16)
                  0000f3c0    00000300     animations.o (.rodata.FISH_SWIM_17)
                  0000f6c0    00000300     animations.o (.rodata.FISH_SWIM_18)
                  0000f9c0    00000300     animations.o (.rodata.FISH_SWIM_19)
                  0000fcc0    00000300     animations.o (.rodata.FISH_SWIM_1)
                  0000ffc0    00000300     animations.o (.rodata.FISH_SWIM_2)
                  000102c0    00000300     animations.o (.rodata.FISH_SWIM_3)
                  000105c0    00000300     animations.o (.rodata.FISH_SWIM_4)
                  000108c0    00000300     animations.o (.rodata.FISH_SWIM_5)
                  00010bc0    00000300     animations.o (.rodata.FISH_SWIM_6)
                  00010ec0    00000300     animations.o (.rodata.FISH_SWIM_7)
                  000111c0    00000300     animations.o (.rodata.FISH_SWIM_8)
                  000114c0    00000300     animations.o (.rodata.FISH_SWIM_9)
                  000117c0    00000060     animations.o (.rodata.FISH_SLEEP_FRAMES)
                  00011820    00000054     animations.o (.rodata.FISH_SWIM_FRAMES)
                  00011874    0000001f     effects.o (.rodata.str1.177535217714638506941)
                  00011893    00000001     --HOLE-- [fill = 0]
                  00011894    00000010     animations.o (.rodata.GAME_R_WIN)
                  000118a4    00000010     animations.o (.rodata.str1.135798089681644946231)
                  000118b4    00000010     animations.o (.rodata.str1.148049664265104123791)
                  000118c4    00000010     animations.o (.rodata.str1.33033795218430282561)
                  000118d4    00000010     animations.o (.rodata.str1.56524614623537094381)
                  000118e4    00000010     animations.o (.rodata.str1.77131140323349552801)
                  000118f4    0000000a     ti_msp_dl_config.o (.rodata.gSPI_0_config)
                  000118fe    00000002     ti_msp_dl_config.o (.rodata.gSPI_0_clockConfig)
                  00011900    00000008     ti_msp_dl_config.o (.rodata.gPWM_0Config)
                  00011908    00000003     ti_msp_dl_config.o (.rodata.gPWM_0ClockConfig)
                  0001190b    00000002     libc.a : fputs.c.obj (.rodata.str1.127069605411828601681)
                  0001190d    00000003     --HOLE-- [fill = 0]

.init_array 
*          0    00000000    00000000     UNINITIALIZED

.binit     0    00000000    00000000     

.bss       0    20200000    000011b6     UNINITIALIZED
                  20200000    00000900     (.common:frame_encoded)
                  20200900    00000300     (.common:ENC)
                  20200c00    00000300     (.common:image_grb)
                  20200f00    00000120     libsysbm.a : trgmsg.c.obj (.bss:_CIOBUF_)
                  20201020    000000bc     (.common:gPWM_0Backup)
                  202010dc    000000a0     libc.a : defs.c.obj (.bss.__TI_tmpnams)
                  2020117c    00000028     (.common:gSPI_0Backup)
                  202011a4    00000008     libsysbm.a : hostopen.c.obj (.bss.parmbuf)
                  202011ac    00000004     libc.a : memory.c.obj (.bss.sys_free)
                  202011b0    00000004     (.common:txPacket)
                  202011b4    00000002     (.common:lfsr)

.sysmem    0    202011b8    00000800     UNINITIALIZED
                  202011b8    00000010     libc.a : memory.c.obj (.sysmem)
                  202011c8    000007f0     --HOLE--

.data      0    202019b8    000001e9     UNINITIALIZED
                  202019b8    000000f0     libc.a : defs.c.obj (.data._ftable)
                  20201aa8    00000078     libsysbm.a : host_device.c.obj (.data._device)
                  20201b20    00000050                : host_device.c.obj (.data._stream)
                  20201b70    00000008     libc.a : exit.c.obj (.data..L_MergedGlobals)
                  20201b78    00000004            : defs.c.obj (.data.__TI_ft_end)
                  20201b7c    00000004            : _lock.c.obj (.data._lock)
                  20201b80    00000004            : _lock.c.obj (.data._unlock)
                  20201b84    00000004     display.o (.data.idx)
                  20201b88    00000004     display.o (.data.message_len)
                  20201b8c    00000004     display.o (.data.n_repeats)
                  20201b90    00000004     display.o (.data.repeat)
                  20201b94    00000004     effects.o (.data.timerTicked)
                  20201b98    00000004     display.o (.data.transmissionComplete)
                  20201b9c    00000001     display.o (.data.g_brightness)
                  20201b9d    00000001     main.o (.data.state)
                  20201b9e    00000002     --HOLE--
                  20201ba0    00000001     libc.a : memory.c.obj (.data.memory_is_initialized)

.stack     0    20207e00    00000200     UNINITIALIZED
                  20207e00    00000004     libc.a : boot_cortex_m.c.obj (.stack)
                  20207e04    000001fc     --HOLE--

__llvm_prf_cnts 
*          0    20200000    00000000     UNINITIALIZED

__llvm_prf_bits 
*          0    20200000    00000000     UNINITIALIZED

MODULE SUMMARY

       Module                         code    ro data   rw data
       ------                         ----    -------   -------
    ./
       animations.o                   4428    71700     2304   
       display.o                      1056    0         1561   
       ti_msp_dl_config.o             388     23        228    
       effects.o                      532     31        4      
       main.o                         560     0         1      
       simon_random.o                 384     0         2      
       lab6_helper.o                  334     0         0      
       startup_mspm0g350x_ticlang.o   6       192       0      
       buttons.o                      64      0         0      
    +--+------------------------------+-------+---------+---------+
       Total:                         7752    71946     4100   
                                                               
    /Applications/ti/ccs1281/ccs/tools/compiler/ti-cgt-armllvm_3.2.1.LTS/lib/armv6m-ti-none-eabi/c/libc.a
       memory.c.obj                   730     0         5      
       defs.c.obj                     0       0         404    
       fputs.c.obj                    296     2         0      
       setvbuf.c.obj                  220     0         0      
       getdevice.c.obj                160     0         0      
       memcpy16.S.obj                 154     0         0      
       fclose.c.obj                   124     0         0      
       copy_decompress_lzss.c.obj     120     0         0      
       fseek.c.obj                    116     0         0      
       _io_perm.c.obj                 100     0         0      
       memset16.S.obj                 98      0         0      
       fflush.c.obj                   82      0         0      
       exit.c.obj                     56      0         8      
       autoinit.c.obj                 60      0         0      
       fopen.c.obj                    52      0         0      
       boot_cortex_m.c.obj            40      0         0      
       copy_decompress_none.c.obj     18      0         0      
       copy_zero_init.c.obj           16      0         0      
       _lock.c.obj                    2       0         8      
       pre_init.c.obj                 4       0         0      
    +--+------------------------------+-------+---------+---------+
       Total:                         2448    2         425    
                                                               
    /Applications/ti/ccs1281/ccs/tools/compiler/ti-cgt-armllvm_3.2.1.LTS/lib/armv6m-ti-none-eabi/c/libsysbm.a
       trgmsg.c.obj                   104     0         288    
       host_device.c.obj              0       0         200    
       hostrename.c.obj               140     0         0      
       hostlseek.c.obj                108     0         0      
       hostopen.c.obj                 96      0         8      
       hostread.c.obj                 88      0         0      
       hostwrite.c.obj                88      0         0      
       close.c.obj                    80      0         0      
       hostclose.c.obj                72      0         0      
       hostunlink.c.obj               72      0         0      
       unlink.c.obj                   44      0         0      
       lseek.c.obj                    40      0         0      
       write.c.obj                    40      0         0      
       remove.c.obj                   8       0         0      
    +--+------------------------------+-------+---------+---------+
       Total:                         980     0         496    
                                                               
    /Applications/ti/ccs1281/ccs/tools/compiler/ti-cgt-armllvm_3.2.1.LTS/lib/clang/15.0.7/lib/armv6m-ti-none-eabi/libclang_rt.builtins.a
       divsf3.S.obj                   130     0         0      
       aeabi_uidivmod.S.obj           64      0         0      
       fixsfsi.S.obj                  56      0         0      
       aeabi_memset.S.obj             12      0         0      
       aeabi_memcpy.S.obj             8       0         0      
       aeabi_div0.c.obj               2       0         0      
    +--+------------------------------+-------+---------+---------+
       Total:                         272     0         0      
                                                               
    /Users/reneewrysinski/ti/mspm0_sdk_2_03_00_07/source/ti/driverlib/lib/ticlang/m0p/mspm0g1x0x_g3x0x/driverlib.a
       dl_timer.o                     356     0         0      
       dl_spi.o                       86      0         0      
       dl_common.o                    10      0         0      
    +--+------------------------------+-------+---------+---------+
       Total:                         452     0         0      
                                                               
       Heap:                          0       0         2048   
       Stack:                         0       0         512    
       Linker Generated:              0       142       0      
    +--+------------------------------+-------+---------+---------+
       Grand Total:                   11904   72090     7581   


LINKER GENERATED COPY TABLES

__TI_cinit_table @ 00014818 records: 2, size/record: 8, table size: 16
	.data: load addr=00014798, load size=0000006a bytes, run addr=202019b8, run size=000001e9 bytes, compression=lzss
	.bss: load addr=00014810, load size=00000008 bytes, run addr=20200000, run size=000011b6 bytes, compression=zero_init


LINKER GENERATED HANDLER TABLE

__TI_handler_table @ 00014804 records: 3, size/record: 4, table size: 12
	index: 0, handler: __TI_decompress_lzss
	index: 1, handler: __TI_decompress_none
	index: 2, handler: __TI_zero_init


GLOBAL SYMBOLS: SORTED ALPHABETICALLY BY Name 

address   name                            
-------   ----                            
00013727  ADC0_IRQHandler                 
00013727  ADC1_IRQHandler                 
00013727  AES_IRQHandler                  
00014790  C$$EXIT                         
00014431  C$$IO$$                         
00013727  CANFD0_IRQHandler               
00013727  DAC0_IRQHandler                 
0001475d  DL_Common_delayCycles           
000141f1  DL_SPI_init                     
000146d1  DL_SPI_setClockConfig           
000131f5  DL_Timer_initFourCCPWMMode      
00014639  DL_Timer_setCaptCompUpdateMethod
0001468d  DL_Timer_setCaptureCompareOutCtl
00014709  DL_Timer_setCaptureCompareValue 
00014655  DL_Timer_setClockConfig         
00013727  DMA_IRQHandler                  
00013727  Default_Handler                 
20200900  ENC                             
00013727  GROUP0_IRQHandler               
00013727  GROUP1_IRQHandler               
00013831  GenerateRandomNumber            
00014161  HOSTclose                       
00013afd  HOSTlseek                       
00013ead  HOSTopen                        
00013f0d  HOSTread                        
00013b69  HOSTrename                      
000141a9  HOSTunlink                      
00013f65  HOSTwrite                       
00013727  HardFault_Handler               
00013727  I2C0_IRQHandler                 
00013727  I2C1_IRQHandler                 
000140c1  InitializeGPIO                  
0001446d  InitializeProcessor             
00013bd5  InitializeTimerA1_PWM           
00013fbd  InitializeTimerG0               
00013727  NMI_Handler                     
00013727  PendSV_Handler                  
00013727  RTC_IRQHandler                  
00014789  Reset_Handler                   
00013929  SPI0_IRQHandler                 
00013727  SPI1_IRQHandler                 
00013727  SVC_Handler                     
00014619  SYSCFG_DL_GPIO_init             
00013c41  SYSCFG_DL_PWM_0_init            
00014015  SYSCFG_DL_SPI_0_init            
0001449d  SYSCFG_DL_SYSCTL_init           
000144cd  SYSCFG_DL_init                  
00014235  SYSCFG_DL_initPower             
00013727  SysTick_Handler                 
00013727  TIMA0_IRQHandler                
00013727  TIMA1_IRQHandler                
000146a5  TIMG0_IRQHandler                
00013727  TIMG12_IRQHandler               
00013727  TIMG6_IRQHandler                
00013727  TIMG7_IRQHandler                
00013727  TIMG8_IRQHandler                
00013727  UART0_IRQHandler                
00013727  UART1_IRQHandler                
00013727  UART2_IRQHandler                
00013727  UART3_IRQHandler                
20200f00  _CIOBUF_                        
20200f00  __CIOBUF_                       
20208000  __STACK_END                     
00000200  __STACK_SIZE                    
00000800  __SYSMEM_SIZE                   
00000000  __TI_ATRegion0_region_sz        
00000000  __TI_ATRegion0_src_addr         
00000000  __TI_ATRegion0_trg_addr         
00000000  __TI_ATRegion1_region_sz        
00000000  __TI_ATRegion1_src_addr         
00000000  __TI_ATRegion1_trg_addr         
00000000  __TI_ATRegion2_region_sz        
00000000  __TI_ATRegion2_src_addr         
00000000  __TI_ATRegion2_trg_addr         
00014818  __TI_CINIT_Base                 
00014828  __TI_CINIT_Limit                
00014828  __TI_CINIT_Warm                 
00014804  __TI_Handler_Table_Base         
00014810  __TI_Handler_Table_Limit        
000142f1  __TI_auto_init_nobinit_nopinit  
0001439d  __TI_cleanup                    
20201b70  __TI_cleanup_ptr                
000138ad  __TI_closefile                  
000139a1  __TI_decompress_lzss            
000146f5  __TI_decompress_none            
0001406d  __TI_doflush                    
20201b74  __TI_dtors_ptr                  
20201b78  __TI_ft_end                     
ffffffff  __TI_pprof_out_hndl             
ffffffff  __TI_prof_data_size             
ffffffff  __TI_prof_data_start            
000143d1  __TI_readmsg                    
00000000  __TI_static_base__              
202010dc  __TI_tmpnams                    
00014405  __TI_writemsg                   
00013d81  __TI_wrt_ok                     
00014719  __TI_zero_init                  
0001432d  __aeabi_f2iz                    
000137ad  __aeabi_fdiv                    
0001382f  __aeabi_idiv0                   
00014745  __aeabi_memclr                  
00014745  __aeabi_memclr4                 
00014745  __aeabi_memclr8                 
00014771  __aeabi_memcpy                  
00014771  __aeabi_memcpy4                 
00014771  __aeabi_memcpy8                 
00014275  __aeabi_uidiv                   
00014275  __aeabi_uidivmod                
ffffffff  __binit__                       
000137ad  __divsf3                        
0001432d  __fixsfsi                       
UNDEFED   __mpu_init                      
20207e00  __stack                         
20200000  __start___llvm_prf_bits         
20200000  __start___llvm_prf_cnts         
20200000  __stop___llvm_prf_bits          
20200000  __stop___llvm_prf_cnts          
000145cd  _c_int00_noargs                 
20201aa8  _device                         
202019b8  _ftable                         
20201b7c  _lock                           
00013eab  _nop                            
20201b20  _stream                         
202011b8  _sys_memory                     
UNDEFED   _system_post_cinit              
0001478d  _system_pre_init                
20201b80  _unlock                         
00014791  abort                           
000130c9  aligned_alloc                   
000144fd  any_button_on                   
ffffffff  binit                           
00013729  build_encode_lut                
00012f75  build_frame_from_image          
000146bd  button_on                       
00014111  close                           
00014767  delay_cycles                    
00014439  exit                            
00014365  finddevice                      
000132f9  fputs                           
20200000  frame_encoded                   
000133fd  free                            
00014779  fseek                           
00013cad  fseeko                          
20201020  gPWM_0Backup                    
2020117c  gSPI_0Backup                    
00013d19  getdevice                       
20201b84  idx                             
20200c00  image_grb                       
00000000  interruptVectors                
202011b4  lfsr                            
00012445  load_image_rgb                  
0001457d  lseek                           
00012989  main                            
00014751  malloc                          
000130c9  memalign                        
0001368d  memcpy                          
00013e49  memset                          
20201b88  message_len                     
20201b8c  n_repeats                       
202011a4  parmbuf                         
00011911  play_game                       
000127e5  play_note                       
000145f5  puts                            
000142b5  rand                            
00014781  remove                          
20201b90  repeat                          
00013a19  send_frame                      
000134e9  setvbuf                         
00012619  show_feed                       
00012259  show_intro                      
00011f79  show_sleep                      
00012b29  show_sleeping                   
00012ca5  show_swim                       
00012e0d  show_swim_fast                  
000135c5  srand                           
20201b9d  state                           
20201b94  timerTicked                     
20201b98  transmissionComplete            
202011b0  txPacket                        
00014529  unlink                          
00013a8d  wait3                           
000145a5  write                           


GLOBAL SYMBOLS: SORTED BY Symbol Address 

address   name                            
-------   ----                            
00000000  __TI_ATRegion0_region_sz        
00000000  __TI_ATRegion0_src_addr         
00000000  __TI_ATRegion0_trg_addr         
00000000  __TI_ATRegion1_region_sz        
00000000  __TI_ATRegion1_src_addr         
00000000  __TI_ATRegion1_trg_addr         
00000000  __TI_ATRegion2_region_sz        
00000000  __TI_ATRegion2_src_addr         
00000000  __TI_ATRegion2_trg_addr         
00000000  __TI_static_base__              
00000000  interruptVectors                
00000200  __STACK_SIZE                    
00000800  __SYSMEM_SIZE                   
00011911  play_game                       
00011f79  show_sleep                      
00012259  show_intro                      
00012445  load_image_rgb                  
00012619  show_feed                       
000127e5  play_note                       
00012989  main                            
00012b29  show_sleeping                   
00012ca5  show_swim                       
00012e0d  show_swim_fast                  
00012f75  build_frame_from_image          
000130c9  aligned_alloc                   
000130c9  memalign                        
000131f5  DL_Timer_initFourCCPWMMode      
000132f9  fputs                           
000133fd  free                            
000134e9  setvbuf                         
000135c5  srand                           
0001368d  memcpy                          
00013727  ADC0_IRQHandler                 
00013727  ADC1_IRQHandler                 
00013727  AES_IRQHandler                  
00013727  CANFD0_IRQHandler               
00013727  DAC0_IRQHandler                 
00013727  DMA_IRQHandler                  
00013727  Default_Handler                 
00013727  GROUP0_IRQHandler               
00013727  GROUP1_IRQHandler               
00013727  HardFault_Handler               
00013727  I2C0_IRQHandler                 
00013727  I2C1_IRQHandler                 
00013727  NMI_Handler                     
00013727  PendSV_Handler                  
00013727  RTC_IRQHandler                  
00013727  SPI1_IRQHandler                 
00013727  SVC_Handler                     
00013727  SysTick_Handler                 
00013727  TIMA0_IRQHandler                
00013727  TIMA1_IRQHandler                
00013727  TIMG12_IRQHandler               
00013727  TIMG6_IRQHandler                
00013727  TIMG7_IRQHandler                
00013727  TIMG8_IRQHandler                
00013727  UART0_IRQHandler                
00013727  UART1_IRQHandler                
00013727  UART2_IRQHandler                
00013727  UART3_IRQHandler                
00013729  build_encode_lut                
000137ad  __aeabi_fdiv                    
000137ad  __divsf3                        
0001382f  __aeabi_idiv0                   
00013831  GenerateRandomNumber            
000138ad  __TI_closefile                  
00013929  SPI0_IRQHandler                 
000139a1  __TI_decompress_lzss            
00013a19  send_frame                      
00013a8d  wait3                           
00013afd  HOSTlseek                       
00013b69  HOSTrename                      
00013bd5  InitializeTimerA1_PWM           
00013c41  SYSCFG_DL_PWM_0_init            
00013cad  fseeko                          
00013d19  getdevice                       
00013d81  __TI_wrt_ok                     
00013e49  memset                          
00013eab  _nop                            
00013ead  HOSTopen                        
00013f0d  HOSTread                        
00013f65  HOSTwrite                       
00013fbd  InitializeTimerG0               
00014015  SYSCFG_DL_SPI_0_init            
0001406d  __TI_doflush                    
000140c1  InitializeGPIO                  
00014111  close                           
00014161  HOSTclose                       
000141a9  HOSTunlink                      
000141f1  DL_SPI_init                     
00014235  SYSCFG_DL_initPower             
00014275  __aeabi_uidiv                   
00014275  __aeabi_uidivmod                
000142b5  rand                            
000142f1  __TI_auto_init_nobinit_nopinit  
0001432d  __aeabi_f2iz                    
0001432d  __fixsfsi                       
00014365  finddevice                      
0001439d  __TI_cleanup                    
000143d1  __TI_readmsg                    
00014405  __TI_writemsg                   
00014431  C$$IO$$                         
00014439  exit                            
0001446d  InitializeProcessor             
0001449d  SYSCFG_DL_SYSCTL_init           
000144cd  SYSCFG_DL_init                  
000144fd  any_button_on                   
00014529  unlink                          
0001457d  lseek                           
000145a5  write                           
000145cd  _c_int00_noargs                 
000145f5  puts                            
00014619  SYSCFG_DL_GPIO_init             
00014639  DL_Timer_setCaptCompUpdateMethod
00014655  DL_Timer_setClockConfig         
0001468d  DL_Timer_setCaptureCompareOutCtl
000146a5  TIMG0_IRQHandler                
000146bd  button_on                       
000146d1  DL_SPI_setClockConfig           
000146f5  __TI_decompress_none            
00014709  DL_Timer_setCaptureCompareValue 
00014719  __TI_zero_init                  
00014745  __aeabi_memclr                  
00014745  __aeabi_memclr4                 
00014745  __aeabi_memclr8                 
00014751  malloc                          
0001475d  DL_Common_delayCycles           
00014767  delay_cycles                    
00014771  __aeabi_memcpy                  
00014771  __aeabi_memcpy4                 
00014771  __aeabi_memcpy8                 
00014779  fseek                           
00014781  remove                          
00014789  Reset_Handler                   
0001478d  _system_pre_init                
00014790  C$$EXIT                         
00014791  abort                           
00014804  __TI_Handler_Table_Base         
00014810  __TI_Handler_Table_Limit        
00014818  __TI_CINIT_Base                 
00014828  __TI_CINIT_Limit                
00014828  __TI_CINIT_Warm                 
20200000  __start___llvm_prf_bits         
20200000  __start___llvm_prf_cnts         
20200000  __stop___llvm_prf_bits          
20200000  __stop___llvm_prf_cnts          
20200000  frame_encoded                   
20200900  ENC                             
20200c00  image_grb                       
20200f00  _CIOBUF_                        
20200f00  __CIOBUF_                       
20201020  gPWM_0Backup                    
202010dc  __TI_tmpnams                    
2020117c  gSPI_0Backup                    
202011a4  parmbuf                         
202011b0  txPacket                        
202011b4  lfsr                            
202011b8  _sys_memory                     
202019b8  _ftable                         
20201aa8  _device                         
20201b20  _stream                         
20201b70  __TI_cleanup_ptr                
20201b74  __TI_dtors_ptr                  
20201b78  __TI_ft_end                     
20201b7c  _lock                           
20201b80  _unlock                         
20201b84  idx                             
20201b88  message_len                     
20201b8c  n_repeats                       
20201b90  repeat                          
20201b94  timerTicked                     
20201b98  transmissionComplete            
20201b9d  state                           
20207e00  __stack                         
20208000  __STACK_END                     
ffffffff  __TI_pprof_out_hndl             
ffffffff  __TI_prof_data_size             
ffffffff  __TI_prof_data_start            
ffffffff  __binit__                       
ffffffff  binit                           
UNDEFED   __mpu_init                      
UNDEFED   _system_post_cinit              

[182 symbols]
