******************************************************************************
            TI ARM Clang Linker Unix v3.2.1                    
******************************************************************************
>> Linked Sat Aug  2 22:55:44 2025

OUTPUT FILE NAME:   <fish-tank.out>
ENTRY POINT SYMBOL: "_c_int00_noargs"  address: 00005a05


MEMORY CONFIGURATION

         name            origin    length      used     unused   attr    fill
----------------------  --------  ---------  --------  --------  ----  --------
  FLASH                 00000000   00020000  00005b60  0001a4a0  R  X
  SRAM                  20200000   00008000  00001203  00006dfd  RW X
  BCR_CONFIG            41c00000   00000080  00000000  00000080  R   
  BSL_CONFIG            41c00100   00000080  00000000  00000080  R   


SEGMENT ALLOCATION MAP

run origin  load origin   length   init length attrs members
----------  ----------- ---------- ----------- ----- -------
00000000    00000000    00005b60   00005b60    r-x
  00000000    00000000    000000c0   000000c0    r-- .intvecs
  000000c0    000000c0    00004528   00004528    r-- .rodata
  000045e8    000045e8    00001540   00001540    r-x .text
  00005b28    00005b28    00000038   00000038    r-- .cinit
20200000    20200000    00001005   00000000    rw-
  20200000    20200000    00000fea   00000000    rw- .bss
  20200fec    20200fec    00000019   00000000    rw- .data
20207e00    20207e00    00000200   00000000    rw-
  20207e00    20207e00    00000200   00000000    rw- .stack


SECTION ALLOCATION MAP

 output                                  attributes/
section   page    origin      length       input sections
--------  ----  ----------  ----------   ----------------
.intvecs   0    00000000    000000c0     
                  00000000    000000c0     startup_mspm0g350x_ticlang.o (.intvecs)

.text      0    000045e8    00001540     
                  000045e8    00000630     animations.o (.text.play_game)
                  00004c18    000001d4     display.o (.text.load_image_rgb)
                  00004dec    000001b0     effects.o (.text.play_note)
                  00004f9c    00000154     display.o (.text.build_frame_from_image)
                  000050f0    00000104     driverlib.a : dl_timer.o (.text.DL_Timer_initFourCCPWMMode)
                  000051f4    000000c8     simon_random.o (.text.srand)
                  000052bc    0000009a     libc.a : memcpy16.S.obj (.text:memcpy)
                  00005356    00000002     startup_mspm0g350x_ticlang.o (.text.Default_Handler)
                  00005358    00000084     display.o (.text.build_encode_lut)
                  000053dc    00000082     libclang_rt.builtins.a : divsf3.S.obj (.text.__divsf3)
                  0000545e    00000002                            : aeabi_div0.c.obj (.text.__aeabi_idiv0)
                  00005460    0000007c     simon_random.o (.text.GenerateRandomNumber)
                  000054dc    00000078     main.o (.text.SPI0_IRQHandler)
                  00005554    00000078     libc.a : copy_decompress_lzss.c.obj (.text:decompress:lzss)
                  000055cc    00000074     display.o (.text.send_frame)
                  00005640    0000006c     ti_msp_dl_config.o (.text.SYSCFG_DL_PWM_0_init)
                  000056ac    0000006c     effects.o (.text.wait3)
                  00005718    00000062     libc.a : memset16.S.obj (.text:memset)
                  0000577a    00000002     --HOLE-- [fill = 0]
                  0000577c    00000058     ti_msp_dl_config.o (.text.SYSCFG_DL_SPI_0_init)
                  000057d4    00000044     driverlib.a : dl_spi.o (.text.DL_SPI_init)
                  00005818    00000040     ti_msp_dl_config.o (.text.SYSCFG_DL_initPower)
                  00005858    00000040     libclang_rt.builtins.a : aeabi_uidivmod.S.obj (.text.__aeabi_uidivmod)
                  00005898    0000003c     simon_random.o (.text.rand)
                  000058d4    0000003c     libc.a : autoinit.c.obj (.text:__TI_auto_init_nobinit_nopinit)
                  00005910    00000038     libclang_rt.builtins.a : fixsfsi.S.obj (.text.__fixsfsi)
                  00005948    00000030     ti_msp_dl_config.o (.text.SYSCFG_DL_SYSCTL_init)
                  00005978    00000030     ti_msp_dl_config.o (.text.SYSCFG_DL_init)
                  000059a8    00000030     main.o (.text.main)
                  000059d8    0000002c     buttons.o (.text.any_button_on)
                  00005a04    00000028     libc.a : boot_cortex_m.c.obj (.text:_c_int00_noargs)
                  00005a2c    00000020     ti_msp_dl_config.o (.text.SYSCFG_DL_GPIO_init)
                  00005a4c    0000001c     driverlib.a : dl_timer.o (.text.DL_Timer_setCaptCompUpdateMethod)
                  00005a68    0000001c                 : dl_timer.o (.text.DL_Timer_setClockConfig)
                  00005a84    00000018                 : dl_timer.o (.text.DL_Timer_setCaptureCompareOutCtl)
                  00005a9c    00000014     buttons.o (.text.button_on)
                  00005ab0    00000012     driverlib.a : dl_spi.o (.text.DL_SPI_setClockConfig)
                  00005ac2    00000012     libc.a : copy_decompress_none.c.obj (.text:decompress:none)
                  00005ad4    00000010     driverlib.a : dl_timer.o (.text.DL_Timer_setCaptureCompareValue)
                  00005ae4    00000010     libc.a : copy_zero_init.c.obj (.text:decompress:ZI)
                  00005af4    0000000c     libclang_rt.builtins.a : aeabi_memset.S.obj (.text.__aeabi_memclr)
                  00005b00    0000000a     driverlib.a : dl_common.o (.text.DL_Common_delayCycles)
                  00005b0a    0000000a     lab6_helper.o (.text.delay_cycles)
                  00005b14    00000008     libclang_rt.builtins.a : aeabi_memcpy.S.obj (.text.__aeabi_memcpy)
                  00005b1c    00000004     startup_mspm0g350x_ticlang.o (.text.Reset_Handler)
                  00005b20    00000004     libc.a : pre_init.c.obj (.text._system_pre_init)
                  00005b24    00000004            : exit.c.obj (.text:abort)

.cinit     0    00005b28    00000038     
                  00005b28    0000000d     (.cinit..data.load) [load image, compression = lzss]
                  00005b35    00000003     --HOLE-- [fill = 0]
                  00005b38    0000000c     (__TI_handler_table)
                  00005b44    00000008     (.cinit..bss.load) [load image, compression = zero_init]
                  00005b4c    00000010     (__TI_cinit_table)
                  00005b5c    00000004     --HOLE-- [fill = 0]

.rodata    0    000000c0    00004528     
                  000000c0    00000300     animations.o (.rodata.FISH_GAME_0)
                  000003c0    00000300     animations.o (.rodata.FISH_GAME_10)
                  000006c0    00000300     animations.o (.rodata.FISH_GAME_11)
                  000009c0    00000300     animations.o (.rodata.FISH_GAME_12)
                  00000cc0    00000300     animations.o (.rodata.FISH_GAME_13)
                  00000fc0    00000300     animations.o (.rodata.FISH_GAME_14)
                  000012c0    00000300     animations.o (.rodata.FISH_GAME_15)
                  000015c0    00000300     animations.o (.rodata.FISH_GAME_16)
                  000018c0    00000300     animations.o (.rodata.FISH_GAME_17)
                  00001bc0    00000300     animations.o (.rodata.FISH_GAME_18)
                  00001ec0    00000300     animations.o (.rodata.FISH_GAME_19)
                  000021c0    00000300     animations.o (.rodata.FISH_GAME_1)
                  000024c0    00000300     animations.o (.rodata.FISH_GAME_20)
                  000027c0    00000300     animations.o (.rodata.FISH_GAME_21)
                  00002ac0    00000300     animations.o (.rodata.FISH_GAME_22)
                  00002dc0    00000300     animations.o (.rodata.FISH_GAME_2)
                  000030c0    00000300     animations.o (.rodata.FISH_GAME_3)
                  000033c0    00000300     animations.o (.rodata.FISH_GAME_4)
                  000036c0    00000300     animations.o (.rodata.FISH_GAME_5)
                  000039c0    00000300     animations.o (.rodata.FISH_GAME_6)
                  00003cc0    00000300     animations.o (.rodata.FISH_GAME_7)
                  00003fc0    00000300     animations.o (.rodata.FISH_GAME_8)
                  000042c0    00000300     animations.o (.rodata.FISH_GAME_9)
                  000045c0    00000010     animations.o (.rodata.GAME_R_WIN)
                  000045d0    0000000a     ti_msp_dl_config.o (.rodata.gSPI_0_config)
                  000045da    00000002     ti_msp_dl_config.o (.rodata.gSPI_0_clockConfig)
                  000045dc    00000008     ti_msp_dl_config.o (.rodata.gPWM_0Config)
                  000045e4    00000003     ti_msp_dl_config.o (.rodata.gPWM_0ClockConfig)
                  000045e7    00000001     --HOLE-- [fill = 0]

.init_array 
*          0    00000000    00000000     UNINITIALIZED

.binit     0    00000000    00000000     

.bss       0    20200000    00000fea     UNINITIALIZED
                  20200000    00000900     (.common:frame_encoded)
                  20200900    00000300     (.common:ENC)
                  20200c00    00000300     (.common:image_grb)
                  20200f00    000000bc     (.common:gPWM_0Backup)
                  20200fbc    00000028     (.common:gSPI_0Backup)
                  20200fe4    00000004     (.common:txPacket)
                  20200fe8    00000002     (.common:lfsr)

.data      0    20200fec    00000019     UNINITIALIZED
                  20200fec    00000004     display.o (.data.idx)
                  20200ff0    00000004     display.o (.data.message_len)
                  20200ff4    00000004     display.o (.data.n_repeats)
                  20200ff8    00000004     display.o (.data.repeat)
                  20200ffc    00000004     effects.o (.data.timerTicked)
                  20201000    00000004     display.o (.data.transmissionComplete)
                  20201004    00000001     display.o (.data.g_brightness)

.stack     0    20207e00    00000200     UNINITIALIZED
                  20207e00    00000004     libc.a : boot_cortex_m.c.obj (.stack)
                  20207e04    000001fc     --HOLE--

__llvm_prf_cnts 
*          0    20200000    00000000     UNINITIALIZED

__llvm_prf_bits 
*          0    20200000    00000000     UNINITIALIZED

MODULE SUMMARY

       Module                         code   ro data   rw data
       ------                         ----   -------   -------
    ./
       animations.o                   1584   17680     2304   
       display.o                      1056   0         1561   
       ti_msp_dl_config.o             388    23        228    
       effects.o                      540    0         4      
       simon_random.o                 384    0         2      
       startup_mspm0g350x_ticlang.o   6      192       0      
       main.o                         168    0         0      
       buttons.o                      64     0         0      
       lab6_helper.o                  10     0         0      
    +--+------------------------------+------+---------+---------+
       Total:                         4200   17895     4099   
                                                              
    /Applications/ti/ccs1281/ccs/tools/compiler/ti-cgt-armllvm_3.2.1.LTS/lib/armv6m-ti-none-eabi/c/libc.a
       memcpy16.S.obj                 154    0         0      
       copy_decompress_lzss.c.obj     120    0         0      
       memset16.S.obj                 98     0         0      
       autoinit.c.obj                 60     0         0      
       boot_cortex_m.c.obj            40     0         0      
       copy_decompress_none.c.obj     18     0         0      
       copy_zero_init.c.obj           16     0         0      
       exit.c.obj                     4      0         0      
       pre_init.c.obj                 4      0         0      
    +--+------------------------------+------+---------+---------+
       Total:                         514    0         0      
                                                              
    /Applications/ti/ccs1281/ccs/tools/compiler/ti-cgt-armllvm_3.2.1.LTS/lib/clang/15.0.7/lib/armv6m-ti-none-eabi/libclang_rt.builtins.a
       divsf3.S.obj                   130    0         0      
       aeabi_uidivmod.S.obj           64     0         0      
       fixsfsi.S.obj                  56     0         0      
       aeabi_memset.S.obj             12     0         0      
       aeabi_memcpy.S.obj             8      0         0      
       aeabi_div0.c.obj               2      0         0      
    +--+------------------------------+------+---------+---------+
       Total:                         272    0         0      
                                                              
    /Users/reneewrysinski/ti/mspm0_sdk_2_03_00_07/source/ti/driverlib/lib/ticlang/m0p/mspm0g1x0x_g3x0x/driverlib.a
       dl_timer.o                     356    0         0      
       dl_spi.o                       86     0         0      
       dl_common.o                    10     0         0      
    +--+------------------------------+------+---------+---------+
       Total:                         452    0         0      
                                                              
       Stack:                         0      0         512    
       Linker Generated:              0      49        0      
    +--+------------------------------+------+---------+---------+
       Grand Total:                   5438   17944     4611   


LINKER GENERATED COPY TABLES

__TI_cinit_table @ 00005b4c records: 2, size/record: 8, table size: 16
	.data: load addr=00005b28, load size=0000000d bytes, run addr=20200fec, run size=00000019 bytes, compression=lzss
	.bss: load addr=00005b44, load size=00000008 bytes, run addr=20200000, run size=00000fea bytes, compression=zero_init


LINKER GENERATED HANDLER TABLE

__TI_handler_table @ 00005b38 records: 3, size/record: 4, table size: 12
	index: 0, handler: __TI_decompress_lzss
	index: 1, handler: __TI_decompress_none
	index: 2, handler: __TI_zero_init


GLOBAL SYMBOLS: SORTED ALPHABETICALLY BY Name 

address   name                            
-------   ----                            
00005357  ADC0_IRQHandler                 
00005357  ADC1_IRQHandler                 
00005357  AES_IRQHandler                  
00005b24  C$$EXIT                         
00005357  CANFD0_IRQHandler               
00005357  DAC0_IRQHandler                 
00005b01  DL_Common_delayCycles           
000057d5  DL_SPI_init                     
00005ab1  DL_SPI_setClockConfig           
000050f1  DL_Timer_initFourCCPWMMode      
00005a4d  DL_Timer_setCaptCompUpdateMethod
00005a85  DL_Timer_setCaptureCompareOutCtl
00005ad5  DL_Timer_setCaptureCompareValue 
00005a69  DL_Timer_setClockConfig         
00005357  DMA_IRQHandler                  
00005357  Default_Handler                 
20200900  ENC                             
00005357  GROUP0_IRQHandler               
00005357  GROUP1_IRQHandler               
00005461  GenerateRandomNumber            
00005357  HardFault_Handler               
00005357  I2C0_IRQHandler                 
00005357  I2C1_IRQHandler                 
00005357  NMI_Handler                     
00005357  PendSV_Handler                  
00005357  RTC_IRQHandler                  
00005b1d  Reset_Handler                   
000054dd  SPI0_IRQHandler                 
00005357  SPI1_IRQHandler                 
00005357  SVC_Handler                     
00005a2d  SYSCFG_DL_GPIO_init             
00005641  SYSCFG_DL_PWM_0_init            
0000577d  SYSCFG_DL_SPI_0_init            
00005949  SYSCFG_DL_SYSCTL_init           
00005979  SYSCFG_DL_init                  
00005819  SYSCFG_DL_initPower             
00005357  SysTick_Handler                 
00005357  TIMA0_IRQHandler                
00005357  TIMA1_IRQHandler                
00005357  TIMG0_IRQHandler                
00005357  TIMG12_IRQHandler               
00005357  TIMG6_IRQHandler                
00005357  TIMG7_IRQHandler                
00005357  TIMG8_IRQHandler                
00005357  UART0_IRQHandler                
00005357  UART1_IRQHandler                
00005357  UART2_IRQHandler                
00005357  UART3_IRQHandler                
20208000  __STACK_END                     
00000200  __STACK_SIZE                    
00000000  __TI_ATRegion0_region_sz        
00000000  __TI_ATRegion0_src_addr         
00000000  __TI_ATRegion0_trg_addr         
00000000  __TI_ATRegion1_region_sz        
00000000  __TI_ATRegion1_src_addr         
00000000  __TI_ATRegion1_trg_addr         
00000000  __TI_ATRegion2_region_sz        
00000000  __TI_ATRegion2_src_addr         
00000000  __TI_ATRegion2_trg_addr         
00005b4c  __TI_CINIT_Base                 
00005b5c  __TI_CINIT_Limit                
00005b5c  __TI_CINIT_Warm                 
00005b38  __TI_Handler_Table_Base         
00005b44  __TI_Handler_Table_Limit        
000058d5  __TI_auto_init_nobinit_nopinit  
00005555  __TI_decompress_lzss            
00005ac3  __TI_decompress_none            
ffffffff  __TI_pprof_out_hndl             
ffffffff  __TI_prof_data_size             
ffffffff  __TI_prof_data_start            
00000000  __TI_static_base__              
00005ae5  __TI_zero_init                  
00005911  __aeabi_f2iz                    
000053dd  __aeabi_fdiv                    
0000545f  __aeabi_idiv0                   
00005af5  __aeabi_memclr                  
00005af5  __aeabi_memclr4                 
00005af5  __aeabi_memclr8                 
00005b15  __aeabi_memcpy                  
00005b15  __aeabi_memcpy4                 
00005b15  __aeabi_memcpy8                 
00005859  __aeabi_uidiv                   
00005859  __aeabi_uidivmod                
ffffffff  __binit__                       
000053dd  __divsf3                        
00005911  __fixsfsi                       
UNDEFED   __mpu_init                      
20207e00  __stack                         
20200000  __start___llvm_prf_bits         
20200000  __start___llvm_prf_cnts         
20200000  __stop___llvm_prf_bits          
20200000  __stop___llvm_prf_cnts          
00005a05  _c_int00_noargs                 
UNDEFED   _system_post_cinit              
00005b21  _system_pre_init                
00005b25  abort                           
000059d9  any_button_on                   
ffffffff  binit                           
00005359  build_encode_lut                
00004f9d  build_frame_from_image          
00005a9d  button_on                       
00005b0b  delay_cycles                    
20200000  frame_encoded                   
20200f00  gPWM_0Backup                    
20200fbc  gSPI_0Backup                    
20200fec  idx                             
20200c00  image_grb                       
00000000  interruptVectors                
20200fe8  lfsr                            
00004c19  load_image_rgb                  
000059a9  main                            
000052bd  memcpy                          
00005719  memset                          
20200ff0  message_len                     
20200ff4  n_repeats                       
000045e9  play_game                       
00004ded  play_note                       
00005899  rand                            
20200ff8  repeat                          
000055cd  send_frame                      
000051f5  srand                           
20200ffc  timerTicked                     
20201000  transmissionComplete            
20200fe4  txPacket                        
000056ad  wait3                           


GLOBAL SYMBOLS: SORTED BY Symbol Address 

address   name                            
-------   ----                            
00000000  __TI_ATRegion0_region_sz        
00000000  __TI_ATRegion0_src_addr         
00000000  __TI_ATRegion0_trg_addr         
00000000  __TI_ATRegion1_region_sz        
00000000  __TI_ATRegion1_src_addr         
00000000  __TI_ATRegion1_trg_addr         
00000000  __TI_ATRegion2_region_sz        
00000000  __TI_ATRegion2_src_addr         
00000000  __TI_ATRegion2_trg_addr         
00000000  __TI_static_base__              
00000000  interruptVectors                
00000200  __STACK_SIZE                    
000045e9  play_game                       
00004c19  load_image_rgb                  
00004ded  play_note                       
00004f9d  build_frame_from_image          
000050f1  DL_Timer_initFourCCPWMMode      
000051f5  srand                           
000052bd  memcpy                          
00005357  ADC0_IRQHandler                 
00005357  ADC1_IRQHandler                 
00005357  AES_IRQHandler                  
00005357  CANFD0_IRQHandler               
00005357  DAC0_IRQHandler                 
00005357  DMA_IRQHandler                  
00005357  Default_Handler                 
00005357  GROUP0_IRQHandler               
00005357  GROUP1_IRQHandler               
00005357  HardFault_Handler               
00005357  I2C0_IRQHandler                 
00005357  I2C1_IRQHandler                 
00005357  NMI_Handler                     
00005357  PendSV_Handler                  
00005357  RTC_IRQHandler                  
00005357  SPI1_IRQHandler                 
00005357  SVC_Handler                     
00005357  SysTick_Handler                 
00005357  TIMA0_IRQHandler                
00005357  TIMA1_IRQHandler                
00005357  TIMG0_IRQHandler                
00005357  TIMG12_IRQHandler               
00005357  TIMG6_IRQHandler                
00005357  TIMG7_IRQHandler                
00005357  TIMG8_IRQHandler                
00005357  UART0_IRQHandler                
00005357  UART1_IRQHandler                
00005357  UART2_IRQHandler                
00005357  UART3_IRQHandler                
00005359  build_encode_lut                
000053dd  __aeabi_fdiv                    
000053dd  __divsf3                        
0000545f  __aeabi_idiv0                   
00005461  GenerateRandomNumber            
000054dd  SPI0_IRQHandler                 
00005555  __TI_decompress_lzss            
000055cd  send_frame                      
00005641  SYSCFG_DL_PWM_0_init            
000056ad  wait3                           
00005719  memset                          
0000577d  SYSCFG_DL_SPI_0_init            
000057d5  DL_SPI_init                     
00005819  SYSCFG_DL_initPower             
00005859  __aeabi_uidiv                   
00005859  __aeabi_uidivmod                
00005899  rand                            
000058d5  __TI_auto_init_nobinit_nopinit  
00005911  __aeabi_f2iz                    
00005911  __fixsfsi                       
00005949  SYSCFG_DL_SYSCTL_init           
00005979  SYSCFG_DL_init                  
000059a9  main                            
000059d9  any_button_on                   
00005a05  _c_int00_noargs                 
00005a2d  SYSCFG_DL_GPIO_init             
00005a4d  DL_Timer_setCaptCompUpdateMethod
00005a69  DL_Timer_setClockConfig         
00005a85  DL_Timer_setCaptureCompareOutCtl
00005a9d  button_on                       
00005ab1  DL_SPI_setClockConfig           
00005ac3  __TI_decompress_none            
00005ad5  DL_Timer_setCaptureCompareValue 
00005ae5  __TI_zero_init                  
00005af5  __aeabi_memclr                  
00005af5  __aeabi_memclr4                 
00005af5  __aeabi_memclr8                 
00005b01  DL_Common_delayCycles           
00005b0b  delay_cycles                    
00005b15  __aeabi_memcpy                  
00005b15  __aeabi_memcpy4                 
00005b15  __aeabi_memcpy8                 
00005b1d  Reset_Handler                   
00005b21  _system_pre_init                
00005b24  C$$EXIT                         
00005b25  abort                           
00005b38  __TI_Handler_Table_Base         
00005b44  __TI_Handler_Table_Limit        
00005b4c  __TI_CINIT_Base                 
00005b5c  __TI_CINIT_Limit                
00005b5c  __TI_CINIT_Warm                 
20200000  __start___llvm_prf_bits         
20200000  __start___llvm_prf_cnts         
20200000  __stop___llvm_prf_bits          
20200000  __stop___llvm_prf_cnts          
20200000  frame_encoded                   
20200900  ENC                             
20200c00  image_grb                       
20200f00  gPWM_0Backup                    
20200fbc  gSPI_0Backup                    
20200fe4  txPacket                        
20200fe8  lfsr                            
20200fec  idx                             
20200ff0  message_len                     
20200ff4  n_repeats                       
20200ff8  repeat                          
20200ffc  timerTicked                     
20201000  transmissionComplete            
20207e00  __stack                         
20208000  __STACK_END                     
ffffffff  __TI_pprof_out_hndl             
ffffffff  __TI_prof_data_size             
ffffffff  __TI_prof_data_start            
ffffffff  __binit__                       
ffffffff  binit                           
UNDEFED   __mpu_init                      
UNDEFED   _system_post_cinit              

[125 symbols]
