******************************************************************************
            TI ARM Clang Linker Unix v3.2.1                    
******************************************************************************
>> Linked Sat Aug  2 19:43:09 2025

OUTPUT FILE NAME:   <fish-tank.out>
ENTRY POINT SYMBOL: "_c_int00_noargs"  address: 0000bab9


MEMORY CONFIGURATION

         name            origin    length      used     unused   attr    fill
----------------------  --------  ---------  --------  --------  ----  --------
  FLASH                 00000000   00020000  0000bbf8  00014408  R  X
  SRAM                  20200000   00008000  000011fd  00006e03  RW X
  BCR_CONFIG            41c00000   00000080  00000000  00000080  R   
  BSL_CONFIG            41c00100   00000080  00000000  00000080  R   


SEGMENT ALLOCATION MAP

run origin  load origin   length   init length attrs members
----------  ----------- ---------- ----------- ----- -------
00000000    00000000    0000bbf8   0000bbf8    r-x
  00000000    00000000    000000c0   000000c0    r-- .intvecs
  000000c0    000000c0    0000a8c8   0000a8c8    r-- .rodata
  0000a988    0000a988    00001238   00001238    r-x .text
  0000bbc0    0000bbc0    00000038   00000038    r-- .cinit
20200000    20200000    00000ffd   00000000    rw-
  20200000    20200000    00000fe8   00000000    rw- .bss
  20200fe8    20200fe8    00000015   00000000    rw- .data
20207e00    20207e00    00000200   00000000    rw-
  20207e00    20207e00    00000200   00000000    rw- .stack


SECTION ALLOCATION MAP

 output                                  attributes/
section   page    origin      length       input sections
--------  ----  ----------  ----------   ----------------
.intvecs   0    00000000    000000c0     
                  00000000    000000c0     startup_mspm0g350x_ticlang.o (.intvecs)

.text      0    0000a988    00001238     
                  0000a988    000002e0     animations.o (.text.show_sleep)
                  0000ac68    000001d4     display.o (.text.load_image_rgb)
                  0000ae3c    000001cc     animations.o (.text.show_feed)
                  0000b008    0000017c     animations.o (.text.show_sleeping)
                  0000b184    00000168     animations.o (.text.show_swim)
                  0000b2ec    00000154     display.o (.text.build_frame_from_image)
                  0000b440    00000104     driverlib.a : dl_timer.o (.text.DL_Timer_initFourCCPWMMode)
                  0000b544    0000009a     libc.a : memcpy16.S.obj (.text:memcpy)
                  0000b5de    00000002     startup_mspm0g350x_ticlang.o (.text.Default_Handler)
                  0000b5e0    00000084     display.o (.text.build_encode_lut)
                  0000b664    00000078     main.o (.text.SPI0_IRQHandler)
                  0000b6dc    00000078     libc.a : copy_decompress_lzss.c.obj (.text:decompress:lzss)
                  0000b754    00000074     display.o (.text.send_frame)
                  0000b7c8    0000006c     ti_msp_dl_config.o (.text.SYSCFG_DL_PWM_0_init)
                  0000b834    0000006a     main.o (.text.main)
                  0000b89e    00000062     libc.a : memset16.S.obj (.text:memset)
                  0000b900    00000058     ti_msp_dl_config.o (.text.SYSCFG_DL_SPI_0_init)
                  0000b958    00000044     driverlib.a : dl_spi.o (.text.DL_SPI_init)
                  0000b99c    00000040     ti_msp_dl_config.o (.text.SYSCFG_DL_initPower)
                  0000b9dc    00000040     libclang_rt.builtins.a : aeabi_uidivmod.S.obj (.text.__aeabi_uidivmod)
                  0000ba1c    0000003c     libc.a : autoinit.c.obj (.text:__TI_auto_init_nobinit_nopinit)
                  0000ba58    00000030     ti_msp_dl_config.o (.text.SYSCFG_DL_SYSCTL_init)
                  0000ba88    00000030     ti_msp_dl_config.o (.text.SYSCFG_DL_init)
                  0000bab8    00000028     libc.a : boot_cortex_m.c.obj (.text:_c_int00_noargs)
                  0000bae0    00000020     ti_msp_dl_config.o (.text.SYSCFG_DL_GPIO_init)
                  0000bb00    0000001c     driverlib.a : dl_timer.o (.text.DL_Timer_setCaptCompUpdateMethod)
                  0000bb1c    0000001c                 : dl_timer.o (.text.DL_Timer_setClockConfig)
                  0000bb38    00000018                 : dl_timer.o (.text.DL_Timer_setCaptureCompareOutCtl)
                  0000bb50    00000012                 : dl_spi.o (.text.DL_SPI_setClockConfig)
                  0000bb62    00000012     libc.a : copy_decompress_none.c.obj (.text:decompress:none)
                  0000bb74    00000010     driverlib.a : dl_timer.o (.text.DL_Timer_setCaptureCompareValue)
                  0000bb84    00000010     libc.a : copy_zero_init.c.obj (.text:decompress:ZI)
                  0000bb94    0000000c     libclang_rt.builtins.a : aeabi_memset.S.obj (.text.__aeabi_memclr)
                  0000bba0    0000000a     driverlib.a : dl_common.o (.text.DL_Common_delayCycles)
                  0000bbaa    00000002     libclang_rt.builtins.a : aeabi_div0.c.obj (.text.__aeabi_idiv0)
                  0000bbac    00000008                            : aeabi_memcpy.S.obj (.text.__aeabi_memcpy)
                  0000bbb4    00000004     startup_mspm0g350x_ticlang.o (.text.Reset_Handler)
                  0000bbb8    00000004     libc.a : pre_init.c.obj (.text._system_pre_init)
                  0000bbbc    00000004            : exit.c.obj (.text:abort)

.cinit     0    0000bbc0    00000038     
                  0000bbc0    0000000d     (.cinit..data.load) [load image, compression = lzss]
                  0000bbcd    00000003     --HOLE-- [fill = 0]
                  0000bbd0    0000000c     (__TI_handler_table)
                  0000bbdc    00000008     (.cinit..bss.load) [load image, compression = zero_init]
                  0000bbe4    00000010     (__TI_cinit_table)
                  0000bbf4    00000004     --HOLE-- [fill = 0]

.rodata    0    000000c0    0000a8c8     
                  000000c0    00000300     animations.o (.rodata.FISH_FEED_0)
                  000003c0    00000300     animations.o (.rodata.FISH_FEED_10)
                  000006c0    00000300     animations.o (.rodata.FISH_FEED_11)
                  000009c0    00000300     animations.o (.rodata.FISH_FEED_12)
                  00000cc0    00000300     animations.o (.rodata.FISH_FEED_1)
                  00000fc0    00000300     animations.o (.rodata.FISH_FEED_2)
                  000012c0    00000300     animations.o (.rodata.FISH_FEED_3)
                  000015c0    00000300     animations.o (.rodata.FISH_FEED_4)
                  000018c0    00000300     animations.o (.rodata.FISH_FEED_5)
                  00001bc0    00000300     animations.o (.rodata.FISH_FEED_6)
                  00001ec0    00000300     animations.o (.rodata.FISH_FEED_7)
                  000021c0    00000300     animations.o (.rodata.FISH_FEED_8)
                  000024c0    00000300     animations.o (.rodata.FISH_FEED_9)
                  000027c0    00000300     animations.o (.rodata.FISH_SLEEP_0)
                  00002ac0    00000300     animations.o (.rodata.FISH_SLEEP_10)
                  00002dc0    00000300     animations.o (.rodata.FISH_SLEEP_11)
                  000030c0    00000300     animations.o (.rodata.FISH_SLEEP_12)
                  000033c0    00000300     animations.o (.rodata.FISH_SLEEP_13)
                  000036c0    00000300     animations.o (.rodata.FISH_SLEEP_14)
                  000039c0    00000300     animations.o (.rodata.FISH_SLEEP_15)
                  00003cc0    00000300     animations.o (.rodata.FISH_SLEEP_16)
                  00003fc0    00000300     animations.o (.rodata.FISH_SLEEP_17)
                  000042c0    00000300     animations.o (.rodata.FISH_SLEEP_18)
                  000045c0    00000300     animations.o (.rodata.FISH_SLEEP_19)
                  000048c0    00000300     animations.o (.rodata.FISH_SLEEP_1)
                  00004bc0    00000300     animations.o (.rodata.FISH_SLEEP_20)
                  00004ec0    00000300     animations.o (.rodata.FISH_SLEEP_21)
                  000051c0    00000300     animations.o (.rodata.FISH_SLEEP_22)
                  000054c0    00000300     animations.o (.rodata.FISH_SLEEP_2)
                  000057c0    00000300     animations.o (.rodata.FISH_SLEEP_3)
                  00005ac0    00000300     animations.o (.rodata.FISH_SLEEP_4)
                  00005dc0    00000300     animations.o (.rodata.FISH_SLEEP_5)
                  000060c0    00000300     animations.o (.rodata.FISH_SLEEP_6)
                  000063c0    00000300     animations.o (.rodata.FISH_SLEEP_7)
                  000066c0    00000300     animations.o (.rodata.FISH_SLEEP_8)
                  000069c0    00000300     animations.o (.rodata.FISH_SLEEP_9)
                  00006cc0    00000300     animations.o (.rodata.FISH_SWIM_0)
                  00006fc0    00000300     animations.o (.rodata.FISH_SWIM_10)
                  000072c0    00000300     animations.o (.rodata.FISH_SWIM_11)
                  000075c0    00000300     animations.o (.rodata.FISH_SWIM_12)
                  000078c0    00000300     animations.o (.rodata.FISH_SWIM_13)
                  00007bc0    00000300     animations.o (.rodata.FISH_SWIM_14)
                  00007ec0    00000300     animations.o (.rodata.FISH_SWIM_15)
                  000081c0    00000300     animations.o (.rodata.FISH_SWIM_16)
                  000084c0    00000300     animations.o (.rodata.FISH_SWIM_17)
                  000087c0    00000300     animations.o (.rodata.FISH_SWIM_18)
                  00008ac0    00000300     animations.o (.rodata.FISH_SWIM_19)
                  00008dc0    00000300     animations.o (.rodata.FISH_SWIM_1)
                  000090c0    00000300     animations.o (.rodata.FISH_SWIM_2)
                  000093c0    00000300     animations.o (.rodata.FISH_SWIM_3)
                  000096c0    00000300     animations.o (.rodata.FISH_SWIM_4)
                  000099c0    00000300     animations.o (.rodata.FISH_SWIM_5)
                  00009cc0    00000300     animations.o (.rodata.FISH_SWIM_6)
                  00009fc0    00000300     animations.o (.rodata.FISH_SWIM_7)
                  0000a2c0    00000300     animations.o (.rodata.FISH_SWIM_8)
                  0000a5c0    00000300     animations.o (.rodata.FISH_SWIM_9)
                  0000a8c0    0000005c     animations.o (.rodata.FISH_SLEEP_FRAMES)
                  0000a91c    00000050     animations.o (.rodata.FISH_SWIM_FRAMES)
                  0000a96c    0000000a     ti_msp_dl_config.o (.rodata.gSPI_0_config)
                  0000a976    00000002     ti_msp_dl_config.o (.rodata.gSPI_0_clockConfig)
                  0000a978    00000008     ti_msp_dl_config.o (.rodata.gPWM_0Config)
                  0000a980    00000003     ti_msp_dl_config.o (.rodata.gPWM_0ClockConfig)
                  0000a983    00000005     --HOLE-- [fill = 0]

.init_array 
*          0    00000000    00000000     UNINITIALIZED

.binit     0    00000000    00000000     

.bss       0    20200000    00000fe8     UNINITIALIZED
                  20200000    00000900     (.common:frame_encoded)
                  20200900    00000300     (.common:ENC)
                  20200c00    00000300     (.common:image_grb)
                  20200f00    000000bc     (.common:gPWM_0Backup)
                  20200fbc    00000028     (.common:gSPI_0Backup)
                  20200fe4    00000004     (.common:txPacket)

.data      0    20200fe8    00000015     UNINITIALIZED
                  20200fe8    00000004     display.o (.data.idx)
                  20200fec    00000004     display.o (.data.message_len)
                  20200ff0    00000004     display.o (.data.n_repeats)
                  20200ff4    00000004     display.o (.data.repeat)
                  20200ff8    00000004     display.o (.data.transmissionComplete)
                  20200ffc    00000001     display.o (.data.g_brightness)

.stack     0    20207e00    00000200     UNINITIALIZED
                  20207e00    00000004     libc.a : boot_cortex_m.c.obj (.stack)
                  20207e04    000001fc     --HOLE--

__llvm_prf_cnts 
*          0    20200000    00000000     UNINITIALIZED

__llvm_prf_bits 
*          0    20200000    00000000     UNINITIALIZED

MODULE SUMMARY

       Module                         code   ro data   rw data
       ------                         ----   -------   -------
    ./
       animations.o                   1936   43180     2304   
       display.o                      1056   0         1561   
       ti_msp_dl_config.o             388    23        228    
       main.o                         226    0         0      
       startup_mspm0g350x_ticlang.o   6      192       0      
    +--+------------------------------+------+---------+---------+
       Total:                         3612   43395     4093   
                                                              
    /Applications/ti/ccs1281/ccs/tools/compiler/ti-cgt-armllvm_3.2.1.LTS/lib/armv6m-ti-none-eabi/c/libc.a
       memcpy16.S.obj                 154    0         0      
       copy_decompress_lzss.c.obj     120    0         0      
       memset16.S.obj                 98     0         0      
       autoinit.c.obj                 60     0         0      
       boot_cortex_m.c.obj            40     0         0      
       copy_decompress_none.c.obj     18     0         0      
       copy_zero_init.c.obj           16     0         0      
       exit.c.obj                     4      0         0      
       pre_init.c.obj                 4      0         0      
    +--+------------------------------+------+---------+---------+
       Total:                         514    0         0      
                                                              
    /Applications/ti/ccs1281/ccs/tools/compiler/ti-cgt-armllvm_3.2.1.LTS/lib/clang/15.0.7/lib/armv6m-ti-none-eabi/libclang_rt.builtins.a
       aeabi_uidivmod.S.obj           64     0         0      
       aeabi_memset.S.obj             12     0         0      
       aeabi_memcpy.S.obj             8      0         0      
       aeabi_div0.c.obj               2      0         0      
    +--+------------------------------+------+---------+---------+
       Total:                         86     0         0      
                                                              
    /Users/reneewrysinski/ti/mspm0_sdk_2_03_00_07/source/ti/driverlib/lib/ticlang/m0p/mspm0g1x0x_g3x0x/driverlib.a
       dl_timer.o                     356    0         0      
       dl_spi.o                       86     0         0      
       dl_common.o                    10     0         0      
    +--+------------------------------+------+---------+---------+
       Total:                         452    0         0      
                                                              
       Stack:                         0      0         512    
       Linker Generated:              0      49        0      
    +--+------------------------------+------+---------+---------+
       Grand Total:                   4664   43444     4605   


LINKER GENERATED COPY TABLES

__TI_cinit_table @ 0000bbe4 records: 2, size/record: 8, table size: 16
	.data: load addr=0000bbc0, load size=0000000d bytes, run addr=20200fe8, run size=00000015 bytes, compression=lzss
	.bss: load addr=0000bbdc, load size=00000008 bytes, run addr=20200000, run size=00000fe8 bytes, compression=zero_init


LINKER GENERATED HANDLER TABLE

__TI_handler_table @ 0000bbd0 records: 3, size/record: 4, table size: 12
	index: 0, handler: __TI_decompress_lzss
	index: 1, handler: __TI_decompress_none
	index: 2, handler: __TI_zero_init


GLOBAL SYMBOLS: SORTED ALPHABETICALLY BY Name 

address   name                            
-------   ----                            
0000b5df  ADC0_IRQHandler                 
0000b5df  ADC1_IRQHandler                 
0000b5df  AES_IRQHandler                  
0000bbbc  C$$EXIT                         
0000b5df  CANFD0_IRQHandler               
0000b5df  DAC0_IRQHandler                 
0000bba1  DL_Common_delayCycles           
0000b959  DL_SPI_init                     
0000bb51  DL_SPI_setClockConfig           
0000b441  DL_Timer_initFourCCPWMMode      
0000bb01  DL_Timer_setCaptCompUpdateMethod
0000bb39  DL_Timer_setCaptureCompareOutCtl
0000bb75  DL_Timer_setCaptureCompareValue 
0000bb1d  DL_Timer_setClockConfig         
0000b5df  DMA_IRQHandler                  
0000b5df  Default_Handler                 
20200900  ENC                             
0000b5df  GROUP0_IRQHandler               
0000b5df  GROUP1_IRQHandler               
0000b5df  HardFault_Handler               
0000b5df  I2C0_IRQHandler                 
0000b5df  I2C1_IRQHandler                 
0000b5df  NMI_Handler                     
0000b5df  PendSV_Handler                  
0000b5df  RTC_IRQHandler                  
0000bbb5  Reset_Handler                   
0000b665  SPI0_IRQHandler                 
0000b5df  SPI1_IRQHandler                 
0000b5df  SVC_Handler                     
0000bae1  SYSCFG_DL_GPIO_init             
0000b7c9  SYSCFG_DL_PWM_0_init            
0000b901  SYSCFG_DL_SPI_0_init            
0000ba59  SYSCFG_DL_SYSCTL_init           
0000ba89  SYSCFG_DL_init                  
0000b99d  SYSCFG_DL_initPower             
0000b5df  SysTick_Handler                 
0000b5df  TIMA0_IRQHandler                
0000b5df  TIMA1_IRQHandler                
0000b5df  TIMG0_IRQHandler                
0000b5df  TIMG12_IRQHandler               
0000b5df  TIMG6_IRQHandler                
0000b5df  TIMG7_IRQHandler                
0000b5df  TIMG8_IRQHandler                
0000b5df  UART0_IRQHandler                
0000b5df  UART1_IRQHandler                
0000b5df  UART2_IRQHandler                
0000b5df  UART3_IRQHandler                
20208000  __STACK_END                     
00000200  __STACK_SIZE                    
00000000  __TI_ATRegion0_region_sz        
00000000  __TI_ATRegion0_src_addr         
00000000  __TI_ATRegion0_trg_addr         
00000000  __TI_ATRegion1_region_sz        
00000000  __TI_ATRegion1_src_addr         
00000000  __TI_ATRegion1_trg_addr         
00000000  __TI_ATRegion2_region_sz        
00000000  __TI_ATRegion2_src_addr         
00000000  __TI_ATRegion2_trg_addr         
0000bbe4  __TI_CINIT_Base                 
0000bbf4  __TI_CINIT_Limit                
0000bbf4  __TI_CINIT_Warm                 
0000bbd0  __TI_Handler_Table_Base         
0000bbdc  __TI_Handler_Table_Limit        
0000ba1d  __TI_auto_init_nobinit_nopinit  
0000b6dd  __TI_decompress_lzss            
0000bb63  __TI_decompress_none            
ffffffff  __TI_pprof_out_hndl             
ffffffff  __TI_prof_data_size             
ffffffff  __TI_prof_data_start            
00000000  __TI_static_base__              
0000bb85  __TI_zero_init                  
0000bbab  __aeabi_idiv0                   
0000bb95  __aeabi_memclr                  
0000bb95  __aeabi_memclr4                 
0000bb95  __aeabi_memclr8                 
0000bbad  __aeabi_memcpy                  
0000bbad  __aeabi_memcpy4                 
0000bbad  __aeabi_memcpy8                 
0000b9dd  __aeabi_uidiv                   
0000b9dd  __aeabi_uidivmod                
ffffffff  __binit__                       
UNDEFED   __mpu_init                      
20207e00  __stack                         
20200000  __start___llvm_prf_bits         
20200000  __start___llvm_prf_cnts         
20200000  __stop___llvm_prf_bits          
20200000  __stop___llvm_prf_cnts          
0000bab9  _c_int00_noargs                 
UNDEFED   _system_post_cinit              
0000bbb9  _system_pre_init                
0000bbbd  abort                           
ffffffff  binit                           
0000b5e1  build_encode_lut                
0000b2ed  build_frame_from_image          
20200000  frame_encoded                   
20200f00  gPWM_0Backup                    
20200fbc  gSPI_0Backup                    
20200fe8  idx                             
20200c00  image_grb                       
00000000  interruptVectors                
0000ac69  load_image_rgb                  
0000b835  main                            
0000b545  memcpy                          
0000b89f  memset                          
20200fec  message_len                     
20200ff0  n_repeats                       
20200ff4  repeat                          
0000b755  send_frame                      
0000ae3d  show_feed                       
0000a989  show_sleep                      
0000b009  show_sleeping                   
0000b185  show_swim                       
20200ff8  transmissionComplete            
20200fe4  txPacket                        


GLOBAL SYMBOLS: SORTED BY Symbol Address 

address   name                            
-------   ----                            
00000000  __TI_ATRegion0_region_sz        
00000000  __TI_ATRegion0_src_addr         
00000000  __TI_ATRegion0_trg_addr         
00000000  __TI_ATRegion1_region_sz        
00000000  __TI_ATRegion1_src_addr         
00000000  __TI_ATRegion1_trg_addr         
00000000  __TI_ATRegion2_region_sz        
00000000  __TI_ATRegion2_src_addr         
00000000  __TI_ATRegion2_trg_addr         
00000000  __TI_static_base__              
00000000  interruptVectors                
00000200  __STACK_SIZE                    
0000a989  show_sleep                      
0000ac69  load_image_rgb                  
0000ae3d  show_feed                       
0000b009  show_sleeping                   
0000b185  show_swim                       
0000b2ed  build_frame_from_image          
0000b441  DL_Timer_initFourCCPWMMode      
0000b545  memcpy                          
0000b5df  ADC0_IRQHandler                 
0000b5df  ADC1_IRQHandler                 
0000b5df  AES_IRQHandler                  
0000b5df  CANFD0_IRQHandler               
0000b5df  DAC0_IRQHandler                 
0000b5df  DMA_IRQHandler                  
0000b5df  Default_Handler                 
0000b5df  GROUP0_IRQHandler               
0000b5df  GROUP1_IRQHandler               
0000b5df  HardFault_Handler               
0000b5df  I2C0_IRQHandler                 
0000b5df  I2C1_IRQHandler                 
0000b5df  NMI_Handler                     
0000b5df  PendSV_Handler                  
0000b5df  RTC_IRQHandler                  
0000b5df  SPI1_IRQHandler                 
0000b5df  SVC_Handler                     
0000b5df  SysTick_Handler                 
0000b5df  TIMA0_IRQHandler                
0000b5df  TIMA1_IRQHandler                
0000b5df  TIMG0_IRQHandler                
0000b5df  TIMG12_IRQHandler               
0000b5df  TIMG6_IRQHandler                
0000b5df  TIMG7_IRQHandler                
0000b5df  TIMG8_IRQHandler                
0000b5df  UART0_IRQHandler                
0000b5df  UART1_IRQHandler                
0000b5df  UART2_IRQHandler                
0000b5df  UART3_IRQHandler                
0000b5e1  build_encode_lut                
0000b665  SPI0_IRQHandler                 
0000b6dd  __TI_decompress_lzss            
0000b755  send_frame                      
0000b7c9  SYSCFG_DL_PWM_0_init            
0000b835  main                            
0000b89f  memset                          
0000b901  SYSCFG_DL_SPI_0_init            
0000b959  DL_SPI_init                     
0000b99d  SYSCFG_DL_initPower             
0000b9dd  __aeabi_uidiv                   
0000b9dd  __aeabi_uidivmod                
0000ba1d  __TI_auto_init_nobinit_nopinit  
0000ba59  SYSCFG_DL_SYSCTL_init           
0000ba89  SYSCFG_DL_init                  
0000bab9  _c_int00_noargs                 
0000bae1  SYSCFG_DL_GPIO_init             
0000bb01  DL_Timer_setCaptCompUpdateMethod
0000bb1d  DL_Timer_setClockConfig         
0000bb39  DL_Timer_setCaptureCompareOutCtl
0000bb51  DL_SPI_setClockConfig           
0000bb63  __TI_decompress_none            
0000bb75  DL_Timer_setCaptureCompareValue 
0000bb85  __TI_zero_init                  
0000bb95  __aeabi_memclr                  
0000bb95  __aeabi_memclr4                 
0000bb95  __aeabi_memclr8                 
0000bba1  DL_Common_delayCycles           
0000bbab  __aeabi_idiv0                   
0000bbad  __aeabi_memcpy                  
0000bbad  __aeabi_memcpy4                 
0000bbad  __aeabi_memcpy8                 
0000bbb5  Reset_Handler                   
0000bbb9  _system_pre_init                
0000bbbc  C$$EXIT                         
0000bbbd  abort                           
0000bbd0  __TI_Handler_Table_Base         
0000bbdc  __TI_Handler_Table_Limit        
0000bbe4  __TI_CINIT_Base                 
0000bbf4  __TI_CINIT_Limit                
0000bbf4  __TI_CINIT_Warm                 
20200000  __start___llvm_prf_bits         
20200000  __start___llvm_prf_cnts         
20200000  __stop___llvm_prf_bits          
20200000  __stop___llvm_prf_cnts          
20200000  frame_encoded                   
20200900  ENC                             
20200c00  image_grb                       
20200f00  gPWM_0Backup                    
20200fbc  gSPI_0Backup                    
20200fe4  txPacket                        
20200fe8  idx                             
20200fec  message_len                     
20200ff0  n_repeats                       
20200ff4  repeat                          
20200ff8  transmissionComplete            
20207e00  __stack                         
20208000  __STACK_END                     
ffffffff  __TI_pprof_out_hndl             
ffffffff  __TI_prof_data_size             
ffffffff  __TI_prof_data_start            
ffffffff  __binit__                       
ffffffff  binit                           
UNDEFED   __mpu_init                      
UNDEFED   _system_post_cinit              

[114 symbols]
