******************************************************************************
            TI ARM Clang Linker Unix v3.2.1                    
******************************************************************************
>> Linked Sat Aug  2 16:58:10 2025

OUTPUT FILE NAME:   <fish-tank.out>
ENTRY POINT SYMBOL: "_c_int00_noargs"  address: 0000460d


MEMORY CONFIGURATION

         name            origin    length      used     unused   attr    fill
----------------------  --------  ---------  --------  --------  ----  --------
  FLASH                 00000000   00020000  00004750  0001b8b0  R  X
  SRAM                  20200000   00008000  000011fd  00006e03  RW X
  BCR_CONFIG            41c00000   00000080  00000000  00000080  R   
  BSL_CONFIG            41c00100   00000080  00000000  00000080  R   


SEGMENT ALLOCATION MAP

run origin  load origin   length   init length attrs members
----------  ----------- ---------- ----------- ----- -------
00000000    00000000    00004750   00004750    r-x
  00000000    00000000    000000c0   000000c0    r-- .intvecs
  000000c0    000000c0    00003c68   00003c68    r-- .rodata
  00003d28    00003d28    000009f0   000009f0    r-x .text
  00004718    00004718    00000038   00000038    r-- .cinit
20200000    20200000    00000ffd   00000000    rw-
  20200000    20200000    00000fe8   00000000    rw- .bss
  20200fe8    20200fe8    00000015   00000000    rw- .data
20207e00    20207e00    00000200   00000000    rw-
  20207e00    20207e00    00000200   00000000    rw- .stack


SECTION ALLOCATION MAP

 output                                  attributes/
section   page    origin      length       input sections
--------  ----  ----------  ----------   ----------------
.intvecs   0    00000000    000000c0     
                  00000000    000000c0     startup_mspm0g350x_ticlang.o (.intvecs)

.text      0    00003d28    000009f0     
                  00003d28    000001f0     main.o (.text.show_swim)
                  00003f18    00000154     main.o (.text.build_frame_from_image)
                  0000406c    00000104     driverlib.a : dl_timer.o (.text.DL_Timer_initFourCCPWMMode)
                  00004170    0000009a     libc.a : memcpy16.S.obj (.text:memcpy)
                  0000420a    00000002     startup_mspm0g350x_ticlang.o (.text.Default_Handler)
                  0000420c    00000088     main.o (.text.main)
                  00004294    00000078     main.o (.text.SPI0_IRQHandler)
                  0000430c    00000078     libc.a : copy_decompress_lzss.c.obj (.text:decompress:lzss)
                  00004384    0000006c     ti_msp_dl_config.o (.text.SYSCFG_DL_PWM_0_init)
                  000043f0    00000062     libc.a : memset16.S.obj (.text:memset)
                  00004452    00000002     libclang_rt.builtins.a : aeabi_div0.c.obj (.text.__aeabi_idiv0)
                  00004454    00000058     ti_msp_dl_config.o (.text.SYSCFG_DL_SPI_0_init)
                  000044ac    00000044     driverlib.a : dl_spi.o (.text.DL_SPI_init)
                  000044f0    00000040     ti_msp_dl_config.o (.text.SYSCFG_DL_initPower)
                  00004530    00000040     libclang_rt.builtins.a : aeabi_uidivmod.S.obj (.text.__aeabi_uidivmod)
                  00004570    0000003c     libc.a : autoinit.c.obj (.text:__TI_auto_init_nobinit_nopinit)
                  000045ac    00000030     ti_msp_dl_config.o (.text.SYSCFG_DL_SYSCTL_init)
                  000045dc    00000030     ti_msp_dl_config.o (.text.SYSCFG_DL_init)
                  0000460c    00000028     libc.a : boot_cortex_m.c.obj (.text:_c_int00_noargs)
                  00004634    00000020     ti_msp_dl_config.o (.text.SYSCFG_DL_GPIO_init)
                  00004654    0000001c     driverlib.a : dl_timer.o (.text.DL_Timer_setCaptCompUpdateMethod)
                  00004670    0000001c                 : dl_timer.o (.text.DL_Timer_setClockConfig)
                  0000468c    00000018                 : dl_timer.o (.text.DL_Timer_setCaptureCompareOutCtl)
                  000046a4    00000012                 : dl_spi.o (.text.DL_SPI_setClockConfig)
                  000046b6    00000012     libc.a : copy_decompress_none.c.obj (.text:decompress:none)
                  000046c8    00000010     driverlib.a : dl_timer.o (.text.DL_Timer_setCaptureCompareValue)
                  000046d8    00000010     libc.a : copy_zero_init.c.obj (.text:decompress:ZI)
                  000046e8    0000000c     libclang_rt.builtins.a : aeabi_memset.S.obj (.text.__aeabi_memclr)
                  000046f4    0000000a     driverlib.a : dl_common.o (.text.DL_Common_delayCycles)
                  000046fe    00000002     --HOLE-- [fill = 0]
                  00004700    00000008     libclang_rt.builtins.a : aeabi_memcpy.S.obj (.text.__aeabi_memcpy)
                  00004708    00000004     startup_mspm0g350x_ticlang.o (.text.Reset_Handler)
                  0000470c    00000004     libc.a : pre_init.c.obj (.text._system_pre_init)
                  00004710    00000004            : exit.c.obj (.text:abort)
                  00004714    00000004     --HOLE-- [fill = 0]

.cinit     0    00004718    00000038     
                  00004718    0000000d     (.cinit..data.load) [load image, compression = lzss]
                  00004725    00000003     --HOLE-- [fill = 0]
                  00004728    0000000c     (__TI_handler_table)
                  00004734    00000008     (.cinit..bss.load) [load image, compression = zero_init]
                  0000473c    00000010     (__TI_cinit_table)
                  0000474c    00000004     --HOLE-- [fill = 0]

.rodata    0    000000c0    00003c68     
                  000000c0    00000300     main.o (.rodata.FISH_SWIM_0)
                  000003c0    00000300     main.o (.rodata.FISH_SWIM_10)
                  000006c0    00000300     main.o (.rodata.FISH_SWIM_11)
                  000009c0    00000300     main.o (.rodata.FISH_SWIM_12)
                  00000cc0    00000300     main.o (.rodata.FISH_SWIM_13)
                  00000fc0    00000300     main.o (.rodata.FISH_SWIM_14)
                  000012c0    00000300     main.o (.rodata.FISH_SWIM_15)
                  000015c0    00000300     main.o (.rodata.FISH_SWIM_16)
                  000018c0    00000300     main.o (.rodata.FISH_SWIM_17)
                  00001bc0    00000300     main.o (.rodata.FISH_SWIM_18)
                  00001ec0    00000300     main.o (.rodata.FISH_SWIM_19)
                  000021c0    00000300     main.o (.rodata.FISH_SWIM_1)
                  000024c0    00000300     main.o (.rodata.FISH_SWIM_2)
                  000027c0    00000300     main.o (.rodata.FISH_SWIM_3)
                  00002ac0    00000300     main.o (.rodata.FISH_SWIM_4)
                  00002dc0    00000300     main.o (.rodata.FISH_SWIM_5)
                  000030c0    00000300     main.o (.rodata.FISH_SWIM_6)
                  000033c0    00000300     main.o (.rodata.FISH_SWIM_7)
                  000036c0    00000300     main.o (.rodata.FISH_SWIM_8)
                  000039c0    00000300     main.o (.rodata.FISH_SWIM_9)
                  00003cc0    00000050     main.o (.rodata.FISH_SWIM_FRAMES)
                  00003d10    0000000a     ti_msp_dl_config.o (.rodata.gSPI_0_config)
                  00003d1a    00000002     ti_msp_dl_config.o (.rodata.gSPI_0_clockConfig)
                  00003d1c    00000008     ti_msp_dl_config.o (.rodata.gPWM_0Config)
                  00003d24    00000003     ti_msp_dl_config.o (.rodata.gPWM_0ClockConfig)
                  00003d27    00000001     --HOLE-- [fill = 0]

.init_array 
*          0    00000000    00000000     UNINITIALIZED

.binit     0    00000000    00000000     

.bss       0    20200000    00000fe8     UNINITIALIZED
                  20200000    00000900     main.o (.bss.frame_encoded)
                  20200900    00000300     main.o (.bss.ENC)
                  20200c00    00000300     main.o (.bss.image_grb)
                  20200f00    000000bc     (.common:gPWM_0Backup)
                  20200fbc    00000028     (.common:gSPI_0Backup)
                  20200fe4    00000004     (.common:txPacket)

.data      0    20200fe8    00000015     UNINITIALIZED
                  20200fe8    00000004     main.o (.data.idx)
                  20200fec    00000004     main.o (.data.message_len)
                  20200ff0    00000004     main.o (.data.n_repeats)
                  20200ff4    00000004     main.o (.data.repeat)
                  20200ff8    00000004     main.o (.data.transmissionComplete)
                  20200ffc    00000001     main.o (.data.g_brightness)

.stack     0    20207e00    00000200     UNINITIALIZED
                  20207e00    00000004     libc.a : boot_cortex_m.c.obj (.stack)
                  20207e04    000001fc     --HOLE--

__llvm_prf_cnts 
*          0    20200000    00000000     UNINITIALIZED

__llvm_prf_bits 
*          0    20200000    00000000     UNINITIALIZED

MODULE SUMMARY

       Module                         code   ro data   rw data
       ------                         ----   -------   -------
    ./
       main.o                         1092   15440     3865   
       ti_msp_dl_config.o             388    23        228    
       startup_mspm0g350x_ticlang.o   6      192       0      
    +--+------------------------------+------+---------+---------+
       Total:                         1486   15655     4093   
                                                              
    /Applications/ti/ccs1281/ccs/tools/compiler/ti-cgt-armllvm_3.2.1.LTS/lib/armv6m-ti-none-eabi/c/libc.a
       memcpy16.S.obj                 154    0         0      
       copy_decompress_lzss.c.obj     120    0         0      
       memset16.S.obj                 98     0         0      
       autoinit.c.obj                 60     0         0      
       boot_cortex_m.c.obj            40     0         0      
       copy_decompress_none.c.obj     18     0         0      
       copy_zero_init.c.obj           16     0         0      
       exit.c.obj                     4      0         0      
       pre_init.c.obj                 4      0         0      
    +--+------------------------------+------+---------+---------+
       Total:                         514    0         0      
                                                              
    /Applications/ti/ccs1281/ccs/tools/compiler/ti-cgt-armllvm_3.2.1.LTS/lib/clang/15.0.7/lib/armv6m-ti-none-eabi/libclang_rt.builtins.a
       aeabi_uidivmod.S.obj           64     0         0      
       aeabi_memset.S.obj             12     0         0      
       aeabi_memcpy.S.obj             8      0         0      
       aeabi_div0.c.obj               2      0         0      
    +--+------------------------------+------+---------+---------+
       Total:                         86     0         0      
                                                              
    /Users/reneewrysinski/ti/mspm0_sdk_2_03_00_07/source/ti/driverlib/lib/ticlang/m0p/mspm0g1x0x_g3x0x/driverlib.a
       dl_timer.o                     356    0         0      
       dl_spi.o                       86     0         0      
       dl_common.o                    10     0         0      
    +--+------------------------------+------+---------+---------+
       Total:                         452    0         0      
                                                              
       Stack:                         0      0         512    
       Linker Generated:              0      49        0      
    +--+------------------------------+------+---------+---------+
       Grand Total:                   2538   15704     4605   


LINKER GENERATED COPY TABLES

__TI_cinit_table @ 0000473c records: 2, size/record: 8, table size: 16
	.data: load addr=00004718, load size=0000000d bytes, run addr=20200fe8, run size=00000015 bytes, compression=lzss
	.bss: load addr=00004734, load size=00000008 bytes, run addr=20200000, run size=00000fe8 bytes, compression=zero_init


LINKER GENERATED HANDLER TABLE

__TI_handler_table @ 00004728 records: 3, size/record: 4, table size: 12
	index: 0, handler: __TI_decompress_lzss
	index: 1, handler: __TI_decompress_none
	index: 2, handler: __TI_zero_init


GLOBAL SYMBOLS: SORTED ALPHABETICALLY BY Name 

address   name                            
-------   ----                            
0000420b  ADC0_IRQHandler                 
0000420b  ADC1_IRQHandler                 
0000420b  AES_IRQHandler                  
00004710  C$$EXIT                         
0000420b  CANFD0_IRQHandler               
0000420b  DAC0_IRQHandler                 
000046f5  DL_Common_delayCycles           
000044ad  DL_SPI_init                     
000046a5  DL_SPI_setClockConfig           
0000406d  DL_Timer_initFourCCPWMMode      
00004655  DL_Timer_setCaptCompUpdateMethod
0000468d  DL_Timer_setCaptureCompareOutCtl
000046c9  DL_Timer_setCaptureCompareValue 
00004671  DL_Timer_setClockConfig         
0000420b  DMA_IRQHandler                  
0000420b  Default_Handler                 
0000420b  GROUP0_IRQHandler               
0000420b  GROUP1_IRQHandler               
0000420b  HardFault_Handler               
0000420b  I2C0_IRQHandler                 
0000420b  I2C1_IRQHandler                 
0000420b  NMI_Handler                     
0000420b  PendSV_Handler                  
0000420b  RTC_IRQHandler                  
00004709  Reset_Handler                   
00004295  SPI0_IRQHandler                 
0000420b  SPI1_IRQHandler                 
0000420b  SVC_Handler                     
00004635  SYSCFG_DL_GPIO_init             
00004385  SYSCFG_DL_PWM_0_init            
00004455  SYSCFG_DL_SPI_0_init            
000045ad  SYSCFG_DL_SYSCTL_init           
000045dd  SYSCFG_DL_init                  
000044f1  SYSCFG_DL_initPower             
0000420b  SysTick_Handler                 
0000420b  TIMA0_IRQHandler                
0000420b  TIMA1_IRQHandler                
0000420b  TIMG0_IRQHandler                
0000420b  TIMG12_IRQHandler               
0000420b  TIMG6_IRQHandler                
0000420b  TIMG7_IRQHandler                
0000420b  TIMG8_IRQHandler                
0000420b  UART0_IRQHandler                
0000420b  UART1_IRQHandler                
0000420b  UART2_IRQHandler                
0000420b  UART3_IRQHandler                
20208000  __STACK_END                     
00000200  __STACK_SIZE                    
00000000  __TI_ATRegion0_region_sz        
00000000  __TI_ATRegion0_src_addr         
00000000  __TI_ATRegion0_trg_addr         
00000000  __TI_ATRegion1_region_sz        
00000000  __TI_ATRegion1_src_addr         
00000000  __TI_ATRegion1_trg_addr         
00000000  __TI_ATRegion2_region_sz        
00000000  __TI_ATRegion2_src_addr         
00000000  __TI_ATRegion2_trg_addr         
0000473c  __TI_CINIT_Base                 
0000474c  __TI_CINIT_Limit                
0000474c  __TI_CINIT_Warm                 
00004728  __TI_Handler_Table_Base         
00004734  __TI_Handler_Table_Limit        
00004571  __TI_auto_init_nobinit_nopinit  
0000430d  __TI_decompress_lzss            
000046b7  __TI_decompress_none            
ffffffff  __TI_pprof_out_hndl             
ffffffff  __TI_prof_data_size             
ffffffff  __TI_prof_data_start            
00000000  __TI_static_base__              
000046d9  __TI_zero_init                  
00004453  __aeabi_idiv0                   
000046e9  __aeabi_memclr                  
000046e9  __aeabi_memclr4                 
000046e9  __aeabi_memclr8                 
00004701  __aeabi_memcpy                  
00004701  __aeabi_memcpy4                 
00004701  __aeabi_memcpy8                 
00004531  __aeabi_uidiv                   
00004531  __aeabi_uidivmod                
ffffffff  __binit__                       
UNDEFED   __mpu_init                      
20207e00  __stack                         
20200000  __start___llvm_prf_bits         
20200000  __start___llvm_prf_cnts         
20200000  __stop___llvm_prf_bits          
20200000  __stop___llvm_prf_cnts          
0000460d  _c_int00_noargs                 
UNDEFED   _system_post_cinit              
0000470d  _system_pre_init                
00004711  abort                           
ffffffff  binit                           
20200f00  gPWM_0Backup                    
20200fbc  gSPI_0Backup                    
20200fe8  idx                             
00000000  interruptVectors                
0000420d  main                            
00004171  memcpy                          
000043f1  memset                          
20200fec  message_len                     
20200ff0  n_repeats                       
20200ff4  repeat                          
00003d29  show_swim                       
20200ff8  transmissionComplete            
20200fe4  txPacket                        


GLOBAL SYMBOLS: SORTED BY Symbol Address 

address   name                            
-------   ----                            
00000000  __TI_ATRegion0_region_sz        
00000000  __TI_ATRegion0_src_addr         
00000000  __TI_ATRegion0_trg_addr         
00000000  __TI_ATRegion1_region_sz        
00000000  __TI_ATRegion1_src_addr         
00000000  __TI_ATRegion1_trg_addr         
00000000  __TI_ATRegion2_region_sz        
00000000  __TI_ATRegion2_src_addr         
00000000  __TI_ATRegion2_trg_addr         
00000000  __TI_static_base__              
00000000  interruptVectors                
00000200  __STACK_SIZE                    
00003d29  show_swim                       
0000406d  DL_Timer_initFourCCPWMMode      
00004171  memcpy                          
0000420b  ADC0_IRQHandler                 
0000420b  ADC1_IRQHandler                 
0000420b  AES_IRQHandler                  
0000420b  CANFD0_IRQHandler               
0000420b  DAC0_IRQHandler                 
0000420b  DMA_IRQHandler                  
0000420b  Default_Handler                 
0000420b  GROUP0_IRQHandler               
0000420b  GROUP1_IRQHandler               
0000420b  HardFault_Handler               
0000420b  I2C0_IRQHandler                 
0000420b  I2C1_IRQHandler                 
0000420b  NMI_Handler                     
0000420b  PendSV_Handler                  
0000420b  RTC_IRQHandler                  
0000420b  SPI1_IRQHandler                 
0000420b  SVC_Handler                     
0000420b  SysTick_Handler                 
0000420b  TIMA0_IRQHandler                
0000420b  TIMA1_IRQHandler                
0000420b  TIMG0_IRQHandler                
0000420b  TIMG12_IRQHandler               
0000420b  TIMG6_IRQHandler                
0000420b  TIMG7_IRQHandler                
0000420b  TIMG8_IRQHandler                
0000420b  UART0_IRQHandler                
0000420b  UART1_IRQHandler                
0000420b  UART2_IRQHandler                
0000420b  UART3_IRQHandler                
0000420d  main                            
00004295  SPI0_IRQHandler                 
0000430d  __TI_decompress_lzss            
00004385  SYSCFG_DL_PWM_0_init            
000043f1  memset                          
00004453  __aeabi_idiv0                   
00004455  SYSCFG_DL_SPI_0_init            
000044ad  DL_SPI_init                     
000044f1  SYSCFG_DL_initPower             
00004531  __aeabi_uidiv                   
00004531  __aeabi_uidivmod                
00004571  __TI_auto_init_nobinit_nopinit  
000045ad  SYSCFG_DL_SYSCTL_init           
000045dd  SYSCFG_DL_init                  
0000460d  _c_int00_noargs                 
00004635  SYSCFG_DL_GPIO_init             
00004655  DL_Timer_setCaptCompUpdateMethod
00004671  DL_Timer_setClockConfig         
0000468d  DL_Timer_setCaptureCompareOutCtl
000046a5  DL_SPI_setClockConfig           
000046b7  __TI_decompress_none            
000046c9  DL_Timer_setCaptureCompareValue 
000046d9  __TI_zero_init                  
000046e9  __aeabi_memclr                  
000046e9  __aeabi_memclr4                 
000046e9  __aeabi_memclr8                 
000046f5  DL_Common_delayCycles           
00004701  __aeabi_memcpy                  
00004701  __aeabi_memcpy4                 
00004701  __aeabi_memcpy8                 
00004709  Reset_Handler                   
0000470d  _system_pre_init                
00004710  C$$EXIT                         
00004711  abort                           
00004728  __TI_Handler_Table_Base         
00004734  __TI_Handler_Table_Limit        
0000473c  __TI_CINIT_Base                 
0000474c  __TI_CINIT_Limit                
0000474c  __TI_CINIT_Warm                 
20200000  __start___llvm_prf_bits         
20200000  __start___llvm_prf_cnts         
20200000  __stop___llvm_prf_bits          
20200000  __stop___llvm_prf_cnts          
20200f00  gPWM_0Backup                    
20200fbc  gSPI_0Backup                    
20200fe4  txPacket                        
20200fe8  idx                             
20200fec  message_len                     
20200ff0  n_repeats                       
20200ff4  repeat                          
20200ff8  transmissionComplete            
20207e00  __stack                         
20208000  __STACK_END                     
ffffffff  __TI_pprof_out_hndl             
ffffffff  __TI_prof_data_size             
ffffffff  __TI_prof_data_start            
ffffffff  __binit__                       
ffffffff  binit                           
UNDEFED   __mpu_init                      
UNDEFED   _system_post_cinit              

[104 symbols]
