******************************************************************************
            TI ARM Clang Linker Unix v3.2.1                    
******************************************************************************
>> Linked Sat Aug  2 16:28:02 2025

OUTPUT FILE NAME:   <fish-tank.out>
ENTRY POINT SYMBOL: "_c_int00_noargs"  address: 000030e5


MEMORY CONFIGURATION

         name            origin    length      used     unused   attr    fill
----------------------  --------  ---------  --------  --------  ----  --------
  FLASH                 00000000   00020000  00003228  0001cdd8  R  X
  SRAM                  20200000   00008000  000011fd  00006e03  RW X
  BCR_CONFIG            41c00000   00000080  00000000  00000080  R   
  BSL_CONFIG            41c00100   00000080  00000000  00000080  R   


SEGMENT ALLOCATION MAP

run origin  load origin   length   init length attrs members
----------  ----------- ---------- ----------- ----- -------
00000000    00000000    00003228   00003228    r-x
  00000000    00000000    000000c0   000000c0    r-- .intvecs
  000000c0    000000c0    00002750   00002750    r-- .rodata
  00002810    00002810    000009e0   000009e0    r-x .text
  000031f0    000031f0    00000038   00000038    r-- .cinit
20200000    20200000    00000ffd   00000000    rw-
  20200000    20200000    00000fe8   00000000    rw- .bss
  20200fe8    20200fe8    00000015   00000000    rw- .data
20207e00    20207e00    00000200   00000000    rw-
  20207e00    20207e00    00000200   00000000    rw- .stack


SECTION ALLOCATION MAP

 output                                  attributes/
section   page    origin      length       input sections
--------  ----  ----------  ----------   ----------------
.intvecs   0    00000000    000000c0     
                  00000000    000000c0     startup_mspm0g350x_ticlang.o (.intvecs)

.text      0    00002810    000009e0     
                  00002810    000003bc     main.o (.text.main)
                  00002bcc    00000104     driverlib.a : dl_timer.o (.text.DL_Timer_initFourCCPWMMode)
                  00002cd0    0000009a     libc.a : memcpy16.S.obj (.text:memcpy)
                  00002d6a    00000002     startup_mspm0g350x_ticlang.o (.text.Default_Handler)
                  00002d6c    00000078     main.o (.text.SPI0_IRQHandler)
                  00002de4    00000078     libc.a : copy_decompress_lzss.c.obj (.text:decompress:lzss)
                  00002e5c    0000006c     ti_msp_dl_config.o (.text.SYSCFG_DL_PWM_0_init)
                  00002ec8    00000062     libc.a : memset16.S.obj (.text:memset)
                  00002f2a    00000002     libclang_rt.builtins.a : aeabi_div0.c.obj (.text.__aeabi_idiv0)
                  00002f2c    00000058     ti_msp_dl_config.o (.text.SYSCFG_DL_SPI_0_init)
                  00002f84    00000044     driverlib.a : dl_spi.o (.text.DL_SPI_init)
                  00002fc8    00000040     ti_msp_dl_config.o (.text.SYSCFG_DL_initPower)
                  00003008    00000040     libclang_rt.builtins.a : aeabi_uidivmod.S.obj (.text.__aeabi_uidivmod)
                  00003048    0000003c     libc.a : autoinit.c.obj (.text:__TI_auto_init_nobinit_nopinit)
                  00003084    00000030     ti_msp_dl_config.o (.text.SYSCFG_DL_SYSCTL_init)
                  000030b4    00000030     ti_msp_dl_config.o (.text.SYSCFG_DL_init)
                  000030e4    00000028     libc.a : boot_cortex_m.c.obj (.text:_c_int00_noargs)
                  0000310c    00000020     ti_msp_dl_config.o (.text.SYSCFG_DL_GPIO_init)
                  0000312c    0000001c     driverlib.a : dl_timer.o (.text.DL_Timer_setCaptCompUpdateMethod)
                  00003148    0000001c                 : dl_timer.o (.text.DL_Timer_setClockConfig)
                  00003164    00000018                 : dl_timer.o (.text.DL_Timer_setCaptureCompareOutCtl)
                  0000317c    00000012                 : dl_spi.o (.text.DL_SPI_setClockConfig)
                  0000318e    00000012     libc.a : copy_decompress_none.c.obj (.text:decompress:none)
                  000031a0    00000010     driverlib.a : dl_timer.o (.text.DL_Timer_setCaptureCompareValue)
                  000031b0    00000010     libc.a : copy_zero_init.c.obj (.text:decompress:ZI)
                  000031c0    0000000c     libclang_rt.builtins.a : aeabi_memset.S.obj (.text.__aeabi_memclr)
                  000031cc    0000000a     driverlib.a : dl_common.o (.text.DL_Common_delayCycles)
                  000031d6    00000002     --HOLE-- [fill = 0]
                  000031d8    00000008     libclang_rt.builtins.a : aeabi_memcpy.S.obj (.text.__aeabi_memcpy)
                  000031e0    00000004     startup_mspm0g350x_ticlang.o (.text.Reset_Handler)
                  000031e4    00000004     libc.a : pre_init.c.obj (.text._system_pre_init)
                  000031e8    00000004            : exit.c.obj (.text:abort)
                  000031ec    00000004     --HOLE-- [fill = 0]

.cinit     0    000031f0    00000038     
                  000031f0    0000000d     (.cinit..data.load) [load image, compression = lzss]
                  000031fd    00000003     --HOLE-- [fill = 0]
                  00003200    0000000c     (__TI_handler_table)
                  0000320c    00000008     (.cinit..bss.load) [load image, compression = zero_init]
                  00003214    00000010     (__TI_cinit_table)
                  00003224    00000004     --HOLE-- [fill = 0]

.rodata    0    000000c0    00002750     
                  000000c0    00000300     main.o (.rodata.FISH_FEED_0)
                  000003c0    00000300     main.o (.rodata.FISH_FEED_10)
                  000006c0    00000300     main.o (.rodata.FISH_FEED_11)
                  000009c0    00000300     main.o (.rodata.FISH_FEED_12)
                  00000cc0    00000300     main.o (.rodata.FISH_FEED_1)
                  00000fc0    00000300     main.o (.rodata.FISH_FEED_2)
                  000012c0    00000300     main.o (.rodata.FISH_FEED_3)
                  000015c0    00000300     main.o (.rodata.FISH_FEED_4)
                  000018c0    00000300     main.o (.rodata.FISH_FEED_5)
                  00001bc0    00000300     main.o (.rodata.FISH_FEED_6)
                  00001ec0    00000300     main.o (.rodata.FISH_FEED_7)
                  000021c0    00000300     main.o (.rodata.FISH_FEED_8)
                  000024c0    00000300     main.o (.rodata.FISH_FEED_9)
                  000027c0    00000034     main.o (.rodata.FISH_FEED_FRAMES)
                  000027f4    0000000a     ti_msp_dl_config.o (.rodata.gSPI_0_config)
                  000027fe    00000002     ti_msp_dl_config.o (.rodata.gSPI_0_clockConfig)
                  00002800    00000008     ti_msp_dl_config.o (.rodata.gPWM_0Config)
                  00002808    00000003     ti_msp_dl_config.o (.rodata.gPWM_0ClockConfig)
                  0000280b    00000005     --HOLE-- [fill = 0]

.init_array 
*          0    00000000    00000000     UNINITIALIZED

.binit     0    00000000    00000000     

.bss       0    20200000    00000fe8     UNINITIALIZED
                  20200000    00000900     main.o (.bss.frame_encoded)
                  20200900    00000300     main.o (.bss.ENC)
                  20200c00    00000300     main.o (.bss.image_grb)
                  20200f00    000000bc     (.common:gPWM_0Backup)
                  20200fbc    00000028     (.common:gSPI_0Backup)
                  20200fe4    00000004     (.common:txPacket)

.data      0    20200fe8    00000015     UNINITIALIZED
                  20200fe8    00000004     main.o (.data.idx)
                  20200fec    00000004     main.o (.data.message_len)
                  20200ff0    00000004     main.o (.data.n_repeats)
                  20200ff4    00000004     main.o (.data.repeat)
                  20200ff8    00000004     main.o (.data.transmissionComplete)
                  20200ffc    00000001     main.o (.data.g_brightness)

.stack     0    20207e00    00000200     UNINITIALIZED
                  20207e00    00000004     libc.a : boot_cortex_m.c.obj (.stack)
                  20207e04    000001fc     --HOLE--

__llvm_prf_cnts 
*          0    20200000    00000000     UNINITIALIZED

__llvm_prf_bits 
*          0    20200000    00000000     UNINITIALIZED

MODULE SUMMARY

       Module                         code   ro data   rw data
       ------                         ----   -------   -------
    ./
       main.o                         1076   10036     3865   
       ti_msp_dl_config.o             388    23        228    
       startup_mspm0g350x_ticlang.o   6      192       0      
    +--+------------------------------+------+---------+---------+
       Total:                         1470   10251     4093   
                                                              
    /Applications/ti/ccs1281/ccs/tools/compiler/ti-cgt-armllvm_3.2.1.LTS/lib/armv6m-ti-none-eabi/c/libc.a
       memcpy16.S.obj                 154    0         0      
       copy_decompress_lzss.c.obj     120    0         0      
       memset16.S.obj                 98     0         0      
       autoinit.c.obj                 60     0         0      
       boot_cortex_m.c.obj            40     0         0      
       copy_decompress_none.c.obj     18     0         0      
       copy_zero_init.c.obj           16     0         0      
       exit.c.obj                     4      0         0      
       pre_init.c.obj                 4      0         0      
    +--+------------------------------+------+---------+---------+
       Total:                         514    0         0      
                                                              
    /Applications/ti/ccs1281/ccs/tools/compiler/ti-cgt-armllvm_3.2.1.LTS/lib/clang/15.0.7/lib/armv6m-ti-none-eabi/libclang_rt.builtins.a
       aeabi_uidivmod.S.obj           64     0         0      
       aeabi_memset.S.obj             12     0         0      
       aeabi_memcpy.S.obj             8      0         0      
       aeabi_div0.c.obj               2      0         0      
    +--+------------------------------+------+---------+---------+
       Total:                         86     0         0      
                                                              
    /Users/reneewrysinski/ti/mspm0_sdk_2_03_00_07/source/ti/driverlib/lib/ticlang/m0p/mspm0g1x0x_g3x0x/driverlib.a
       dl_timer.o                     356    0         0      
       dl_spi.o                       86     0         0      
       dl_common.o                    10     0         0      
    +--+------------------------------+------+---------+---------+
       Total:                         452    0         0      
                                                              
       Stack:                         0      0         512    
       Linker Generated:              0      49        0      
    +--+------------------------------+------+---------+---------+
       Grand Total:                   2522   10300     4605   


LINKER GENERATED COPY TABLES

__TI_cinit_table @ 00003214 records: 2, size/record: 8, table size: 16
	.data: load addr=000031f0, load size=0000000d bytes, run addr=20200fe8, run size=00000015 bytes, compression=lzss
	.bss: load addr=0000320c, load size=00000008 bytes, run addr=20200000, run size=00000fe8 bytes, compression=zero_init


LINKER GENERATED HANDLER TABLE

__TI_handler_table @ 00003200 records: 3, size/record: 4, table size: 12
	index: 0, handler: __TI_decompress_lzss
	index: 1, handler: __TI_decompress_none
	index: 2, handler: __TI_zero_init


GLOBAL SYMBOLS: SORTED ALPHABETICALLY BY Name 

address   name                            
-------   ----                            
00002d6b  ADC0_IRQHandler                 
00002d6b  ADC1_IRQHandler                 
00002d6b  AES_IRQHandler                  
000031e8  C$$EXIT                         
00002d6b  CANFD0_IRQHandler               
00002d6b  DAC0_IRQHandler                 
000031cd  DL_Common_delayCycles           
00002f85  DL_SPI_init                     
0000317d  DL_SPI_setClockConfig           
00002bcd  DL_Timer_initFourCCPWMMode      
0000312d  DL_Timer_setCaptCompUpdateMethod
00003165  DL_Timer_setCaptureCompareOutCtl
000031a1  DL_Timer_setCaptureCompareValue 
00003149  DL_Timer_setClockConfig         
00002d6b  DMA_IRQHandler                  
00002d6b  Default_Handler                 
00002d6b  GROUP0_IRQHandler               
00002d6b  GROUP1_IRQHandler               
00002d6b  HardFault_Handler               
00002d6b  I2C0_IRQHandler                 
00002d6b  I2C1_IRQHandler                 
00002d6b  NMI_Handler                     
00002d6b  PendSV_Handler                  
00002d6b  RTC_IRQHandler                  
000031e1  Reset_Handler                   
00002d6d  SPI0_IRQHandler                 
00002d6b  SPI1_IRQHandler                 
00002d6b  SVC_Handler                     
0000310d  SYSCFG_DL_GPIO_init             
00002e5d  SYSCFG_DL_PWM_0_init            
00002f2d  SYSCFG_DL_SPI_0_init            
00003085  SYSCFG_DL_SYSCTL_init           
000030b5  SYSCFG_DL_init                  
00002fc9  SYSCFG_DL_initPower             
00002d6b  SysTick_Handler                 
00002d6b  TIMA0_IRQHandler                
00002d6b  TIMA1_IRQHandler                
00002d6b  TIMG0_IRQHandler                
00002d6b  TIMG12_IRQHandler               
00002d6b  TIMG6_IRQHandler                
00002d6b  TIMG7_IRQHandler                
00002d6b  TIMG8_IRQHandler                
00002d6b  UART0_IRQHandler                
00002d6b  UART1_IRQHandler                
00002d6b  UART2_IRQHandler                
00002d6b  UART3_IRQHandler                
20208000  __STACK_END                     
00000200  __STACK_SIZE                    
00000000  __TI_ATRegion0_region_sz        
00000000  __TI_ATRegion0_src_addr         
00000000  __TI_ATRegion0_trg_addr         
00000000  __TI_ATRegion1_region_sz        
00000000  __TI_ATRegion1_src_addr         
00000000  __TI_ATRegion1_trg_addr         
00000000  __TI_ATRegion2_region_sz        
00000000  __TI_ATRegion2_src_addr         
00000000  __TI_ATRegion2_trg_addr         
00003214  __TI_CINIT_Base                 
00003224  __TI_CINIT_Limit                
00003224  __TI_CINIT_Warm                 
00003200  __TI_Handler_Table_Base         
0000320c  __TI_Handler_Table_Limit        
00003049  __TI_auto_init_nobinit_nopinit  
00002de5  __TI_decompress_lzss            
0000318f  __TI_decompress_none            
ffffffff  __TI_pprof_out_hndl             
ffffffff  __TI_prof_data_size             
ffffffff  __TI_prof_data_start            
00000000  __TI_static_base__              
000031b1  __TI_zero_init                  
00002f2b  __aeabi_idiv0                   
000031c1  __aeabi_memclr                  
000031c1  __aeabi_memclr4                 
000031c1  __aeabi_memclr8                 
000031d9  __aeabi_memcpy                  
000031d9  __aeabi_memcpy4                 
000031d9  __aeabi_memcpy8                 
00003009  __aeabi_uidiv                   
00003009  __aeabi_uidivmod                
ffffffff  __binit__                       
UNDEFED   __mpu_init                      
20207e00  __stack                         
20200000  __start___llvm_prf_bits         
20200000  __start___llvm_prf_cnts         
20200000  __stop___llvm_prf_bits          
20200000  __stop___llvm_prf_cnts          
000030e5  _c_int00_noargs                 
UNDEFED   _system_post_cinit              
000031e5  _system_pre_init                
000031e9  abort                           
ffffffff  binit                           
20200f00  gPWM_0Backup                    
20200fbc  gSPI_0Backup                    
20200fe8  idx                             
00000000  interruptVectors                
00002811  main                            
00002cd1  memcpy                          
00002ec9  memset                          
20200fec  message_len                     
20200ff0  n_repeats                       
20200ff4  repeat                          
20200ff8  transmissionComplete            
20200fe4  txPacket                        


GLOBAL SYMBOLS: SORTED BY Symbol Address 

address   name                            
-------   ----                            
00000000  __TI_ATRegion0_region_sz        
00000000  __TI_ATRegion0_src_addr         
00000000  __TI_ATRegion0_trg_addr         
00000000  __TI_ATRegion1_region_sz        
00000000  __TI_ATRegion1_src_addr         
00000000  __TI_ATRegion1_trg_addr         
00000000  __TI_ATRegion2_region_sz        
00000000  __TI_ATRegion2_src_addr         
00000000  __TI_ATRegion2_trg_addr         
00000000  __TI_static_base__              
00000000  interruptVectors                
00000200  __STACK_SIZE                    
00002811  main                            
00002bcd  DL_Timer_initFourCCPWMMode      
00002cd1  memcpy                          
00002d6b  ADC0_IRQHandler                 
00002d6b  ADC1_IRQHandler                 
00002d6b  AES_IRQHandler                  
00002d6b  CANFD0_IRQHandler               
00002d6b  DAC0_IRQHandler                 
00002d6b  DMA_IRQHandler                  
00002d6b  Default_Handler                 
00002d6b  GROUP0_IRQHandler               
00002d6b  GROUP1_IRQHandler               
00002d6b  HardFault_Handler               
00002d6b  I2C0_IRQHandler                 
00002d6b  I2C1_IRQHandler                 
00002d6b  NMI_Handler                     
00002d6b  PendSV_Handler                  
00002d6b  RTC_IRQHandler                  
00002d6b  SPI1_IRQHandler                 
00002d6b  SVC_Handler                     
00002d6b  SysTick_Handler                 
00002d6b  TIMA0_IRQHandler                
00002d6b  TIMA1_IRQHandler                
00002d6b  TIMG0_IRQHandler                
00002d6b  TIMG12_IRQHandler               
00002d6b  TIMG6_IRQHandler                
00002d6b  TIMG7_IRQHandler                
00002d6b  TIMG8_IRQHandler                
00002d6b  UART0_IRQHandler                
00002d6b  UART1_IRQHandler                
00002d6b  UART2_IRQHandler                
00002d6b  UART3_IRQHandler                
00002d6d  SPI0_IRQHandler                 
00002de5  __TI_decompress_lzss            
00002e5d  SYSCFG_DL_PWM_0_init            
00002ec9  memset                          
00002f2b  __aeabi_idiv0                   
00002f2d  SYSCFG_DL_SPI_0_init            
00002f85  DL_SPI_init                     
00002fc9  SYSCFG_DL_initPower             
00003009  __aeabi_uidiv                   
00003009  __aeabi_uidivmod                
00003049  __TI_auto_init_nobinit_nopinit  
00003085  SYSCFG_DL_SYSCTL_init           
000030b5  SYSCFG_DL_init                  
000030e5  _c_int00_noargs                 
0000310d  SYSCFG_DL_GPIO_init             
0000312d  DL_Timer_setCaptCompUpdateMethod
00003149  DL_Timer_setClockConfig         
00003165  DL_Timer_setCaptureCompareOutCtl
0000317d  DL_SPI_setClockConfig           
0000318f  __TI_decompress_none            
000031a1  DL_Timer_setCaptureCompareValue 
000031b1  __TI_zero_init                  
000031c1  __aeabi_memclr                  
000031c1  __aeabi_memclr4                 
000031c1  __aeabi_memclr8                 
000031cd  DL_Common_delayCycles           
000031d9  __aeabi_memcpy                  
000031d9  __aeabi_memcpy4                 
000031d9  __aeabi_memcpy8                 
000031e1  Reset_Handler                   
000031e5  _system_pre_init                
000031e8  C$$EXIT                         
000031e9  abort                           
00003200  __TI_Handler_Table_Base         
0000320c  __TI_Handler_Table_Limit        
00003214  __TI_CINIT_Base                 
00003224  __TI_CINIT_Limit                
00003224  __TI_CINIT_Warm                 
20200000  __start___llvm_prf_bits         
20200000  __start___llvm_prf_cnts         
20200000  __stop___llvm_prf_bits          
20200000  __stop___llvm_prf_cnts          
20200f00  gPWM_0Backup                    
20200fbc  gSPI_0Backup                    
20200fe4  txPacket                        
20200fe8  idx                             
20200fec  message_len                     
20200ff0  n_repeats                       
20200ff4  repeat                          
20200ff8  transmissionComplete            
20207e00  __stack                         
20208000  __STACK_END                     
ffffffff  __TI_pprof_out_hndl             
ffffffff  __TI_prof_data_size             
ffffffff  __TI_prof_data_start            
ffffffff  __binit__                       
ffffffff  binit                           
UNDEFED   __mpu_init                      
UNDEFED   _system_post_cinit              

[103 symbols]
