******************************************************************************
            TI ARM Clang Linker Unix v3.2.1                    
******************************************************************************
>> Linked Sat Aug  2 23:50:30 2025

OUTPUT FILE NAME:   <fish-tank.out>
ENTRY POINT SYMBOL: "_c_int00_noargs"  address: 00006251


MEMORY CONFIGURATION

         name            origin    length      used     unused   attr    fill
----------------------  --------  ---------  --------  --------  ----  --------
  FLASH                 00000000   00020000  000064a8  00019b58  R  X
  SRAM                  20200000   00008000  00001d9f  00006261  RW X
  BCR_CONFIG            41c00000   00000080  00000000  00000080  R   
  BSL_CONFIG            41c00100   00000080  00000000  00000080  R   


SEGMENT ALLOCATION MAP

run origin  load origin   length   init length attrs members
----------  ----------- ---------- ----------- ----- -------
00000000    00000000    000064a8   000064a8    r-x
  00000000    00000000    000000c0   000000c0    r-- .intvecs
  000000c0    000000c0    000045a0   000045a0    r-- .rodata
  00004660    00004660    00001db8   00001db8    r-x .text
  00006418    00006418    00000090   00000090    r-- .cinit
20200000    20200000    00001ba1   00000000    rw-
  20200000    20200000    000011b6   00000000    rw- .bss
  202011b8    202011b8    00000800   00000000    rw- .sysmem
  202019b8    202019b8    000001e9   00000000    rw- .data
20207e00    20207e00    00000200   00000000    rw-
  20207e00    20207e00    00000200   00000000    rw- .stack


SECTION ALLOCATION MAP

 output                                  attributes/
section   page    origin      length       input sections
--------  ----  ----------  ----------   ----------------
.intvecs   0    00000000    000000c0     
                  00000000    000000c0     startup_mspm0g350x_ticlang.o (.intvecs)

.text      0    00004660    00001db8     
                  00004660    00000494     animations.o (.text.play_game)
                  00004af4    000001d4     display.o (.text.load_image_rgb)
                  00004cc8    00000154     display.o (.text.build_frame_from_image)
                  00004e1c    0000012c     libc.a : memory.c.obj (.text.aligned_alloc)
                  00004f48    00000104     driverlib.a : dl_timer.o (.text.DL_Timer_initFourCCPWMMode)
                  0000504c    00000104     libc.a : fputs.c.obj (.text.fputs)
                  00005150    000000ec            : memory.c.obj (.text.free)
                  0000523c    000000dc            : setvbuf.c.obj (.text.setvbuf)
                  00005318    000000c8     simon_random.o (.text.srand)
                  000053e0    0000009a     libc.a : memcpy16.S.obj (.text:memcpy)
                  0000547a    00000002     startup_mspm0g350x_ticlang.o (.text.Default_Handler)
                  0000547c    00000084     display.o (.text.build_encode_lut)
                  00005500    0000007c     simon_random.o (.text.GenerateRandomNumber)
                  0000557c    0000007c     libc.a : fclose.c.obj (.text.__TI_closefile)
                  000055f8    00000078     main.o (.text.SPI0_IRQHandler)
                  00005670    00000078     libc.a : copy_decompress_lzss.c.obj (.text:decompress:lzss)
                  000056e8    00000074     display.o (.text.send_frame)
                  0000575c    00000070     effects.o (.text.wait3)
                  000057cc    0000006c     libsysbm.a : hostlseek.c.obj (.text.HOSTlseek)
                  00005838    0000006c                : hostrename.c.obj (.text.HOSTrename)
                  000058a4    0000006c     ti_msp_dl_config.o (.text.SYSCFG_DL_PWM_0_init)
                  00005910    0000006c     libc.a : fseek.c.obj (.text.fseeko)
                  0000597c    00000068            : getdevice.c.obj (.text.getdevice)
                  000059e4    00000064            : _io_perm.c.obj (.text.__TI_wrt_ok)
                  00005a48    00000064            : memory.c.obj (.text.split)
                  00005aac    00000062            : memset16.S.obj (.text:memset)
                  00005b0e    00000002     libclang_rt.builtins.a : aeabi_div0.c.obj (.text.__aeabi_idiv0)
                  00005b10    00000060     libsysbm.a : hostopen.c.obj (.text.HOSTopen)
                  00005b70    00000058                : hostread.c.obj (.text.HOSTread)
                  00005bc8    00000058                : hostwrite.c.obj (.text.HOSTwrite)
                  00005c20    00000058     lab6_helper.o (.text.InitializeTimerG0)
                  00005c78    00000058     ti_msp_dl_config.o (.text.SYSCFG_DL_SPI_0_init)
                  00005cd0    00000058     main.o (.text.main)
                  00005d28    00000052     libc.a : fflush.c.obj (.text.__TI_doflush)
                  00005d7a    00000002            : _lock.c.obj (.text._nop)
                  00005d7c    00000050     lab6_helper.o (.text.InitializeGPIO)
                  00005dcc    00000050     libsysbm.a : close.c.obj (.text.close)
                  00005e1c    00000048                : hostclose.c.obj (.text.HOSTclose)
                  00005e64    00000048                : hostunlink.c.obj (.text.HOSTunlink)
                  00005eac    00000044     driverlib.a : dl_spi.o (.text.DL_SPI_init)
                  00005ef0    00000040     ti_msp_dl_config.o (.text.SYSCFG_DL_initPower)
                  00005f30    00000040     libclang_rt.builtins.a : aeabi_uidivmod.S.obj (.text.__aeabi_uidivmod)
                  00005f70    0000003c     simon_random.o (.text.rand)
                  00005fac    0000003c     libc.a : autoinit.c.obj (.text:__TI_auto_init_nobinit_nopinit)
                  00005fe8    00000038            : getdevice.c.obj (.text.finddevice)
                  00006020    00000034            : fopen.c.obj (.text.__TI_cleanup)
                  00006054    00000034     libsysbm.a : trgmsg.c.obj (.text.__TI_readmsg)
                  00006088    00000034                : trgmsg.c.obj (.text.__TI_writemsg)
                  000060bc    00000034     libc.a : exit.c.obj (.text.exit)
                  000060f0    00000030     lab6_helper.o (.text.InitializeProcessor)
                  00006120    00000030     ti_msp_dl_config.o (.text.SYSCFG_DL_SYSCTL_init)
                  00006150    00000030     ti_msp_dl_config.o (.text.SYSCFG_DL_init)
                  00006180    0000002c     buttons.o (.text.any_button_on)
                  000061ac    0000002c     libsysbm.a : unlink.c.obj (.text.unlink)
                  000061d8    00000028     libc.a : memory.c.obj (.text.free_list_insert)
                  00006200    00000028     libsysbm.a : lseek.c.obj (.text.lseek)
                  00006228    00000028                : write.c.obj (.text.write)
                  00006250    00000028     libc.a : boot_cortex_m.c.obj (.text:_c_int00_noargs)
                  00006278    00000024            : fputs.c.obj (.text.puts)
                  0000629c    00000020     ti_msp_dl_config.o (.text.SYSCFG_DL_GPIO_init)
                  000062bc    0000001c     driverlib.a : dl_timer.o (.text.DL_Timer_setCaptCompUpdateMethod)
                  000062d8    0000001c                 : dl_timer.o (.text.DL_Timer_setClockConfig)
                  000062f4    0000001c     libc.a : memory.c.obj (.text.free_list_remove)
                  00006310    00000018     driverlib.a : dl_timer.o (.text.DL_Timer_setCaptureCompareOutCtl)
                  00006328    00000018     main.o (.text.TIMG0_IRQHandler)
                  00006340    00000014     buttons.o (.text.button_on)
                  00006354    00000012     driverlib.a : dl_spi.o (.text.DL_SPI_setClockConfig)
                  00006366    00000012     libsysbm.a : hostrename.c.obj (.text.strcpy)
                  00006378    00000012     libc.a : copy_decompress_none.c.obj (.text:decompress:none)
                  0000638a    00000002     --HOLE-- [fill = 0]
                  0000638c    00000010     driverlib.a : dl_timer.o (.text.DL_Timer_setCaptureCompareValue)
                  0000639c    00000010     libc.a : copy_zero_init.c.obj (.text:decompress:ZI)
                  000063ac    0000000e            : memory.c.obj (.text.OUTLINED_FUNCTION_0)
                  000063ba    0000000e     libsysbm.a : hostrename.c.obj (.text.strlen)
                  000063c8    0000000c     libclang_rt.builtins.a : aeabi_memset.S.obj (.text.__aeabi_memclr)
                  000063d4    0000000c     libc.a : memory.c.obj (.text.malloc)
                  000063e0    0000000a     driverlib.a : dl_common.o (.text.DL_Common_delayCycles)
                  000063ea    0000000a     lab6_helper.o (.text.delay_cycles)
                  000063f4    00000008     libclang_rt.builtins.a : aeabi_memcpy.S.obj (.text.__aeabi_memcpy)
                  000063fc    00000008     libc.a : fseek.c.obj (.text.fseek)
                  00006404    00000008     libsysbm.a : remove.c.obj (.text.remove)
                  0000640c    00000004     startup_mspm0g350x_ticlang.o (.text.Reset_Handler)
                  00006410    00000004     libc.a : pre_init.c.obj (.text._system_pre_init)
                  00006414    00000004            : exit.c.obj (.text:abort)

.cinit     0    00006418    00000090     
                  00006418    00000068     (.cinit..data.load) [load image, compression = lzss]
                  00006480    0000000c     (__TI_handler_table)
                  0000648c    00000008     (.cinit..bss.load) [load image, compression = zero_init]
                  00006494    00000010     (__TI_cinit_table)
                  000064a4    00000004     --HOLE-- [fill = 0]

.rodata    0    000000c0    000045a0     
                  000000c0    00000300     animations.o (.rodata.FISH_GAME_0)
                  000003c0    00000300     animations.o (.rodata.FISH_GAME_10)
                  000006c0    00000300     animations.o (.rodata.FISH_GAME_11)
                  000009c0    00000300     animations.o (.rodata.FISH_GAME_12)
                  00000cc0    00000300     animations.o (.rodata.FISH_GAME_13)
                  00000fc0    00000300     animations.o (.rodata.FISH_GAME_14)
                  000012c0    00000300     animations.o (.rodata.FISH_GAME_15)
                  000015c0    00000300     animations.o (.rodata.FISH_GAME_16)
                  000018c0    00000300     animations.o (.rodata.FISH_GAME_17)
                  00001bc0    00000300     animations.o (.rodata.FISH_GAME_18)
                  00001ec0    00000300     animations.o (.rodata.FISH_GAME_19)
                  000021c0    00000300     animations.o (.rodata.FISH_GAME_1)
                  000024c0    00000300     animations.o (.rodata.FISH_GAME_20)
                  000027c0    00000300     animations.o (.rodata.FISH_GAME_21)
                  00002ac0    00000300     animations.o (.rodata.FISH_GAME_22)
                  00002dc0    00000300     animations.o (.rodata.FISH_GAME_2)
                  000030c0    00000300     animations.o (.rodata.FISH_GAME_3)
                  000033c0    00000300     animations.o (.rodata.FISH_GAME_4)
                  000036c0    00000300     animations.o (.rodata.FISH_GAME_5)
                  000039c0    00000300     animations.o (.rodata.FISH_GAME_6)
                  00003cc0    00000300     animations.o (.rodata.FISH_GAME_7)
                  00003fc0    00000300     animations.o (.rodata.FISH_GAME_8)
                  000042c0    00000300     animations.o (.rodata.FISH_GAME_9)
                  000045c0    0000001f     effects.o (.rodata.str1.177535217714638506941)
                  000045df    00000001     --HOLE-- [fill = 0]
                  000045e0    00000010     animations.o (.rodata.GAME_R_WIN)
                  000045f0    00000010     animations.o (.rodata.str1.135798089681644946231)
                  00004600    00000010     animations.o (.rodata.str1.148049664265104123791)
                  00004610    00000010     animations.o (.rodata.str1.33033795218430282561)
                  00004620    00000010     animations.o (.rodata.str1.56524614623537094381)
                  00004630    00000010     animations.o (.rodata.str1.77131140323349552801)
                  00004640    0000000a     ti_msp_dl_config.o (.rodata.gSPI_0_config)
                  0000464a    00000002     ti_msp_dl_config.o (.rodata.gSPI_0_clockConfig)
                  0000464c    00000008     ti_msp_dl_config.o (.rodata.gPWM_0Config)
                  00004654    00000003     ti_msp_dl_config.o (.rodata.gPWM_0ClockConfig)
                  00004657    00000002     libc.a : fputs.c.obj (.rodata.str1.127069605411828601681)
                  00004659    00000007     --HOLE-- [fill = 0]

.init_array 
*          0    00000000    00000000     UNINITIALIZED

.binit     0    00000000    00000000     

.bss       0    20200000    000011b6     UNINITIALIZED
                  20200000    00000900     (.common:frame_encoded)
                  20200900    00000300     (.common:ENC)
                  20200c00    00000300     (.common:image_grb)
                  20200f00    00000120     libsysbm.a : trgmsg.c.obj (.bss:_CIOBUF_)
                  20201020    000000bc     (.common:gPWM_0Backup)
                  202010dc    000000a0     libc.a : defs.c.obj (.bss.__TI_tmpnams)
                  2020117c    00000028     (.common:gSPI_0Backup)
                  202011a4    00000008     libsysbm.a : hostopen.c.obj (.bss.parmbuf)
                  202011ac    00000004     libc.a : memory.c.obj (.bss.sys_free)
                  202011b0    00000004     (.common:txPacket)
                  202011b4    00000002     (.common:lfsr)

.sysmem    0    202011b8    00000800     UNINITIALIZED
                  202011b8    00000010     libc.a : memory.c.obj (.sysmem)
                  202011c8    000007f0     --HOLE--

.data      0    202019b8    000001e9     UNINITIALIZED
                  202019b8    000000f0     libc.a : defs.c.obj (.data._ftable)
                  20201aa8    00000078     libsysbm.a : host_device.c.obj (.data._device)
                  20201b20    00000050                : host_device.c.obj (.data._stream)
                  20201b70    00000008     libc.a : exit.c.obj (.data..L_MergedGlobals)
                  20201b78    00000004            : defs.c.obj (.data.__TI_ft_end)
                  20201b7c    00000004            : _lock.c.obj (.data._lock)
                  20201b80    00000004            : _lock.c.obj (.data._unlock)
                  20201b84    00000004     display.o (.data.idx)
                  20201b88    00000004     display.o (.data.message_len)
                  20201b8c    00000004     display.o (.data.n_repeats)
                  20201b90    00000004     display.o (.data.repeat)
                  20201b94    00000004     effects.o (.data.timerTicked)
                  20201b98    00000004     display.o (.data.transmissionComplete)
                  20201b9c    00000001     display.o (.data.g_brightness)
                  20201b9d    00000003     --HOLE--
                  20201ba0    00000001     libc.a : memory.c.obj (.data.memory_is_initialized)

.stack     0    20207e00    00000200     UNINITIALIZED
                  20207e00    00000004     libc.a : boot_cortex_m.c.obj (.stack)
                  20207e04    000001fc     --HOLE--

__llvm_prf_cnts 
*          0    20200000    00000000     UNINITIALIZED

__llvm_prf_bits 
*          0    20200000    00000000     UNINITIALIZED

MODULE SUMMARY

       Module                         code   ro data   rw data
       ------                         ----   -------   -------
    ./
       animations.o                   1172   17760     2304   
       display.o                      1056   0         1561   
       ti_msp_dl_config.o             388    23        228    
       simon_random.o                 384    0         2      
       main.o                         232    0         0      
       lab6_helper.o                  226    0         0      
       startup_mspm0g350x_ticlang.o   6      192       0      
       effects.o                      112    31        4      
       buttons.o                      64     0         0      
    +--+------------------------------+------+---------+---------+
       Total:                         3640   18006     4099   
                                                              
    /Applications/ti/ccs1281/ccs/tools/compiler/ti-cgt-armllvm_3.2.1.LTS/lib/armv6m-ti-none-eabi/c/libc.a
       memory.c.obj                   730    0         5      
       defs.c.obj                     0      0         404    
       fputs.c.obj                    296    2         0      
       setvbuf.c.obj                  220    0         0      
       getdevice.c.obj                160    0         0      
       memcpy16.S.obj                 154    0         0      
       fclose.c.obj                   124    0         0      
       copy_decompress_lzss.c.obj     120    0         0      
       fseek.c.obj                    116    0         0      
       _io_perm.c.obj                 100    0         0      
       memset16.S.obj                 98     0         0      
       fflush.c.obj                   82     0         0      
       exit.c.obj                     56     0         8      
       autoinit.c.obj                 60     0         0      
       fopen.c.obj                    52     0         0      
       boot_cortex_m.c.obj            40     0         0      
       copy_decompress_none.c.obj     18     0         0      
       copy_zero_init.c.obj           16     0         0      
       _lock.c.obj                    2      0         8      
       pre_init.c.obj                 4      0         0      
    +--+------------------------------+------+---------+---------+
       Total:                         2448   2         425    
                                                              
    /Applications/ti/ccs1281/ccs/tools/compiler/ti-cgt-armllvm_3.2.1.LTS/lib/armv6m-ti-none-eabi/c/libsysbm.a
       trgmsg.c.obj                   104    0         288    
       host_device.c.obj              0      0         200    
       hostrename.c.obj               140    0         0      
       hostlseek.c.obj                108    0         0      
       hostopen.c.obj                 96     0         8      
       hostread.c.obj                 88     0         0      
       hostwrite.c.obj                88     0         0      
       close.c.obj                    80     0         0      
       hostclose.c.obj                72     0         0      
       hostunlink.c.obj               72     0         0      
       unlink.c.obj                   44     0         0      
       lseek.c.obj                    40     0         0      
       write.c.obj                    40     0         0      
       remove.c.obj                   8      0         0      
    +--+------------------------------+------+---------+---------+
       Total:                         980    0         496    
                                                              
    /Applications/ti/ccs1281/ccs/tools/compiler/ti-cgt-armllvm_3.2.1.LTS/lib/clang/15.0.7/lib/armv6m-ti-none-eabi/libclang_rt.builtins.a
       aeabi_uidivmod.S.obj           64     0         0      
       aeabi_memset.S.obj             12     0         0      
       aeabi_memcpy.S.obj             8      0         0      
       aeabi_div0.c.obj               2      0         0      
    +--+------------------------------+------+---------+---------+
       Total:                         86     0         0      
                                                              
    /Users/reneewrysinski/ti/mspm0_sdk_2_03_00_07/source/ti/driverlib/lib/ticlang/m0p/mspm0g1x0x_g3x0x/driverlib.a
       dl_timer.o                     356    0         0      
       dl_spi.o                       86     0         0      
       dl_common.o                    10     0         0      
    +--+------------------------------+------+---------+---------+
       Total:                         452    0         0      
                                                              
       Heap:                          0      0         2048   
       Stack:                         0      0         512    
       Linker Generated:              0      140       0      
    +--+------------------------------+------+---------+---------+
       Grand Total:                   7606   18148     7580   


LINKER GENERATED COPY TABLES

__TI_cinit_table @ 00006494 records: 2, size/record: 8, table size: 16
	.data: load addr=00006418, load size=00000068 bytes, run addr=202019b8, run size=000001e9 bytes, compression=lzss
	.bss: load addr=0000648c, load size=00000008 bytes, run addr=20200000, run size=000011b6 bytes, compression=zero_init


LINKER GENERATED HANDLER TABLE

__TI_handler_table @ 00006480 records: 3, size/record: 4, table size: 12
	index: 0, handler: __TI_decompress_lzss
	index: 1, handler: __TI_decompress_none
	index: 2, handler: __TI_zero_init


GLOBAL SYMBOLS: SORTED ALPHABETICALLY BY Name 

address   name                            
-------   ----                            
0000547b  ADC0_IRQHandler                 
0000547b  ADC1_IRQHandler                 
0000547b  AES_IRQHandler                  
00006414  C$$EXIT                         
000060b5  C$$IO$$                         
0000547b  CANFD0_IRQHandler               
0000547b  DAC0_IRQHandler                 
000063e1  DL_Common_delayCycles           
00005ead  DL_SPI_init                     
00006355  DL_SPI_setClockConfig           
00004f49  DL_Timer_initFourCCPWMMode      
000062bd  DL_Timer_setCaptCompUpdateMethod
00006311  DL_Timer_setCaptureCompareOutCtl
0000638d  DL_Timer_setCaptureCompareValue 
000062d9  DL_Timer_setClockConfig         
0000547b  DMA_IRQHandler                  
0000547b  Default_Handler                 
20200900  ENC                             
0000547b  GROUP0_IRQHandler               
0000547b  GROUP1_IRQHandler               
00005501  GenerateRandomNumber            
00005e1d  HOSTclose                       
000057cd  HOSTlseek                       
00005b11  HOSTopen                        
00005b71  HOSTread                        
00005839  HOSTrename                      
00005e65  HOSTunlink                      
00005bc9  HOSTwrite                       
0000547b  HardFault_Handler               
0000547b  I2C0_IRQHandler                 
0000547b  I2C1_IRQHandler                 
00005d7d  InitializeGPIO                  
000060f1  InitializeProcessor             
00005c21  InitializeTimerG0               
0000547b  NMI_Handler                     
0000547b  PendSV_Handler                  
0000547b  RTC_IRQHandler                  
0000640d  Reset_Handler                   
000055f9  SPI0_IRQHandler                 
0000547b  SPI1_IRQHandler                 
0000547b  SVC_Handler                     
0000629d  SYSCFG_DL_GPIO_init             
000058a5  SYSCFG_DL_PWM_0_init            
00005c79  SYSCFG_DL_SPI_0_init            
00006121  SYSCFG_DL_SYSCTL_init           
00006151  SYSCFG_DL_init                  
00005ef1  SYSCFG_DL_initPower             
0000547b  SysTick_Handler                 
0000547b  TIMA0_IRQHandler                
0000547b  TIMA1_IRQHandler                
00006329  TIMG0_IRQHandler                
0000547b  TIMG12_IRQHandler               
0000547b  TIMG6_IRQHandler                
0000547b  TIMG7_IRQHandler                
0000547b  TIMG8_IRQHandler                
0000547b  UART0_IRQHandler                
0000547b  UART1_IRQHandler                
0000547b  UART2_IRQHandler                
0000547b  UART3_IRQHandler                
20200f00  _CIOBUF_                        
20200f00  __CIOBUF_                       
20208000  __STACK_END                     
00000200  __STACK_SIZE                    
00000800  __SYSMEM_SIZE                   
00000000  __TI_ATRegion0_region_sz        
00000000  __TI_ATRegion0_src_addr         
00000000  __TI_ATRegion0_trg_addr         
00000000  __TI_ATRegion1_region_sz        
00000000  __TI_ATRegion1_src_addr         
00000000  __TI_ATRegion1_trg_addr         
00000000  __TI_ATRegion2_region_sz        
00000000  __TI_ATRegion2_src_addr         
00000000  __TI_ATRegion2_trg_addr         
00006494  __TI_CINIT_Base                 
000064a4  __TI_CINIT_Limit                
000064a4  __TI_CINIT_Warm                 
00006480  __TI_Handler_Table_Base         
0000648c  __TI_Handler_Table_Limit        
00005fad  __TI_auto_init_nobinit_nopinit  
00006021  __TI_cleanup                    
20201b70  __TI_cleanup_ptr                
0000557d  __TI_closefile                  
00005671  __TI_decompress_lzss            
00006379  __TI_decompress_none            
00005d29  __TI_doflush                    
20201b74  __TI_dtors_ptr                  
20201b78  __TI_ft_end                     
ffffffff  __TI_pprof_out_hndl             
ffffffff  __TI_prof_data_size             
ffffffff  __TI_prof_data_start            
00006055  __TI_readmsg                    
00000000  __TI_static_base__              
202010dc  __TI_tmpnams                    
00006089  __TI_writemsg                   
000059e5  __TI_wrt_ok                     
0000639d  __TI_zero_init                  
00005b0f  __aeabi_idiv0                   
000063c9  __aeabi_memclr                  
000063c9  __aeabi_memclr4                 
000063c9  __aeabi_memclr8                 
000063f5  __aeabi_memcpy                  
000063f5  __aeabi_memcpy4                 
000063f5  __aeabi_memcpy8                 
00005f31  __aeabi_uidiv                   
00005f31  __aeabi_uidivmod                
ffffffff  __binit__                       
UNDEFED   __mpu_init                      
20207e00  __stack                         
20200000  __start___llvm_prf_bits         
20200000  __start___llvm_prf_cnts         
20200000  __stop___llvm_prf_bits          
20200000  __stop___llvm_prf_cnts          
00006251  _c_int00_noargs                 
20201aa8  _device                         
202019b8  _ftable                         
20201b7c  _lock                           
00005d7b  _nop                            
20201b20  _stream                         
202011b8  _sys_memory                     
UNDEFED   _system_post_cinit              
00006411  _system_pre_init                
20201b80  _unlock                         
00006415  abort                           
00004e1d  aligned_alloc                   
00006181  any_button_on                   
ffffffff  binit                           
0000547d  build_encode_lut                
00004cc9  build_frame_from_image          
00006341  button_on                       
00005dcd  close                           
000063eb  delay_cycles                    
000060bd  exit                            
00005fe9  finddevice                      
0000504d  fputs                           
20200000  frame_encoded                   
00005151  free                            
000063fd  fseek                           
00005911  fseeko                          
20201020  gPWM_0Backup                    
2020117c  gSPI_0Backup                    
0000597d  getdevice                       
20201b84  idx                             
20200c00  image_grb                       
00000000  interruptVectors                
202011b4  lfsr                            
00004af5  load_image_rgb                  
00006201  lseek                           
00005cd1  main                            
000063d5  malloc                          
00004e1d  memalign                        
000053e1  memcpy                          
00005aad  memset                          
20201b88  message_len                     
20201b8c  n_repeats                       
202011a4  parmbuf                         
00004661  play_game                       
00006279  puts                            
00005f71  rand                            
00006405  remove                          
20201b90  repeat                          
000056e9  send_frame                      
0000523d  setvbuf                         
00005319  srand                           
20201b94  timerTicked                     
20201b98  transmissionComplete            
202011b0  txPacket                        
000061ad  unlink                          
0000575d  wait3                           
00006229  write                           


GLOBAL SYMBOLS: SORTED BY Symbol Address 

address   name                            
-------   ----                            
00000000  __TI_ATRegion0_region_sz        
00000000  __TI_ATRegion0_src_addr         
00000000  __TI_ATRegion0_trg_addr         
00000000  __TI_ATRegion1_region_sz        
00000000  __TI_ATRegion1_src_addr         
00000000  __TI_ATRegion1_trg_addr         
00000000  __TI_ATRegion2_region_sz        
00000000  __TI_ATRegion2_src_addr         
00000000  __TI_ATRegion2_trg_addr         
00000000  __TI_static_base__              
00000000  interruptVectors                
00000200  __STACK_SIZE                    
00000800  __SYSMEM_SIZE                   
00004661  play_game                       
00004af5  load_image_rgb                  
00004cc9  build_frame_from_image          
00004e1d  aligned_alloc                   
00004e1d  memalign                        
00004f49  DL_Timer_initFourCCPWMMode      
0000504d  fputs                           
00005151  free                            
0000523d  setvbuf                         
00005319  srand                           
000053e1  memcpy                          
0000547b  ADC0_IRQHandler                 
0000547b  ADC1_IRQHandler                 
0000547b  AES_IRQHandler                  
0000547b  CANFD0_IRQHandler               
0000547b  DAC0_IRQHandler                 
0000547b  DMA_IRQHandler                  
0000547b  Default_Handler                 
0000547b  GROUP0_IRQHandler               
0000547b  GROUP1_IRQHandler               
0000547b  HardFault_Handler               
0000547b  I2C0_IRQHandler                 
0000547b  I2C1_IRQHandler                 
0000547b  NMI_Handler                     
0000547b  PendSV_Handler                  
0000547b  RTC_IRQHandler                  
0000547b  SPI1_IRQHandler                 
0000547b  SVC_Handler                     
0000547b  SysTick_Handler                 
0000547b  TIMA0_IRQHandler                
0000547b  TIMA1_IRQHandler                
0000547b  TIMG12_IRQHandler               
0000547b  TIMG6_IRQHandler                
0000547b  TIMG7_IRQHandler                
0000547b  TIMG8_IRQHandler                
0000547b  UART0_IRQHandler                
0000547b  UART1_IRQHandler                
0000547b  UART2_IRQHandler                
0000547b  UART3_IRQHandler                
0000547d  build_encode_lut                
00005501  GenerateRandomNumber            
0000557d  __TI_closefile                  
000055f9  SPI0_IRQHandler                 
00005671  __TI_decompress_lzss            
000056e9  send_frame                      
0000575d  wait3                           
000057cd  HOSTlseek                       
00005839  HOSTrename                      
000058a5  SYSCFG_DL_PWM_0_init            
00005911  fseeko                          
0000597d  getdevice                       
000059e5  __TI_wrt_ok                     
00005aad  memset                          
00005b0f  __aeabi_idiv0                   
00005b11  HOSTopen                        
00005b71  HOSTread                        
00005bc9  HOSTwrite                       
00005c21  InitializeTimerG0               
00005c79  SYSCFG_DL_SPI_0_init            
00005cd1  main                            
00005d29  __TI_doflush                    
00005d7b  _nop                            
00005d7d  InitializeGPIO                  
00005dcd  close                           
00005e1d  HOSTclose                       
00005e65  HOSTunlink                      
00005ead  DL_SPI_init                     
00005ef1  SYSCFG_DL_initPower             
00005f31  __aeabi_uidiv                   
00005f31  __aeabi_uidivmod                
00005f71  rand                            
00005fad  __TI_auto_init_nobinit_nopinit  
00005fe9  finddevice                      
00006021  __TI_cleanup                    
00006055  __TI_readmsg                    
00006089  __TI_writemsg                   
000060b5  C$$IO$$                         
000060bd  exit                            
000060f1  InitializeProcessor             
00006121  SYSCFG_DL_SYSCTL_init           
00006151  SYSCFG_DL_init                  
00006181  any_button_on                   
000061ad  unlink                          
00006201  lseek                           
00006229  write                           
00006251  _c_int00_noargs                 
00006279  puts                            
0000629d  SYSCFG_DL_GPIO_init             
000062bd  DL_Timer_setCaptCompUpdateMethod
000062d9  DL_Timer_setClockConfig         
00006311  DL_Timer_setCaptureCompareOutCtl
00006329  TIMG0_IRQHandler                
00006341  button_on                       
00006355  DL_SPI_setClockConfig           
00006379  __TI_decompress_none            
0000638d  DL_Timer_setCaptureCompareValue 
0000639d  __TI_zero_init                  
000063c9  __aeabi_memclr                  
000063c9  __aeabi_memclr4                 
000063c9  __aeabi_memclr8                 
000063d5  malloc                          
000063e1  DL_Common_delayCycles           
000063eb  delay_cycles                    
000063f5  __aeabi_memcpy                  
000063f5  __aeabi_memcpy4                 
000063f5  __aeabi_memcpy8                 
000063fd  fseek                           
00006405  remove                          
0000640d  Reset_Handler                   
00006411  _system_pre_init                
00006414  C$$EXIT                         
00006415  abort                           
00006480  __TI_Handler_Table_Base         
0000648c  __TI_Handler_Table_Limit        
00006494  __TI_CINIT_Base                 
000064a4  __TI_CINIT_Limit                
000064a4  __TI_CINIT_Warm                 
20200000  __start___llvm_prf_bits         
20200000  __start___llvm_prf_cnts         
20200000  __stop___llvm_prf_bits          
20200000  __stop___llvm_prf_cnts          
20200000  frame_encoded                   
20200900  ENC                             
20200c00  image_grb                       
20200f00  _CIOBUF_                        
20200f00  __CIOBUF_                       
20201020  gPWM_0Backup                    
202010dc  __TI_tmpnams                    
2020117c  gSPI_0Backup                    
202011a4  parmbuf                         
202011b0  txPacket                        
202011b4  lfsr                            
202011b8  _sys_memory                     
202019b8  _ftable                         
20201aa8  _device                         
20201b20  _stream                         
20201b70  __TI_cleanup_ptr                
20201b74  __TI_dtors_ptr                  
20201b78  __TI_ft_end                     
20201b7c  _lock                           
20201b80  _unlock                         
20201b84  idx                             
20201b88  message_len                     
20201b8c  n_repeats                       
20201b90  repeat                          
20201b94  timerTicked                     
20201b98  transmissionComplete            
20207e00  __stack                         
20208000  __STACK_END                     
ffffffff  __TI_pprof_out_hndl             
ffffffff  __TI_prof_data_size             
ffffffff  __TI_prof_data_start            
ffffffff  __binit__                       
ffffffff  binit                           
UNDEFED   __mpu_init                      
UNDEFED   _system_post_cinit              

[169 symbols]
