******************************************************************************
            TI ARM Clang Linker Unix v3.2.1                    
******************************************************************************
>> Linked Fri Aug  1 13:45:10 2025

OUTPUT FILE NAME:   <neopixel-proof-of-concept.out>
ENTRY POINT SYMBOL: "_c_int00_noargs"  address: 000005fd


MEMORY CONFIGURATION

         name            origin    length      used     unused   attr    fill
----------------------  --------  ---------  --------  --------  ----  --------
  FLASH                 00000000   00020000  00000758  0001f8a8  R  X
  SRAM                  20200000   00008000  00000310  00007cf0  RW X
  BCR_CONFIG            41c00000   00000080  00000000  00000080  R   
  BSL_CONFIG            41c00100   00000080  00000000  00000080  R   


SEGMENT ALLOCATION MAP

run origin  load origin   length   init length attrs members
----------  ----------- ---------- ----------- ----- -------
00000000    00000000    00000758   00000758    r-x
  00000000    00000000    000000c0   000000c0    r-- .intvecs
  000000c0    000000c0    00000640   00000640    r-x .text
  00000700    00000700    00000018   00000018    r-- .rodata
  00000718    00000718    00000040   00000040    r-- .cinit
20200000    20200000    00000110   00000000    rw-
  20200000    20200000    000000e8   00000000    rw- .bss
  202000e8    202000e8    00000028   00000000    rw- .data
20207e00    20207e00    00000200   00000000    rw-
  20207e00    20207e00    00000200   00000000    rw- .stack


SECTION ALLOCATION MAP

 output                                  attributes/
section   page    origin      length       input sections
--------  ----  ----------  ----------   ----------------
.intvecs   0    00000000    000000c0     
                  00000000    000000c0     startup_mspm0g350x_ticlang.o (.intvecs)

.text      0    000000c0    00000640     
                  000000c0    00000104     driverlib.a : dl_timer.o (.text.DL_Timer_initFourCCPWMMode)
                  000001c4    000000cc     main.o (.text.main)
                  00000290    0000009a     libc.a : memcpy16.S.obj (.text:memcpy)
                  0000032a    00000002     startup_mspm0g350x_ticlang.o (.text.Default_Handler)
                  0000032c    00000078     libc.a : copy_decompress_lzss.c.obj (.text:decompress:lzss)
                  000003a4    00000074     main.o (.text.SPI0_IRQHandler)
                  00000418    0000006c     ti_msp_dl_config.o (.text.SYSCFG_DL_PWM_0_init)
                  00000484    00000058     ti_msp_dl_config.o (.text.SYSCFG_DL_SPI_0_init)
                  000004dc    00000044     driverlib.a : dl_spi.o (.text.DL_SPI_init)
                  00000520    00000040     ti_msp_dl_config.o (.text.SYSCFG_DL_initPower)
                  00000560    0000003c     libc.a : autoinit.c.obj (.text:__TI_auto_init_nobinit_nopinit)
                  0000059c    00000030     ti_msp_dl_config.o (.text.SYSCFG_DL_SYSCTL_init)
                  000005cc    00000030     ti_msp_dl_config.o (.text.SYSCFG_DL_init)
                  000005fc    00000028     libc.a : boot_cortex_m.c.obj (.text:_c_int00_noargs)
                  00000624    00000020     ti_msp_dl_config.o (.text.SYSCFG_DL_GPIO_init)
                  00000644    0000001c     driverlib.a : dl_timer.o (.text.DL_Timer_setCaptCompUpdateMethod)
                  00000660    0000001c                 : dl_timer.o (.text.DL_Timer_setClockConfig)
                  0000067c    00000018                 : dl_timer.o (.text.DL_Timer_setCaptureCompareOutCtl)
                  00000694    00000016     libc.a : copy_zero_init.c.obj (.text:decompress:ZI:__TI_zero_init_nomemset)
                  000006aa    00000012     driverlib.a : dl_spi.o (.text.DL_SPI_setClockConfig)
                  000006bc    00000012     libc.a : copy_decompress_none.c.obj (.text:decompress:none)
                  000006ce    00000002     --HOLE-- [fill = 0]
                  000006d0    00000010     driverlib.a : dl_timer.o (.text.DL_Timer_setCaptureCompareValue)
                  000006e0    0000000a                 : dl_common.o (.text.DL_Common_delayCycles)
                  000006ea    00000002     --HOLE-- [fill = 0]
                  000006ec    00000008     libclang_rt.builtins.a : aeabi_memcpy.S.obj (.text.__aeabi_memcpy)
                  000006f4    00000004     startup_mspm0g350x_ticlang.o (.text.Reset_Handler)
                  000006f8    00000004     libc.a : pre_init.c.obj (.text._system_pre_init)
                  000006fc    00000004            : exit.c.obj (.text:abort)

.cinit     0    00000718    00000040     
                  00000718    00000019     (.cinit..data.load) [load image, compression = lzss]
                  00000731    00000003     --HOLE-- [fill = 0]
                  00000734    0000000c     (__TI_handler_table)
                  00000740    00000008     (.cinit..bss.load) [load image, compression = zero_init]
                  00000748    00000010     (__TI_cinit_table)

.rodata    0    00000700    00000018     
                  00000700    0000000a     ti_msp_dl_config.o (.rodata.gSPI_0_config)
                  0000070a    00000002     ti_msp_dl_config.o (.rodata.gSPI_0_clockConfig)
                  0000070c    00000008     ti_msp_dl_config.o (.rodata.gPWM_0Config)
                  00000714    00000003     ti_msp_dl_config.o (.rodata.gPWM_0ClockConfig)
                  00000717    00000001     --HOLE-- [fill = 0]

.init_array 
*          0    00000000    00000000     UNINITIALIZED

.binit     0    00000000    00000000     

.bss       0    20200000    000000e8     UNINITIALIZED
                  20200000    000000bc     (.common:gPWM_0Backup)
                  202000bc    00000028     (.common:gSPI_0Backup)
                  202000e4    00000004     (.common:txPacket)

.data      0    202000e8    00000028     UNINITIALIZED
                  202000e8    00000009     main.o (.data.offTxPacket)
                  202000f1    00000009     main.o (.data.onTxPacket)
                  202000fa    00000002     --HOLE--
                  202000fc    00000004     main.o (.data.idx)
                  20200100    00000004     main.o (.data.message_len)
                  20200104    00000004     main.o (.data.n_repeats)
                  20200108    00000004     main.o (.data.repeat)
                  2020010c    00000004     main.o (.data.transmissionComplete)

.stack     0    20207e00    00000200     UNINITIALIZED
                  20207e00    00000004     libc.a : boot_cortex_m.c.obj (.stack)
                  20207e04    000001fc     --HOLE--

__llvm_prf_cnts 
*          0    20200000    00000000     UNINITIALIZED

__llvm_prf_bits 
*          0    20200000    00000000     UNINITIALIZED

MODULE SUMMARY

       Module                         code   ro data   rw data
       ------                         ----   -------   -------
    ./
       ti_msp_dl_config.o             388    23        228    
       main.o                         320    0         42     
       startup_mspm0g350x_ticlang.o   6      192       0      
    +--+------------------------------+------+---------+---------+
       Total:                         714    215       270    
                                                              
    /Applications/ti/ccs1281/ccs/tools/compiler/ti-cgt-armllvm_3.2.1.LTS/lib/armv6m-ti-none-eabi/c/libc.a
       memcpy16.S.obj                 154    0         0      
       copy_decompress_lzss.c.obj     120    0         0      
       autoinit.c.obj                 60     0         0      
       boot_cortex_m.c.obj            40     0         0      
       copy_zero_init.c.obj           22     0         0      
       copy_decompress_none.c.obj     18     0         0      
       exit.c.obj                     4      0         0      
       pre_init.c.obj                 4      0         0      
    +--+------------------------------+------+---------+---------+
       Total:                         422    0         0      
                                                              
    /Applications/ti/ccs1281/ccs/tools/compiler/ti-cgt-armllvm_3.2.1.LTS/lib/clang/15.0.7/lib/armv6m-ti-none-eabi/libclang_rt.builtins.a
       aeabi_memcpy.S.obj             8      0         0      
    +--+------------------------------+------+---------+---------+
       Total:                         8      0         0      
                                                              
    /Users/reneewrysinski/ti/mspm0_sdk_2_03_00_07/source/ti/driverlib/lib/ticlang/m0p/mspm0g1x0x_g3x0x/driverlib.a
       dl_timer.o                     356    0         0      
       dl_spi.o                       86     0         0      
       dl_common.o                    10     0         0      
    +--+------------------------------+------+---------+---------+
       Total:                         452    0         0      
                                                              
       Stack:                         0      0         512    
       Linker Generated:              0      61        0      
    +--+------------------------------+------+---------+---------+
       Grand Total:                   1596   276       782    


LINKER GENERATED COPY TABLES

__TI_cinit_table @ 00000748 records: 2, size/record: 8, table size: 16
	.data: load addr=00000718, load size=00000019 bytes, run addr=202000e8, run size=00000028 bytes, compression=lzss
	.bss: load addr=00000740, load size=00000008 bytes, run addr=20200000, run size=000000e8 bytes, compression=zero_init


LINKER GENERATED HANDLER TABLE

__TI_handler_table @ 00000734 records: 3, size/record: 4, table size: 12
	index: 0, handler: __TI_decompress_lzss
	index: 1, handler: __TI_decompress_none
	index: 2, handler: __TI_zero_init


GLOBAL SYMBOLS: SORTED ALPHABETICALLY BY Name 

address   name                            
-------   ----                            
0000032b  ADC0_IRQHandler                 
0000032b  ADC1_IRQHandler                 
0000032b  AES_IRQHandler                  
000006fc  C$$EXIT                         
0000032b  CANFD0_IRQHandler               
0000032b  DAC0_IRQHandler                 
000006e1  DL_Common_delayCycles           
000004dd  DL_SPI_init                     
000006ab  DL_SPI_setClockConfig           
000000c1  DL_Timer_initFourCCPWMMode      
00000645  DL_Timer_setCaptCompUpdateMethod
0000067d  DL_Timer_setCaptureCompareOutCtl
000006d1  DL_Timer_setCaptureCompareValue 
00000661  DL_Timer_setClockConfig         
0000032b  DMA_IRQHandler                  
0000032b  Default_Handler                 
0000032b  GROUP0_IRQHandler               
0000032b  GROUP1_IRQHandler               
0000032b  HardFault_Handler               
0000032b  I2C0_IRQHandler                 
0000032b  I2C1_IRQHandler                 
0000032b  NMI_Handler                     
0000032b  PendSV_Handler                  
0000032b  RTC_IRQHandler                  
000006f5  Reset_Handler                   
000003a5  SPI0_IRQHandler                 
0000032b  SPI1_IRQHandler                 
0000032b  SVC_Handler                     
00000625  SYSCFG_DL_GPIO_init             
00000419  SYSCFG_DL_PWM_0_init            
00000485  SYSCFG_DL_SPI_0_init            
0000059d  SYSCFG_DL_SYSCTL_init           
000005cd  SYSCFG_DL_init                  
00000521  SYSCFG_DL_initPower             
0000032b  SysTick_Handler                 
0000032b  TIMA0_IRQHandler                
0000032b  TIMA1_IRQHandler                
0000032b  TIMG0_IRQHandler                
0000032b  TIMG12_IRQHandler               
0000032b  TIMG6_IRQHandler                
0000032b  TIMG7_IRQHandler                
0000032b  TIMG8_IRQHandler                
0000032b  UART0_IRQHandler                
0000032b  UART1_IRQHandler                
0000032b  UART2_IRQHandler                
0000032b  UART3_IRQHandler                
20208000  __STACK_END                     
00000200  __STACK_SIZE                    
00000000  __TI_ATRegion0_region_sz        
00000000  __TI_ATRegion0_src_addr         
00000000  __TI_ATRegion0_trg_addr         
00000000  __TI_ATRegion1_region_sz        
00000000  __TI_ATRegion1_src_addr         
00000000  __TI_ATRegion1_trg_addr         
00000000  __TI_ATRegion2_region_sz        
00000000  __TI_ATRegion2_src_addr         
00000000  __TI_ATRegion2_trg_addr         
00000748  __TI_CINIT_Base                 
00000758  __TI_CINIT_Limit                
00000758  __TI_CINIT_Warm                 
00000734  __TI_Handler_Table_Base         
00000740  __TI_Handler_Table_Limit        
00000561  __TI_auto_init_nobinit_nopinit  
0000032d  __TI_decompress_lzss            
000006bd  __TI_decompress_none            
ffffffff  __TI_pprof_out_hndl             
ffffffff  __TI_prof_data_size             
ffffffff  __TI_prof_data_start            
00000000  __TI_static_base__              
00000695  __TI_zero_init_nomemset         
000006ed  __aeabi_memcpy                  
000006ed  __aeabi_memcpy4                 
000006ed  __aeabi_memcpy8                 
ffffffff  __binit__                       
UNDEFED   __mpu_init                      
20207e00  __stack                         
20200000  __start___llvm_prf_bits         
20200000  __start___llvm_prf_cnts         
20200000  __stop___llvm_prf_bits          
20200000  __stop___llvm_prf_cnts          
000005fd  _c_int00_noargs                 
UNDEFED   _system_post_cinit              
000006f9  _system_pre_init                
000006fd  abort                           
ffffffff  binit                           
20200000  gPWM_0Backup                    
202000bc  gSPI_0Backup                    
202000fc  idx                             
00000000  interruptVectors                
000001c5  main                            
00000291  memcpy                          
20200100  message_len                     
20200104  n_repeats                       
202000e8  offTxPacket                     
202000f1  onTxPacket                      
20200108  repeat                          
2020010c  transmissionComplete            
202000e4  txPacket                        


GLOBAL SYMBOLS: SORTED BY Symbol Address 

address   name                            
-------   ----                            
00000000  __TI_ATRegion0_region_sz        
00000000  __TI_ATRegion0_src_addr         
00000000  __TI_ATRegion0_trg_addr         
00000000  __TI_ATRegion1_region_sz        
00000000  __TI_ATRegion1_src_addr         
00000000  __TI_ATRegion1_trg_addr         
00000000  __TI_ATRegion2_region_sz        
00000000  __TI_ATRegion2_src_addr         
00000000  __TI_ATRegion2_trg_addr         
00000000  __TI_static_base__              
00000000  interruptVectors                
000000c1  DL_Timer_initFourCCPWMMode      
000001c5  main                            
00000200  __STACK_SIZE                    
00000291  memcpy                          
0000032b  ADC0_IRQHandler                 
0000032b  ADC1_IRQHandler                 
0000032b  AES_IRQHandler                  
0000032b  CANFD0_IRQHandler               
0000032b  DAC0_IRQHandler                 
0000032b  DMA_IRQHandler                  
0000032b  Default_Handler                 
0000032b  GROUP0_IRQHandler               
0000032b  GROUP1_IRQHandler               
0000032b  HardFault_Handler               
0000032b  I2C0_IRQHandler                 
0000032b  I2C1_IRQHandler                 
0000032b  NMI_Handler                     
0000032b  PendSV_Handler                  
0000032b  RTC_IRQHandler                  
0000032b  SPI1_IRQHandler                 
0000032b  SVC_Handler                     
0000032b  SysTick_Handler                 
0000032b  TIMA0_IRQHandler                
0000032b  TIMA1_IRQHandler                
0000032b  TIMG0_IRQHandler                
0000032b  TIMG12_IRQHandler               
0000032b  TIMG6_IRQHandler                
0000032b  TIMG7_IRQHandler                
0000032b  TIMG8_IRQHandler                
0000032b  UART0_IRQHandler                
0000032b  UART1_IRQHandler                
0000032b  UART2_IRQHandler                
0000032b  UART3_IRQHandler                
0000032d  __TI_decompress_lzss            
000003a5  SPI0_IRQHandler                 
00000419  SYSCFG_DL_PWM_0_init            
00000485  SYSCFG_DL_SPI_0_init            
000004dd  DL_SPI_init                     
00000521  SYSCFG_DL_initPower             
00000561  __TI_auto_init_nobinit_nopinit  
0000059d  SYSCFG_DL_SYSCTL_init           
000005cd  SYSCFG_DL_init                  
000005fd  _c_int00_noargs                 
00000625  SYSCFG_DL_GPIO_init             
00000645  DL_Timer_setCaptCompUpdateMethod
00000661  DL_Timer_setClockConfig         
0000067d  DL_Timer_setCaptureCompareOutCtl
00000695  __TI_zero_init_nomemset         
000006ab  DL_SPI_setClockConfig           
000006bd  __TI_decompress_none            
000006d1  DL_Timer_setCaptureCompareValue 
000006e1  DL_Common_delayCycles           
000006ed  __aeabi_memcpy                  
000006ed  __aeabi_memcpy4                 
000006ed  __aeabi_memcpy8                 
000006f5  Reset_Handler                   
000006f9  _system_pre_init                
000006fc  C$$EXIT                         
000006fd  abort                           
00000734  __TI_Handler_Table_Base         
00000740  __TI_Handler_Table_Limit        
00000748  __TI_CINIT_Base                 
00000758  __TI_CINIT_Limit                
00000758  __TI_CINIT_Warm                 
20200000  __start___llvm_prf_bits         
20200000  __start___llvm_prf_cnts         
20200000  __stop___llvm_prf_bits          
20200000  __stop___llvm_prf_cnts          
20200000  gPWM_0Backup                    
202000bc  gSPI_0Backup                    
202000e4  txPacket                        
202000e8  offTxPacket                     
202000f1  onTxPacket                      
202000fc  idx                             
20200100  message_len                     
20200104  n_repeats                       
20200108  repeat                          
2020010c  transmissionComplete            
20207e00  __stack                         
20208000  __STACK_END                     
ffffffff  __TI_pprof_out_hndl             
ffffffff  __TI_prof_data_size             
ffffffff  __TI_prof_data_start            
ffffffff  __binit__                       
ffffffff  binit                           
UNDEFED   __mpu_init                      
UNDEFED   _system_post_cinit              

[98 symbols]
